2023/01/16 12:39:36.476896 [INFO] 
                                       MMMMM
                                      M8NO  +M
                                    NO       M         ,MM
                                    MM     ?MN,   D8MMMO  :NMM
                               :MZ            ZM  MZ            NM,  M
                              M,          :M   MMN            DMMN M  ~
                             M        8MMM M  M,    7O: :M, M+     N:
                            M  =NMZ M     ,M8 M    ,O     MM   :    M
                            D  DM   M    $8        I= MM  $M   7    M
                           Z~ M M  O 8   8          M     N MM    DM
                           8, O    MM    M           :MM8,     ,, MMD
                           O:       M    87MMO ,  MM~                ,M,
                           I=O  M   M   M        M                     M
                           :M   M   N   M N,     M                    M~
                           :M  ?~  N    8I+  M    MMMMMMMMMMMMMMMOM? 7,
                            M  ++  M   8MZ7  M     M                MM
                            M   D  M  N   N   M,    ND          DM8,
                            M   M  M M~M               DMNM88= 8,
                            M    8  ?M?       M                 M~
                            M      N~8       ?$    :             M
                            NN      M     M  M     M             8:
                            D M    M   DDM   M     M               M,
                            D     ,D  D?M    N     M                 ND
                            M     M  ,O8$   ,7     M    M    M         M~
                            NN  8IO  M M    I=     =    M    M          ,M
                                 M  M                   M    M I          M
                                ~M ?8                 M M    M +M   MM     N
        N+I8MMM~                MM M ,      M         M D    M   M   MON   ~$
        M       NM              M8   M      O     D   M Z+  M:    M,  M M   M
         ,MMMD    88            8M   N     M      M         M      ~M  M M+  M
               7M, MI          +ZM  M      M      M        I$ $NI    M ,O M8 ?O
                 ?N M          I:   M      M       8       M     ,    M M     M
                  M +?         8,          N       M       N    :MMMMM7D M    M
                   D M         8,                  N,     ,$   M       M 8    8:
                   N,D,        ?:    =MMMMMZ               D  M         M  M  8ZMM
                    M ND       :Z=MO,                      N    MM8ZN8  M  M  M+ ,:~MMM 8~
                     M  DMMMMMNZ             D    ~MM        :MM        M   M MM    MNMM M
                     $7           DMMZZNOMMNMZ       M     =M       MZ  :7 MM   MM$ M8   N$ M
                       MO      MMZ        Z                +   ,MMD   +  D M~8  N  M       M
                          ?I=    D         8                        ,NMMMMO MM M 8  M     ID
                                  8        D                     MN,     M  ~,  MM       8N
     ,MNZ,  ,8MM         :~ZMMM,  :8       D                   8         ,M      N
   88           :M   M+         M  ,D       D                $            M      M
  M:       M      M ,7           D  8N$     8~             :D             M      M ?M,
  M    7   M      M M   +MM?     M ,8  D8    D=          ,D              Z?     ,O
  $I~ ~?  Z8     M  M      M     M 7+  M  :,   D$      8Z  M? M          M$D+M  7M?
   Z:  MMN       N, M     M?     M D   M          =$~   M :+  D,      NMMMMM OMM  MM          MMM
   O:           :M $Z    D8      M M   M          M     M O:  N      M     ,O     M M        M   N
   $~          M:  M  D  DM      O N   M   MM     M    :N M   M     +7      M     M  M       D   D
   ~=  MNMMMM8    D: $     M    ?Z M   D   M M    M    M  M   M     M M M   7,    M   M     D~   7=
   ~I     M       N  O     :$   N  M   D   8 Z=   M   M~  M   M     Z   N    M    M   D,    M    Z
    M     M      M   D     $~   M  M   N   M  M   M   M   Z   M    M         D    M    N    M    M
    M     M      O   M     M    M  M   M  M     ,M   Z7  N~   N    M  NM     M    N    M    M    M
 M  M     M     M    M     D    M  M   MMM   M M     M   M    M    N M  N    M   7$     D   M    M
  MMM7  MN     O$   M     M    N   M          +      M   M    $   N +I  ~+   M   M  ,   M   M    M
                MMM+      M    M   M       M,        N   M   O=   M M   ~?   M   M M~NN  M  8    M
                           N  $$   7M      M+       D    8   M    M M   D,   M   M M  M  ,N 8    D
                            D8:     M      OM      MN    D   M  , M M   M    M   O $  +~  $MZ    D
                                     :M88DM  N +MM+      MMM$M  N~+~N   D,   M  :8  D  M         N
                                                                 MMM     M   M  Z=  M  M         D

//************************************************************************//
//									  //
//  Copyright 2013 Bertram Kopf (bertram@ep1.rub.de)			  //
//  	      	   Julian Pychy (julian@ep1.rub.de)			  //
//          	   - Ruhr-Universität Bochum 				  //
//									  //
//  Pawian is free software: you can redistribute it and/or modify	  //
//  it under the terms of the GNU General Public License as published by  //
//  the Free Software Foundation, either version 3 of the License, or 	  //
//  (at your option) any later version.	 	      	  	   	  //
//									  //
//  Pawian is distributed in the hope that it will be useful,		  //
//  but WITHOUT ANY WARRANTY; without even the implied warranty of	  //
//  MERCHANTABILITY or FITNESS FOR A PARTICULAR PURPOSE.  See the	  //
//  GNU General Public License for more details.	      		  //
//									  //
//  You should have received a copy of the GNU General Public License     //
//  along with Pawian.  If not, see <http://www.gnu.org/licenses/>.	  //
//									  //
//************************************************************************//

   
2023/01/16 12:39:36.476943 [INFO] Compiled Dec 21 2022 13:15:47
2023/01/16 12:39:36.476948 [INFO] Hostname: pc70
2023/01/16 12:39:36.478161 [WARN] ConfigParser/ParserBase.cc line 297: multithreading is not supported anymore!!! Reset noOfThreads from 2 to 1
2023/01/16 12:39:36.480731 [INFO] initial4Vec: {Rank = 1 ( 2.2384,0,0,0.9) } 
2023/01/16 12:39:36.480744 [INFO] projectile4Vec: {Rank = 1 ( 1.30013,0,0,0.9) } 
2023/01/16 12:39:36.481480 [INFO] 
The spins of the final state particles are:
2023/01/16 12:39:36.481491 [INFO] pion0A : 0
2023/01/16 12:39:36.481495 [INFO] pion0B : 0
2023/01/16 12:39:36.481498 [INFO] eta : 0
2023/01/16 12:39:36.481501 [INFO] 
current projection is:
2023/01/16 12:39:36.481505 [INFO] 0	lambda: 0
2023/01/16 12:39:36.481509 [INFO] 0	lambda: 0
2023/01/16 12:39:36.481512 [INFO] 0	lambda: 0

JPCLS amplitudes for decay	f2(1270)Topion0A_pion0B:
suffix for fit parameter name:	f2(1270)Topion0A_pion0B
JPC=2++	L,S=2,0	preFactorLS=0


2023/01/16 12:39:36.481585 [INFO] added decay f2(1270)Topion0A_pion0B to decay list

JPCLS amplitudes for decay	a2(1320)0ATopion0A_eta:
suffix for fit parameter name:	a2(1320)0ATopion0A_eta
JPC=2++	L,S=2,0	preFactorLS=0


2023/01/16 12:39:36.481601 [INFO] added decay a2(1320)0ATopion0A_eta to decay list

JPCLS amplitudes for decay	a2(1320)0BTopion0B_eta:
suffix for fit parameter name:	a2(1320)0BTopion0B_eta
JPC=2++	L,S=2,0	preFactorLS=0


2023/01/16 12:39:36.481616 [INFO] added decay a2(1320)0BTopion0B_eta to decay list

***ProdChannelInfo***
particle1: f2(1270)	particle2: eta
with production barrier: 0

***ProdChannelInfo***
particle1: a2(1320)0B	particle2: pion0A
with production barrier: 0

***ProdChannelInfo***
particle1: a2(1320)0A	particle2: pion0B
with production barrier: 0
2023/01/16 12:39:36.481843 [WARN] PwaUtils/DataUtils.cc line 139: G-Parity not valid and no LS amplitudes considered for
 JPG= 0 -1 -1 -->  JPG= 2 1 1 and  JPG= 0 -1 1
2023/01/16 12:39:36.481850 [WARN] PwaUtils/DataUtils.cc line 139: G-Parity not valid and no LS amplitudes considered for
 JPG= 0 -1 -1 -->  JPG= 2 1 1 and  JPG= 0 -1 1
2023/01/16 12:39:36.481855 [WARN] PwaUtils/DataUtils.cc line 139: G-Parity not valid and no LS amplitudes considered for
 JPG= 0 -1 -1 -->  JPG= 2 1 1 and  JPG= 0 -1 1
2023/01/16 12:39:36.481867 [INFO] Skip amplitude I1G-1J0P-1C1Tof2(1270)_eta	JPCLSAmps().size(): 0	isospinCG(): 0
a2(1320)0B	mass=1.318+0-0	width=0.107+0-0	3*q=0	2*J=4	P=1	p=-2	C=1	c=-2	G=-2	theGParity=-1	2*I=2	2*I3=0	charm=0	strange=0
pion0A	mass=0.13498+0-0	width=0.0001+0-0	3*q=0	2*J=0	P=-1	p=-2	C=1	c=-2	G=-2	theGParity=-1	2*I=2	2*I3=0	charm=0	strange=0
2023/01/16 12:39:36.481913 [WARN] PwaUtils/DataUtils.cc line 139: G-Parity not valid and no LS amplitudes considered for
 JPG= 0 -1 -1 -->  JPG= 2 1 -1 and  JPG= 0 -1 -1
2023/01/16 12:39:36.481918 [WARN] PwaUtils/DataUtils.cc line 139: G-Parity not valid and no LS amplitudes considered for
 JPG= 0 -1 -1 -->  JPG= 2 1 -1 and  JPG= 0 -1 -1
2023/01/16 12:39:36.481922 [WARN] PwaUtils/DataUtils.cc line 139: G-Parity not valid and no LS amplitudes considered for
 JPG= 0 -1 -1 -->  JPG= 2 1 -1 and  JPG= 0 -1 -1
2023/01/16 12:39:36.481926 [INFO] Skip amplitude I1G-1J0P-1C1Toa2(1320)0B_pion0A	JPCLSAmps().size(): 0	isospinCG(): 0
a2(1320)0A	mass=1.318+0-0	width=0.107+0-0	3*q=0	2*J=4	P=1	p=-2	C=1	c=-2	G=-2	theGParity=-1	2*I=2	2*I3=0	charm=0	strange=0
pion0B	mass=0.13498+0-0	width=0.0001+0-0	3*q=0	2*J=0	P=-1	p=-2	C=1	c=-2	G=-2	theGParity=-1	2*I=2	2*I3=0	charm=0	strange=0
2023/01/16 12:39:36.481951 [WARN] PwaUtils/DataUtils.cc line 139: G-Parity not valid and no LS amplitudes considered for
 JPG= 0 -1 -1 -->  JPG= 2 1 -1 and  JPG= 0 -1 -1
2023/01/16 12:39:36.481956 [WARN] PwaUtils/DataUtils.cc line 139: G-Parity not valid and no LS amplitudes considered for
 JPG= 0 -1 -1 -->  JPG= 2 1 -1 and  JPG= 0 -1 -1
2023/01/16 12:39:36.481960 [WARN] PwaUtils/DataUtils.cc line 139: G-Parity not valid and no LS amplitudes considered for
 JPG= 0 -1 -1 -->  JPG= 2 1 -1 and  JPG= 0 -1 -1
2023/01/16 12:39:36.481964 [INFO] Skip amplitude I1G-1J0P-1C1Toa2(1320)0A_pion0B	JPCLSAmps().size(): 0	isospinCG(): 0
f2(1270)	mass=1.275+0-0	width=0.185+0-0	3*q=0	2*J=4	P=1	p=-2	C=1	c=-2	G=-2	theGParity=1	2*I=0	2*I3=0	charm=0	strange=0
eta	mass=0.547+0.01-0.01	width=0.0001+0-0	3*q=0	2*J=0	P=-1	p=-2	C=1	c=-2	G=-2	theGParity=1	2*I=0	2*I3=0	charm=0	strange=0
2023/01/16 12:39:36.481988 [INFO] Skip amplitude I0G1J0P1C1Tof2(1270)_eta	JPCLSAmps().size(): 0	isospinCG(): 1
a2(1320)0B	mass=1.318+0-0	width=0.107+0-0	3*q=0	2*J=4	P=1	p=-2	C=1	c=-2	G=-2	theGParity=-1	2*I=2	2*I3=0	charm=0	strange=0
pion0A	mass=0.13498+0-0	width=0.0001+0-0	3*q=0	2*J=0	P=-1	p=-2	C=1	c=-2	G=-2	theGParity=-1	2*I=2	2*I3=0	charm=0	strange=0
2023/01/16 12:39:36.482012 [INFO] Skip amplitude I0G1J0P1C1Toa2(1320)0B_pion0A	JPCLSAmps().size(): 0	isospinCG(): -0.57735
a2(1320)0A	mass=1.318+0-0	width=0.107+0-0	3*q=0	2*J=4	P=1	p=-2	C=1	c=-2	G=-2	theGParity=-1	2*I=2	2*I3=0	charm=0	strange=0
pion0B	mass=0.13498+0-0	width=0.0001+0-0	3*q=0	2*J=0	P=-1	p=-2	C=1	c=-2	G=-2	theGParity=-1	2*I=2	2*I3=0	charm=0	strange=0
2023/01/16 12:39:36.482035 [INFO] Skip amplitude I0G1J0P1C1Toa2(1320)0A_pion0B	JPCLSAmps().size(): 0	isospinCG(): -0.57735
f2(1270)	mass=1.275+0-0	width=0.185+0-0	3*q=0	2*J=4	P=1	p=-2	C=1	c=-2	G=-2	theGParity=1	2*I=0	2*I3=0	charm=0	strange=0
eta	mass=0.547+0.01-0.01	width=0.0001+0-0	3*q=0	2*J=0	P=-1	p=-2	C=1	c=-2	G=-2	theGParity=1	2*I=0	2*I3=0	charm=0	strange=0
2023/01/16 12:39:36.482058 [WARN] PwaUtils/DataUtils.cc line 139: G-Parity not valid and no LS amplitudes considered for
 JPG= 0 1 -1 -->  JPG= 2 1 1 and  JPG= 0 -1 1
2023/01/16 12:39:36.482063 [WARN] PwaUtils/DataUtils.cc line 139: G-Parity not valid and no LS amplitudes considered for
 JPG= 0 1 -1 -->  JPG= 2 1 1 and  JPG= 0 -1 1
2023/01/16 12:39:36.482067 [WARN] PwaUtils/DataUtils.cc line 139: G-Parity not valid and no LS amplitudes considered for
 JPG= 0 1 -1 -->  JPG= 2 1 1 and  JPG= 0 -1 1
2023/01/16 12:39:36.482070 [INFO] Skip amplitude I1G-1J0P1C1Tof2(1270)_eta	JPCLSAmps().size(): 0	isospinCG(): 0
a2(1320)0B	mass=1.318+0-0	width=0.107+0-0	3*q=0	2*J=4	P=1	p=-2	C=1	c=-2	G=-2	theGParity=-1	2*I=2	2*I3=0	charm=0	strange=0
pion0A	mass=0.13498+0-0	width=0.0001+0-0	3*q=0	2*J=0	P=-1	p=-2	C=1	c=-2	G=-2	theGParity=-1	2*I=2	2*I3=0	charm=0	strange=0
2023/01/16 12:39:36.482096 [WARN] PwaUtils/DataUtils.cc line 139: G-Parity not valid and no LS amplitudes considered for
 JPG= 0 1 -1 -->  JPG= 2 1 -1 and  JPG= 0 -1 -1
2023/01/16 12:39:36.482100 [WARN] PwaUtils/DataUtils.cc line 139: G-Parity not valid and no LS amplitudes considered for
 JPG= 0 1 -1 -->  JPG= 2 1 -1 and  JPG= 0 -1 -1
2023/01/16 12:39:36.482105 [WARN] PwaUtils/DataUtils.cc line 139: G-Parity not valid and no LS amplitudes considered for
 JPG= 0 1 -1 -->  JPG= 2 1 -1 and  JPG= 0 -1 -1
2023/01/16 12:39:36.482108 [INFO] Skip amplitude I1G-1J0P1C1Toa2(1320)0B_pion0A	JPCLSAmps().size(): 0	isospinCG(): 0
a2(1320)0A	mass=1.318+0-0	width=0.107+0-0	3*q=0	2*J=4	P=1	p=-2	C=1	c=-2	G=-2	theGParity=-1	2*I=2	2*I3=0	charm=0	strange=0
pion0B	mass=0.13498+0-0	width=0.0001+0-0	3*q=0	2*J=0	P=-1	p=-2	C=1	c=-2	G=-2	theGParity=-1	2*I=2	2*I3=0	charm=0	strange=0
2023/01/16 12:39:36.482131 [WARN] PwaUtils/DataUtils.cc line 139: G-Parity not valid and no LS amplitudes considered for
 JPG= 0 1 -1 -->  JPG= 2 1 -1 and  JPG= 0 -1 -1
2023/01/16 12:39:36.482136 [WARN] PwaUtils/DataUtils.cc line 139: G-Parity not valid and no LS amplitudes considered for
 JPG= 0 1 -1 -->  JPG= 2 1 -1 and  JPG= 0 -1 -1
2023/01/16 12:39:36.482140 [WARN] PwaUtils/DataUtils.cc line 139: G-Parity not valid and no LS amplitudes considered for
 JPG= 0 1 -1 -->  JPG= 2 1 -1 and  JPG= 0 -1 -1
2023/01/16 12:39:36.482143 [INFO] Skip amplitude I1G-1J0P1C1Toa2(1320)0A_pion0B	JPCLSAmps().size(): 0	isospinCG(): 0
f2(1270)	mass=1.275+0-0	width=0.185+0-0	3*q=0	2*J=4	P=1	p=-2	C=1	c=-2	G=-2	theGParity=1	2*I=0	2*I3=0	charm=0	strange=0
eta	mass=0.547+0.01-0.01	width=0.0001+0-0	3*q=0	2*J=0	P=-1	p=-2	C=1	c=-2	G=-2	theGParity=1	2*I=0	2*I3=0	charm=0	strange=0
2023/01/16 12:39:36.482168 [WARN] PwaUtils/DataUtils.cc line 117: C-Parity not valid and no LS amplitudes considered for
1 -1 -1 -->  JPC= 2 1 1 and  JPC= 0 -1 1
2023/01/16 12:39:36.482173 [WARN] PwaUtils/DataUtils.cc line 117: C-Parity not valid and no LS amplitudes considered for
1 -1 -1 -->  JPC= 2 1 1 and  JPC= 0 -1 1
2023/01/16 12:39:36.482178 [WARN] PwaUtils/DataUtils.cc line 117: C-Parity not valid and no LS amplitudes considered for
1 -1 -1 -->  JPC= 2 1 1 and  JPC= 0 -1 1
2023/01/16 12:39:36.482182 [INFO] Skip amplitude I0G-1J1P-1C-1Tof2(1270)_eta	JPCLSAmps().size(): 0	isospinCG(): 1
a2(1320)0B	mass=1.318+0-0	width=0.107+0-0	3*q=0	2*J=4	P=1	p=-2	C=1	c=-2	G=-2	theGParity=-1	2*I=2	2*I3=0	charm=0	strange=0
pion0A	mass=0.13498+0-0	width=0.0001+0-0	3*q=0	2*J=0	P=-1	p=-2	C=1	c=-2	G=-2	theGParity=-1	2*I=2	2*I3=0	charm=0	strange=0
2023/01/16 12:39:36.482206 [WARN] PwaUtils/DataUtils.cc line 117: C-Parity not valid and no LS amplitudes considered for
1 -1 -1 -->  JPC= 2 1 1 and  JPC= 0 -1 1
2023/01/16 12:39:36.482211 [WARN] PwaUtils/DataUtils.cc line 117: C-Parity not valid and no LS amplitudes considered for
1 -1 -1 -->  JPC= 2 1 1 and  JPC= 0 -1 1
2023/01/16 12:39:36.482216 [WARN] PwaUtils/DataUtils.cc line 117: C-Parity not valid and no LS amplitudes considered for
1 -1 -1 -->  JPC= 2 1 1 and  JPC= 0 -1 1
2023/01/16 12:39:36.482219 [INFO] Skip amplitude I0G-1J1P-1C-1Toa2(1320)0B_pion0A	JPCLSAmps().size(): 0	isospinCG(): -0.57735
a2(1320)0A	mass=1.318+0-0	width=0.107+0-0	3*q=0	2*J=4	P=1	p=-2	C=1	c=-2	G=-2	theGParity=-1	2*I=2	2*I3=0	charm=0	strange=0
pion0B	mass=0.13498+0-0	width=0.0001+0-0	3*q=0	2*J=0	P=-1	p=-2	C=1	c=-2	G=-2	theGParity=-1	2*I=2	2*I3=0	charm=0	strange=0
2023/01/16 12:39:36.482243 [WARN] PwaUtils/DataUtils.cc line 117: C-Parity not valid and no LS amplitudes considered for
1 -1 -1 -->  JPC= 2 1 1 and  JPC= 0 -1 1
2023/01/16 12:39:36.482248 [WARN] PwaUtils/DataUtils.cc line 117: C-Parity not valid and no LS amplitudes considered for
1 -1 -1 -->  JPC= 2 1 1 and  JPC= 0 -1 1
2023/01/16 12:39:36.482253 [WARN] PwaUtils/DataUtils.cc line 117: C-Parity not valid and no LS amplitudes considered for
1 -1 -1 -->  JPC= 2 1 1 and  JPC= 0 -1 1
2023/01/16 12:39:36.482256 [INFO] Skip amplitude I0G-1J1P-1C-1Toa2(1320)0A_pion0B	JPCLSAmps().size(): 0	isospinCG(): -0.57735
f2(1270)	mass=1.275+0-0	width=0.185+0-0	3*q=0	2*J=4	P=1	p=-2	C=1	c=-2	G=-2	theGParity=1	2*I=0	2*I3=0	charm=0	strange=0
eta	mass=0.547+0.01-0.01	width=0.0001+0-0	3*q=0	2*J=0	P=-1	p=-2	C=1	c=-2	G=-2	theGParity=1	2*I=0	2*I3=0	charm=0	strange=0
2023/01/16 12:39:36.482286 [WARN] PwaUtils/DataUtils.cc line 117: C-Parity not valid and no LS amplitudes considered for
1 -1 -1 -->  JPC= 2 1 1 and  JPC= 0 -1 1
2023/01/16 12:39:36.482291 [WARN] PwaUtils/DataUtils.cc line 117: C-Parity not valid and no LS amplitudes considered for
1 -1 -1 -->  JPC= 2 1 1 and  JPC= 0 -1 1
2023/01/16 12:39:36.482296 [WARN] PwaUtils/DataUtils.cc line 117: C-Parity not valid and no LS amplitudes considered for
1 -1 -1 -->  JPC= 2 1 1 and  JPC= 0 -1 1
2023/01/16 12:39:36.482299 [INFO] Skip amplitude I1G1J1P-1C-1Tof2(1270)_eta	JPCLSAmps().size(): 0	isospinCG(): 0
a2(1320)0B	mass=1.318+0-0	width=0.107+0-0	3*q=0	2*J=4	P=1	p=-2	C=1	c=-2	G=-2	theGParity=-1	2*I=2	2*I3=0	charm=0	strange=0
pion0A	mass=0.13498+0-0	width=0.0001+0-0	3*q=0	2*J=0	P=-1	p=-2	C=1	c=-2	G=-2	theGParity=-1	2*I=2	2*I3=0	charm=0	strange=0
2023/01/16 12:39:36.482323 [WARN] PwaUtils/DataUtils.cc line 117: C-Parity not valid and no LS amplitudes considered for
1 -1 -1 -->  JPC= 2 1 1 and  JPC= 0 -1 1
2023/01/16 12:39:36.482328 [WARN] PwaUtils/DataUtils.cc line 117: C-Parity not valid and no LS amplitudes considered for
1 -1 -1 -->  JPC= 2 1 1 and  JPC= 0 -1 1
2023/01/16 12:39:36.482333 [WARN] PwaUtils/DataUtils.cc line 117: C-Parity not valid and no LS amplitudes considered for
1 -1 -1 -->  JPC= 2 1 1 and  JPC= 0 -1 1
2023/01/16 12:39:36.482337 [INFO] Skip amplitude I1G1J1P-1C-1Toa2(1320)0B_pion0A	JPCLSAmps().size(): 0	isospinCG(): 0
a2(1320)0A	mass=1.318+0-0	width=0.107+0-0	3*q=0	2*J=4	P=1	p=-2	C=1	c=-2	G=-2	theGParity=-1	2*I=2	2*I3=0	charm=0	strange=0
pion0B	mass=0.13498+0-0	width=0.0001+0-0	3*q=0	2*J=0	P=-1	p=-2	C=1	c=-2	G=-2	theGParity=-1	2*I=2	2*I3=0	charm=0	strange=0
2023/01/16 12:39:36.482360 [WARN] PwaUtils/DataUtils.cc line 117: C-Parity not valid and no LS amplitudes considered for
1 -1 -1 -->  JPC= 2 1 1 and  JPC= 0 -1 1
2023/01/16 12:39:36.482365 [WARN] PwaUtils/DataUtils.cc line 117: C-Parity not valid and no LS amplitudes considered for
1 -1 -1 -->  JPC= 2 1 1 and  JPC= 0 -1 1
2023/01/16 12:39:36.482370 [WARN] PwaUtils/DataUtils.cc line 117: C-Parity not valid and no LS amplitudes considered for
1 -1 -1 -->  JPC= 2 1 1 and  JPC= 0 -1 1
2023/01/16 12:39:36.482373 [INFO] Skip amplitude I1G1J1P-1C-1Toa2(1320)0A_pion0B	JPCLSAmps().size(): 0	isospinCG(): 0
f2(1270)	mass=1.275+0-0	width=0.185+0-0	3*q=0	2*J=4	P=1	p=-2	C=1	c=-2	G=-2	theGParity=1	2*I=0	2*I3=0	charm=0	strange=0
eta	mass=0.547+0.01-0.01	width=0.0001+0-0	3*q=0	2*J=0	P=-1	p=-2	C=1	c=-2	G=-2	theGParity=1	2*I=0	2*I3=0	charm=0	strange=0
2023/01/16 12:39:36.482397 [WARN] PwaUtils/DataUtils.cc line 117: C-Parity not valid and no LS amplitudes considered for
1 1 -1 -->  JPC= 2 1 1 and  JPC= 0 -1 1
2023/01/16 12:39:36.482403 [WARN] PwaUtils/DataUtils.cc line 117: C-Parity not valid and no LS amplitudes considered for
1 1 -1 -->  JPC= 2 1 1 and  JPC= 0 -1 1
2023/01/16 12:39:36.482407 [WARN] PwaUtils/DataUtils.cc line 117: C-Parity not valid and no LS amplitudes considered for
1 1 -1 -->  JPC= 2 1 1 and  JPC= 0 -1 1
2023/01/16 12:39:36.482411 [INFO] Skip amplitude I0G-1J1P1C-1Tof2(1270)_eta	JPCLSAmps().size(): 0	isospinCG(): 1
a2(1320)0B	mass=1.318+0-0	width=0.107+0-0	3*q=0	2*J=4	P=1	p=-2	C=1	c=-2	G=-2	theGParity=-1	2*I=2	2*I3=0	charm=0	strange=0
pion0A	mass=0.13498+0-0	width=0.0001+0-0	3*q=0	2*J=0	P=-1	p=-2	C=1	c=-2	G=-2	theGParity=-1	2*I=2	2*I3=0	charm=0	strange=0
2023/01/16 12:39:36.482438 [WARN] PwaUtils/DataUtils.cc line 117: C-Parity not valid and no LS amplitudes considered for
1 1 -1 -->  JPC= 2 1 1 and  JPC= 0 -1 1
2023/01/16 12:39:36.482443 [WARN] PwaUtils/DataUtils.cc line 117: C-Parity not valid and no LS amplitudes considered for
1 1 -1 -->  JPC= 2 1 1 and  JPC= 0 -1 1
2023/01/16 12:39:36.482448 [WARN] PwaUtils/DataUtils.cc line 117: C-Parity not valid and no LS amplitudes considered for
1 1 -1 -->  JPC= 2 1 1 and  JPC= 0 -1 1
2023/01/16 12:39:36.482451 [INFO] Skip amplitude I0G-1J1P1C-1Toa2(1320)0B_pion0A	JPCLSAmps().size(): 0	isospinCG(): -0.57735
a2(1320)0A	mass=1.318+0-0	width=0.107+0-0	3*q=0	2*J=4	P=1	p=-2	C=1	c=-2	G=-2	theGParity=-1	2*I=2	2*I3=0	charm=0	strange=0
pion0B	mass=0.13498+0-0	width=0.0001+0-0	3*q=0	2*J=0	P=-1	p=-2	C=1	c=-2	G=-2	theGParity=-1	2*I=2	2*I3=0	charm=0	strange=0
2023/01/16 12:39:36.482478 [WARN] PwaUtils/DataUtils.cc line 117: C-Parity not valid and no LS amplitudes considered for
1 1 -1 -->  JPC= 2 1 1 and  JPC= 0 -1 1
2023/01/16 12:39:36.482483 [WARN] PwaUtils/DataUtils.cc line 117: C-Parity not valid and no LS amplitudes considered for
1 1 -1 -->  JPC= 2 1 1 and  JPC= 0 -1 1
2023/01/16 12:39:36.482487 [WARN] PwaUtils/DataUtils.cc line 117: C-Parity not valid and no LS amplitudes considered for
1 1 -1 -->  JPC= 2 1 1 and  JPC= 0 -1 1
2023/01/16 12:39:36.482491 [INFO] Skip amplitude I0G-1J1P1C-1Toa2(1320)0A_pion0B	JPCLSAmps().size(): 0	isospinCG(): -0.57735
f2(1270)	mass=1.275+0-0	width=0.185+0-0	3*q=0	2*J=4	P=1	p=-2	C=1	c=-2	G=-2	theGParity=1	2*I=0	2*I3=0	charm=0	strange=0
eta	mass=0.547+0.01-0.01	width=0.0001+0-0	3*q=0	2*J=0	P=-1	p=-2	C=1	c=-2	G=-2	theGParity=1	2*I=0	2*I3=0	charm=0	strange=0
2023/01/16 12:39:36.482515 [WARN] PwaUtils/DataUtils.cc line 117: C-Parity not valid and no LS amplitudes considered for
1 1 -1 -->  JPC= 2 1 1 and  JPC= 0 -1 1
2023/01/16 12:39:36.482520 [WARN] PwaUtils/DataUtils.cc line 117: C-Parity not valid and no LS amplitudes considered for
1 1 -1 -->  JPC= 2 1 1 and  JPC= 0 -1 1
2023/01/16 12:39:36.482525 [WARN] PwaUtils/DataUtils.cc line 117: C-Parity not valid and no LS amplitudes considered for
1 1 -1 -->  JPC= 2 1 1 and  JPC= 0 -1 1
2023/01/16 12:39:36.482528 [INFO] Skip amplitude I1G1J1P1C-1Tof2(1270)_eta	JPCLSAmps().size(): 0	isospinCG(): 0
a2(1320)0B	mass=1.318+0-0	width=0.107+0-0	3*q=0	2*J=4	P=1	p=-2	C=1	c=-2	G=-2	theGParity=-1	2*I=2	2*I3=0	charm=0	strange=0
pion0A	mass=0.13498+0-0	width=0.0001+0-0	3*q=0	2*J=0	P=-1	p=-2	C=1	c=-2	G=-2	theGParity=-1	2*I=2	2*I3=0	charm=0	strange=0
2023/01/16 12:39:36.482551 [WARN] PwaUtils/DataUtils.cc line 117: C-Parity not valid and no LS amplitudes considered for
1 1 -1 -->  JPC= 2 1 1 and  JPC= 0 -1 1
2023/01/16 12:39:36.482557 [WARN] PwaUtils/DataUtils.cc line 117: C-Parity not valid and no LS amplitudes considered for
1 1 -1 -->  JPC= 2 1 1 and  JPC= 0 -1 1
2023/01/16 12:39:36.482561 [WARN] PwaUtils/DataUtils.cc line 117: C-Parity not valid and no LS amplitudes considered for
1 1 -1 -->  JPC= 2 1 1 and  JPC= 0 -1 1
2023/01/16 12:39:36.482565 [INFO] Skip amplitude I1G1J1P1C-1Toa2(1320)0B_pion0A	JPCLSAmps().size(): 0	isospinCG(): 0
a2(1320)0A	mass=1.318+0-0	width=0.107+0-0	3*q=0	2*J=4	P=1	p=-2	C=1	c=-2	G=-2	theGParity=-1	2*I=2	2*I3=0	charm=0	strange=0
pion0B	mass=0.13498+0-0	width=0.0001+0-0	3*q=0	2*J=0	P=-1	p=-2	C=1	c=-2	G=-2	theGParity=-1	2*I=2	2*I3=0	charm=0	strange=0
2023/01/16 12:39:36.482588 [WARN] PwaUtils/DataUtils.cc line 117: C-Parity not valid and no LS amplitudes considered for
1 1 -1 -->  JPC= 2 1 1 and  JPC= 0 -1 1
2023/01/16 12:39:36.482593 [WARN] PwaUtils/DataUtils.cc line 117: C-Parity not valid and no LS amplitudes considered for
1 1 -1 -->  JPC= 2 1 1 and  JPC= 0 -1 1
2023/01/16 12:39:36.482598 [WARN] PwaUtils/DataUtils.cc line 117: C-Parity not valid and no LS amplitudes considered for
1 1 -1 -->  JPC= 2 1 1 and  JPC= 0 -1 1
2023/01/16 12:39:36.482601 [INFO] Skip amplitude I1G1J1P1C-1Toa2(1320)0A_pion0B	JPCLSAmps().size(): 0	isospinCG(): 0
f2(1270)	mass=1.275+0-0	width=0.185+0-0	3*q=0	2*J=4	P=1	p=-2	C=1	c=-2	G=-2	theGParity=1	2*I=0	2*I3=0	charm=0	strange=0
eta	mass=0.547+0.01-0.01	width=0.0001+0-0	3*q=0	2*J=0	P=-1	p=-2	C=1	c=-2	G=-2	theGParity=1	2*I=0	2*I3=0	charm=0	strange=0

JPCLS amplitudes for decay	I0G1J1P1C1Tof2(1270)_eta:
suffix for fit parameter name:	J1P1C1Tof2(1270)_eta
JPC=1++	L,S=1,2	preFactorLS=0
JPC=1++	L,S=3,2	preFactorLS=0
with further decay:
JPCLS amplitudes for decay	f2(1270)Topion0A_pion0B:
suffix for fit parameter name:	f2(1270)Topion0A_pion0B
JPC=2++	L,S=2,0	preFactorLS=0




a2(1320)0B	mass=1.318+0-0	width=0.107+0-0	3*q=0	2*J=4	P=1	p=-2	C=1	c=-2	G=-2	theGParity=-1	2*I=2	2*I3=0	charm=0	strange=0
pion0A	mass=0.13498+0-0	width=0.0001+0-0	3*q=0	2*J=0	P=-1	p=-2	C=1	c=-2	G=-2	theGParity=-1	2*I=2	2*I3=0	charm=0	strange=0

JPCLS amplitudes for decay	I0G1J1P1C1Toa2(1320)0B_pion0A:
suffix for fit parameter name:	J1P1C1Toa2(1320)0B_pion0A
JPC=1++	L,S=1,2	preFactorLS=0
JPC=1++	L,S=3,2	preFactorLS=0
with further decay:
JPCLS amplitudes for decay	a2(1320)0BTopion0B_eta:
suffix for fit parameter name:	a2(1320)0BTopion0B_eta
JPC=2++	L,S=2,0	preFactorLS=0




a2(1320)0A	mass=1.318+0-0	width=0.107+0-0	3*q=0	2*J=4	P=1	p=-2	C=1	c=-2	G=-2	theGParity=-1	2*I=2	2*I3=0	charm=0	strange=0
pion0B	mass=0.13498+0-0	width=0.0001+0-0	3*q=0	2*J=0	P=-1	p=-2	C=1	c=-2	G=-2	theGParity=-1	2*I=2	2*I3=0	charm=0	strange=0

JPCLS amplitudes for decay	I0G1J1P1C1Toa2(1320)0A_pion0B:
suffix for fit parameter name:	J1P1C1Toa2(1320)0A_pion0B
JPC=1++	L,S=1,2	preFactorLS=0
JPC=1++	L,S=3,2	preFactorLS=0
with further decay:
JPCLS amplitudes for decay	a2(1320)0ATopion0A_eta:
suffix for fit parameter name:	a2(1320)0ATopion0A_eta
JPC=2++	L,S=2,0	preFactorLS=0




f2(1270)	mass=1.275+0-0	width=0.185+0-0	3*q=0	2*J=4	P=1	p=-2	C=1	c=-2	G=-2	theGParity=1	2*I=0	2*I3=0	charm=0	strange=0
eta	mass=0.547+0.01-0.01	width=0.0001+0-0	3*q=0	2*J=0	P=-1	p=-2	C=1	c=-2	G=-2	theGParity=1	2*I=0	2*I3=0	charm=0	strange=0
2023/01/16 12:39:36.482702 [WARN] PwaUtils/DataUtils.cc line 139: G-Parity not valid and no LS amplitudes considered for
 JPG= 1 1 -1 -->  JPG= 2 1 1 and  JPG= 0 -1 1
2023/01/16 12:39:36.482707 [WARN] PwaUtils/DataUtils.cc line 139: G-Parity not valid and no LS amplitudes considered for
 JPG= 1 1 -1 -->  JPG= 2 1 1 and  JPG= 0 -1 1
2023/01/16 12:39:36.482711 [WARN] PwaUtils/DataUtils.cc line 139: G-Parity not valid and no LS amplitudes considered for
 JPG= 1 1 -1 -->  JPG= 2 1 1 and  JPG= 0 -1 1
2023/01/16 12:39:36.482715 [INFO] Skip amplitude I1G-1J1P1C1Tof2(1270)_eta	JPCLSAmps().size(): 0	isospinCG(): 0
a2(1320)0B	mass=1.318+0-0	width=0.107+0-0	3*q=0	2*J=4	P=1	p=-2	C=1	c=-2	G=-2	theGParity=-1	2*I=2	2*I3=0	charm=0	strange=0
pion0A	mass=0.13498+0-0	width=0.0001+0-0	3*q=0	2*J=0	P=-1	p=-2	C=1	c=-2	G=-2	theGParity=-1	2*I=2	2*I3=0	charm=0	strange=0
2023/01/16 12:39:36.482738 [WARN] PwaUtils/DataUtils.cc line 139: G-Parity not valid and no LS amplitudes considered for
 JPG= 1 1 -1 -->  JPG= 2 1 -1 and  JPG= 0 -1 -1
2023/01/16 12:39:36.482743 [WARN] PwaUtils/DataUtils.cc line 139: G-Parity not valid and no LS amplitudes considered for
 JPG= 1 1 -1 -->  JPG= 2 1 -1 and  JPG= 0 -1 -1
2023/01/16 12:39:36.482747 [WARN] PwaUtils/DataUtils.cc line 139: G-Parity not valid and no LS amplitudes considered for
 JPG= 1 1 -1 -->  JPG= 2 1 -1 and  JPG= 0 -1 -1
2023/01/16 12:39:36.482750 [INFO] Skip amplitude I1G-1J1P1C1Toa2(1320)0B_pion0A	JPCLSAmps().size(): 0	isospinCG(): 0
a2(1320)0A	mass=1.318+0-0	width=0.107+0-0	3*q=0	2*J=4	P=1	p=-2	C=1	c=-2	G=-2	theGParity=-1	2*I=2	2*I3=0	charm=0	strange=0
pion0B	mass=0.13498+0-0	width=0.0001+0-0	3*q=0	2*J=0	P=-1	p=-2	C=1	c=-2	G=-2	theGParity=-1	2*I=2	2*I3=0	charm=0	strange=0
2023/01/16 12:39:36.482773 [WARN] PwaUtils/DataUtils.cc line 139: G-Parity not valid and no LS amplitudes considered for
 JPG= 1 1 -1 -->  JPG= 2 1 -1 and  JPG= 0 -1 -1
2023/01/16 12:39:36.482789 [WARN] PwaUtils/DataUtils.cc line 139: G-Parity not valid and no LS amplitudes considered for
 JPG= 1 1 -1 -->  JPG= 2 1 -1 and  JPG= 0 -1 -1
2023/01/16 12:39:36.482795 [WARN] PwaUtils/DataUtils.cc line 139: G-Parity not valid and no LS amplitudes considered for
 JPG= 1 1 -1 -->  JPG= 2 1 -1 and  JPG= 0 -1 -1
2023/01/16 12:39:36.482799 [INFO] Skip amplitude I1G-1J1P1C1Toa2(1320)0A_pion0B	JPCLSAmps().size(): 0	isospinCG(): 0
f2(1270)	mass=1.275+0-0	width=0.185+0-0	3*q=0	2*J=4	P=1	p=-2	C=1	c=-2	G=-2	theGParity=1	2*I=0	2*I3=0	charm=0	strange=0
eta	mass=0.547+0.01-0.01	width=0.0001+0-0	3*q=0	2*J=0	P=-1	p=-2	C=1	c=-2	G=-2	theGParity=1	2*I=0	2*I3=0	charm=0	strange=0

JPCLS amplitudes for decay	I0G1J2P1C1Tof2(1270)_eta:
suffix for fit parameter name:	J2P1C1Tof2(1270)_eta
JPC=2++	L,S=1,2	preFactorLS=0
JPC=2++	L,S=3,2	preFactorLS=0
with further decay:
JPCLS amplitudes for decay	f2(1270)Topion0A_pion0B:
suffix for fit parameter name:	f2(1270)Topion0A_pion0B
JPC=2++	L,S=2,0	preFactorLS=0




a2(1320)0B	mass=1.318+0-0	width=0.107+0-0	3*q=0	2*J=4	P=1	p=-2	C=1	c=-2	G=-2	theGParity=-1	2*I=2	2*I3=0	charm=0	strange=0
pion0A	mass=0.13498+0-0	width=0.0001+0-0	3*q=0	2*J=0	P=-1	p=-2	C=1	c=-2	G=-2	theGParity=-1	2*I=2	2*I3=0	charm=0	strange=0

JPCLS amplitudes for decay	I0G1J2P1C1Toa2(1320)0B_pion0A:
suffix for fit parameter name:	J2P1C1Toa2(1320)0B_pion0A
JPC=2++	L,S=1,2	preFactorLS=0
JPC=2++	L,S=3,2	preFactorLS=0
with further decay:
JPCLS amplitudes for decay	a2(1320)0BTopion0B_eta:
suffix for fit parameter name:	a2(1320)0BTopion0B_eta
JPC=2++	L,S=2,0	preFactorLS=0




a2(1320)0A	mass=1.318+0-0	width=0.107+0-0	3*q=0	2*J=4	P=1	p=-2	C=1	c=-2	G=-2	theGParity=-1	2*I=2	2*I3=0	charm=0	strange=0
pion0B	mass=0.13498+0-0	width=0.0001+0-0	3*q=0	2*J=0	P=-1	p=-2	C=1	c=-2	G=-2	theGParity=-1	2*I=2	2*I3=0	charm=0	strange=0

JPCLS amplitudes for decay	I0G1J2P1C1Toa2(1320)0A_pion0B:
suffix for fit parameter name:	J2P1C1Toa2(1320)0A_pion0B
JPC=2++	L,S=1,2	preFactorLS=0
JPC=2++	L,S=3,2	preFactorLS=0
with further decay:
JPCLS amplitudes for decay	a2(1320)0ATopion0A_eta:
suffix for fit parameter name:	a2(1320)0ATopion0A_eta
JPC=2++	L,S=2,0	preFactorLS=0




f2(1270)	mass=1.275+0-0	width=0.185+0-0	3*q=0	2*J=4	P=1	p=-2	C=1	c=-2	G=-2	theGParity=1	2*I=0	2*I3=0	charm=0	strange=0
eta	mass=0.547+0.01-0.01	width=0.0001+0-0	3*q=0	2*J=0	P=-1	p=-2	C=1	c=-2	G=-2	theGParity=1	2*I=0	2*I3=0	charm=0	strange=0
2023/01/16 12:39:36.482902 [WARN] PwaUtils/DataUtils.cc line 139: G-Parity not valid and no LS amplitudes considered for
 JPG= 2 1 -1 -->  JPG= 2 1 1 and  JPG= 0 -1 1
2023/01/16 12:39:36.482907 [WARN] PwaUtils/DataUtils.cc line 139: G-Parity not valid and no LS amplitudes considered for
 JPG= 2 1 -1 -->  JPG= 2 1 1 and  JPG= 0 -1 1
2023/01/16 12:39:36.482911 [WARN] PwaUtils/DataUtils.cc line 139: G-Parity not valid and no LS amplitudes considered for
 JPG= 2 1 -1 -->  JPG= 2 1 1 and  JPG= 0 -1 1
2023/01/16 12:39:36.482915 [INFO] Skip amplitude I1G-1J2P1C1Tof2(1270)_eta	JPCLSAmps().size(): 0	isospinCG(): 0
a2(1320)0B	mass=1.318+0-0	width=0.107+0-0	3*q=0	2*J=4	P=1	p=-2	C=1	c=-2	G=-2	theGParity=-1	2*I=2	2*I3=0	charm=0	strange=0
pion0A	mass=0.13498+0-0	width=0.0001+0-0	3*q=0	2*J=0	P=-1	p=-2	C=1	c=-2	G=-2	theGParity=-1	2*I=2	2*I3=0	charm=0	strange=0
2023/01/16 12:39:36.482938 [WARN] PwaUtils/DataUtils.cc line 139: G-Parity not valid and no LS amplitudes considered for
 JPG= 2 1 -1 -->  JPG= 2 1 -1 and  JPG= 0 -1 -1
2023/01/16 12:39:36.482943 [WARN] PwaUtils/DataUtils.cc line 139: G-Parity not valid and no LS amplitudes considered for
 JPG= 2 1 -1 -->  JPG= 2 1 -1 and  JPG= 0 -1 -1
2023/01/16 12:39:36.482947 [WARN] PwaUtils/DataUtils.cc line 139: G-Parity not valid and no LS amplitudes considered for
 JPG= 2 1 -1 -->  JPG= 2 1 -1 and  JPG= 0 -1 -1
2023/01/16 12:39:36.482951 [INFO] Skip amplitude I1G-1J2P1C1Toa2(1320)0B_pion0A	JPCLSAmps().size(): 0	isospinCG(): 0
a2(1320)0A	mass=1.318+0-0	width=0.107+0-0	3*q=0	2*J=4	P=1	p=-2	C=1	c=-2	G=-2	theGParity=-1	2*I=2	2*I3=0	charm=0	strange=0
pion0B	mass=0.13498+0-0	width=0.0001+0-0	3*q=0	2*J=0	P=-1	p=-2	C=1	c=-2	G=-2	theGParity=-1	2*I=2	2*I3=0	charm=0	strange=0
2023/01/16 12:39:36.482974 [WARN] PwaUtils/DataUtils.cc line 139: G-Parity not valid and no LS amplitudes considered for
 JPG= 2 1 -1 -->  JPG= 2 1 -1 and  JPG= 0 -1 -1
2023/01/16 12:39:36.482978 [WARN] PwaUtils/DataUtils.cc line 139: G-Parity not valid and no LS amplitudes considered for
 JPG= 2 1 -1 -->  JPG= 2 1 -1 and  JPG= 0 -1 -1
2023/01/16 12:39:36.482982 [WARN] PwaUtils/DataUtils.cc line 139: G-Parity not valid and no LS amplitudes considered for
 JPG= 2 1 -1 -->  JPG= 2 1 -1 and  JPG= 0 -1 -1
2023/01/16 12:39:36.482986 [INFO] Skip amplitude I1G-1J2P1C1Toa2(1320)0A_pion0B	JPCLSAmps().size(): 0	isospinCG(): 0
2023/01/16 12:39:36.483009 [INFO] add dynamics for J0P-1C1 dynType: WoDynamics
2023/01/16 12:39:36.483019 [INFO] Dynamics	J0P-1C1	found!!!
2023/01/16 12:39:36.483024 [INFO] Dynamics	J0P-1C1	found!!!
2023/01/16 12:39:36.483034 [INFO] add dynamics for J1P1C1 dynType: WoDynamics
2023/01/16 12:39:36.483040 [INFO] Dynamics	J1P1C1	found!!!
2023/01/16 12:39:36.483044 [INFO] Dynamics	J1P1C1	found!!!
2023/01/16 12:39:36.483050 [INFO] add dynamics for J2P1C1 dynType: WoDynamics
2023/01/16 12:39:36.483056 [INFO] Dynamics	J2P1C1	found!!!
2023/01/16 12:39:36.483060 [INFO] Dynamics	J2P1C1	found!!!
2023/01/16 12:39:36.483096 [INFO] add dynamics for f2(1270)Topion0A_pion0B dynType: BreitWigner
2023/01/16 12:39:36.483107 [INFO] add dynamics for a2(1320)0ATopion0A_eta dynType: BreitWigner
2023/01/16 12:39:36.483115 [INFO] add dynamics for a2(1320)0BTopion0B_eta dynType: BreitWigner
2023/01/16 12:39:36.483121 [INFO] I0G1J0P-1C1Tof2(1270)_eta set decay level to 0
2023/01/16 12:39:36.483125 [INFO] f2(1270)Topion0A_pion0B set decay level to 1
2023/01/16 12:39:36.483129 [INFO] I0G1J0P-1C1Toa2(1320)0B_pion0A set decay level to 0
2023/01/16 12:39:36.483132 [INFO] a2(1320)0BTopion0B_eta set decay level to 1
2023/01/16 12:39:36.483135 [INFO] I0G1J0P-1C1Toa2(1320)0A_pion0B set decay level to 0
2023/01/16 12:39:36.483139 [INFO] a2(1320)0ATopion0A_eta set decay level to 1
2023/01/16 12:39:36.483142 [INFO] I0G1J1P1C1Tof2(1270)_eta set decay level to 0
2023/01/16 12:39:36.483146 [INFO] I0G1J1P1C1Toa2(1320)0B_pion0A set decay level to 0
2023/01/16 12:39:36.483149 [INFO] I0G1J1P1C1Toa2(1320)0A_pion0B set decay level to 0
2023/01/16 12:39:36.483153 [INFO] I0G1J2P1C1Tof2(1270)_eta set decay level to 0
2023/01/16 12:39:36.483157 [INFO] I0G1J2P1C1Toa2(1320)0B_pion0A set decay level to 0
2023/01/16 12:39:36.483161 [INFO] I0G1J2P1C1Toa2(1320)0A_pion0B set decay level to 0
2023/01/16 12:39:36.483166 [ERROR] PwaUtils/GlobalEnv.cc line 213: setting up channel 0
2023/01/16 12:39:36.483169 [INFO] check complete reaction chains
2023/01/16 12:39:36.483173 [INFO] paricle name: pion0A
2023/01/16 12:39:36.483176 [INFO] paricle name: pion0B
2023/01/16 12:39:36.483179 [INFO] paricle name: eta
2023/01/16 12:39:36.483184 [INFO] reaction chains have been successfully checked!!!
2023/01/16 12:39:36.483192 [INFO] name of amplitude: f2(1270)Topion0A_pion0B	nameId: 1
_wigDWigDRefId = 1	_wignerDId = 2
with wignerDKey: pion0B_pion0Apion0B	wignerDRefKey: etapion0Apion0B
2023/01/16 12:39:36.483198 [INFO] name of amplitude: I0G1J0P-1C1Tof2(1270)_eta	nameId: 3
_wigDWigDRefId = 2	_wignerDId = 4
with wignerDKey: eta_etapion0Apion0B	wignerDRefKey: prod
2023/01/16 12:39:36.483203 [INFO] name of amplitude: a2(1320)0BTopion0B_eta	nameId: 5
_wigDWigDRefId = 3	_wignerDId = 6
with wignerDKey: eta_etapion0B	wignerDRefKey: etapion0Apion0B
2023/01/16 12:39:36.483209 [INFO] name of amplitude: I0G1J0P-1C1Toa2(1320)0B_pion0A	nameId: 7
_wigDWigDRefId = 4	_wignerDId = 8
with wignerDKey: pion0A_etapion0Apion0B	wignerDRefKey: prod
2023/01/16 12:39:36.483215 [INFO] name of amplitude: a2(1320)0ATopion0A_eta	nameId: 9
_wigDWigDRefId = 5	_wignerDId = 10
with wignerDKey: eta_etapion0A	wignerDRefKey: etapion0Apion0B
2023/01/16 12:39:36.483224 [INFO] name of amplitude: I0G1J0P-1C1Toa2(1320)0A_pion0B	nameId: 11
_wigDWigDRefId = 6	_wignerDId = 12
with wignerDKey: pion0B_etapion0Apion0B	wignerDRefKey: prod
2023/01/16 12:39:36.483229 [INFO] name of amplitude: I0G1J1P1C1Tof2(1270)_eta	nameId: 13
_wigDWigDRefId = 2	_wignerDId = 4
with wignerDKey: eta_etapion0Apion0B	wignerDRefKey: prod
2023/01/16 12:39:36.483235 [INFO] name of amplitude: I0G1J1P1C1Toa2(1320)0B_pion0A	nameId: 14
_wigDWigDRefId = 4	_wignerDId = 8
with wignerDKey: pion0A_etapion0Apion0B	wignerDRefKey: prod
2023/01/16 12:39:36.483240 [INFO] name of amplitude: I0G1J1P1C1Toa2(1320)0A_pion0B	nameId: 15
_wigDWigDRefId = 6	_wignerDId = 12
with wignerDKey: pion0B_etapion0Apion0B	wignerDRefKey: prod
2023/01/16 12:39:36.483245 [INFO] name of amplitude: I0G1J2P1C1Tof2(1270)_eta	nameId: 16
_wigDWigDRefId = 2	_wignerDId = 4
with wignerDKey: eta_etapion0Apion0B	wignerDRefKey: prod
2023/01/16 12:39:36.483251 [INFO] name of amplitude: I0G1J2P1C1Toa2(1320)0B_pion0A	nameId: 17
_wigDWigDRefId = 4	_wignerDId = 8
with wignerDKey: pion0A_etapion0Apion0B	wignerDRefKey: prod
2023/01/16 12:39:36.483259 [INFO] name of amplitude: I0G1J2P1C1Toa2(1320)0A_pion0B	nameId: 18
_wigDWigDRefId = 6	_wignerDId = 12
with wignerDKey: pion0B_etapion0Apion0B	wignerDRefKey: prod
2023/01/16 12:39:36.483264 [INFO] create likelihood object for channelType 1	 and channelID: 0
2023/01/16 12:39:36.483291 [INFO] Dynamics	J0P-1C1	found!!!
2023/01/16 12:39:36.483302 [INFO] Dynamics	f2(1270)Topion0A_pion0B	found!!!
2023/01/16 12:39:36.483307 [INFO] _fsParticleNames.at(0): pion0A
2023/01/16 12:39:36.483310 [INFO] _fsParticleNames.at(0): pion0A
2023/01/16 12:39:36.483314 [INFO] _fsParticleNames.at(1): pion0B
2023/01/16 12:39:36.483319 [INFO] _parityFactor=	1
2023/01/16 12:39:36.483336 [INFO] _fsParticleNames.at(0): pion0A
2023/01/16 12:39:36.483340 [INFO] _fsParticleNames.at(1): pion0B
2023/01/16 12:39:36.483343 [INFO] _fsParticleNames.at(2): eta
2023/01/16 12:39:36.483347 [INFO] _parityFactor=	-1
2023/01/16 12:39:36.483360 [INFO] Dynamics	J0P-1C1	found!!!
2023/01/16 12:39:36.483367 [INFO] Dynamics	a2(1320)0BTopion0B_eta	found!!!
2023/01/16 12:39:36.483371 [INFO] _fsParticleNames.at(0): pion0A
2023/01/16 12:39:36.483374 [INFO] _fsParticleNames.at(1): pion0B
2023/01/16 12:39:36.483377 [INFO] _fsParticleNames.at(0): pion0A
2023/01/16 12:39:36.483380 [INFO] _fsParticleNames.at(1): pion0B
2023/01/16 12:39:36.483383 [INFO] _fsParticleNames.at(2): eta
2023/01/16 12:39:36.483387 [INFO] _parityFactor=	1
2023/01/16 12:39:36.483415 [INFO] _fsParticleNames.at(0): pion0A
2023/01/16 12:39:36.483422 [INFO] _parityFactor=	-1
2023/01/16 12:39:36.483436 [INFO] Dynamics	J0P-1C1	found!!!
2023/01/16 12:39:36.483444 [INFO] Dynamics	a2(1320)0ATopion0A_eta	found!!!
2023/01/16 12:39:36.483451 [INFO] _fsParticleNames.at(0): pion0A
2023/01/16 12:39:36.483458 [INFO] _fsParticleNames.at(0): pion0A
2023/01/16 12:39:36.483461 [INFO] _fsParticleNames.at(1): pion0B
2023/01/16 12:39:36.483464 [INFO] _fsParticleNames.at(2): eta
2023/01/16 12:39:36.483468 [INFO] _parityFactor=	1
2023/01/16 12:39:36.483487 [INFO] _fsParticleNames.at(0): pion0A
2023/01/16 12:39:36.483489 [INFO] _fsParticleNames.at(1): pion0B
2023/01/16 12:39:36.483493 [INFO] _parityFactor=	-1
2023/01/16 12:39:36.483510 [INFO] Dynamics	J1P1C1	found!!!
2023/01/16 12:39:36.483515 [INFO] _fsParticleNames.at(0): pion0A
2023/01/16 12:39:36.483518 [INFO] _fsParticleNames.at(1): pion0B
2023/01/16 12:39:36.483520 [INFO] _fsParticleNames.at(2): eta
2023/01/16 12:39:36.483524 [INFO] _parityFactor=	1
2023/01/16 12:39:36.483538 [INFO] Dynamics	J1P1C1	found!!!
2023/01/16 12:39:36.483542 [INFO] _fsParticleNames.at(0): pion0A
2023/01/16 12:39:36.483545 [INFO] _parityFactor=	1
2023/01/16 12:39:36.483574 [INFO] Dynamics	J1P1C1	found!!!
2023/01/16 12:39:36.483596 [INFO] _fsParticleNames.at(0): pion0A
2023/01/16 12:39:36.483601 [INFO] _fsParticleNames.at(1): pion0B
2023/01/16 12:39:36.483607 [INFO] _parityFactor=	1
2023/01/16 12:39:36.483674 [INFO] Dynamics	J2P1C1	found!!!
2023/01/16 12:39:36.483681 [INFO] _fsParticleNames.at(0): pion0A
2023/01/16 12:39:36.483688 [INFO] _fsParticleNames.at(1): pion0B
2023/01/16 12:39:36.483694 [INFO] _fsParticleNames.at(2): eta
2023/01/16 12:39:36.483702 [INFO] _parityFactor=	-1
2023/01/16 12:39:36.483753 [INFO] Dynamics	J2P1C1	found!!!
2023/01/16 12:39:36.483761 [INFO] _fsParticleNames.at(0): pion0A
2023/01/16 12:39:36.483768 [INFO] _parityFactor=	-1
2023/01/16 12:39:36.483846 [INFO] Dynamics	J2P1C1	found!!!
2023/01/16 12:39:36.483853 [INFO] _fsParticleNames.at(0): pion0A
2023/01/16 12:39:36.483857 [INFO] _fsParticleNames.at(1): pion0B
2023/01/16 12:39:36.483862 [INFO] _parityFactor=	-1
2023/01/16 12:39:36.483897 [INFO] 
*** The fit parameter replacements are ***
2023/01/16 12:39:36.483902 [INFO] J0P-1C1Toa2(1320)0A_pion0B	replaced by	J0P-1C1Toa2(1320)0AB_pion0AB
2023/01/16 12:39:36.483906 [INFO] J0P-1C1Toa2(1320)0B_pion0A	replaced by	J0P-1C1Toa2(1320)0AB_pion0AB
2023/01/16 12:39:36.483910 [INFO] J1P1C1Toa2(1320)0A_pion0B	replaced by	J1P1C1Toa2(1320)0AB_pion0AB
2023/01/16 12:39:36.483914 [INFO] J1P1C1Toa2(1320)0B_pion0A	replaced by	J1P1C1Toa2(1320)0AB_pion0AB
2023/01/16 12:39:36.483918 [INFO] J2P1C1Toa2(1320)0A_pion0B	replaced by	J2P1C1Toa2(1320)0AB_pion0AB
2023/01/16 12:39:36.483926 [INFO] J2P1C1Toa2(1320)0B_pion0A	replaced by	J2P1C1Toa2(1320)0AB_pion0AB
2023/01/16 12:39:36.483930 [INFO] a2(1320)0ATopion0A_eta	replaced by	a2(1320)0ABTopion0AB_eta
2023/01/16 12:39:36.483935 [INFO] a2(1320)0BTopion0B_eta	replaced by	a2(1320)0ABTopion0AB_eta
2023/01/16 12:39:36.484507 [INFO] L2S2_J0P-1C1Tof2(1270)_etaMag	1	0.5
2023/01/16 12:39:36.484532 [INFO] L2S2_J0P-1C1Tof2(1270)_etaPhi	0	0.2
2023/01/16 12:39:36.484544 [INFO] L2S0_f2(1270)Topion0A_pion0BMag	1	0.5
2023/01/16 12:39:36.484552 [INFO] L2S0_f2(1270)Topion0A_pion0BPhi	0	0.2
2023/01/16 12:39:36.484560 [INFO] f2(1270)Mass	1.275	0.03	1.125	1.425
2023/01/16 12:39:36.484570 [INFO] f2(1270)Width	0.185	0.037	0	0.37
2023/01/16 12:39:36.484578 [INFO] L2S2_J0P-1C1Toa2(1320)0AB_pion0ABMag	1	0.5
2023/01/16 12:39:36.484586 [INFO] L2S2_J0P-1C1Toa2(1320)0AB_pion0ABPhi	0	0.2
2023/01/16 12:39:36.484593 [INFO] L2S0_a2(1320)0ABTopion0AB_etaMag	1	0.5
2023/01/16 12:39:36.484602 [INFO] L2S0_a2(1320)0ABTopion0AB_etaPhi	0	0.2
2023/01/16 12:39:36.484609 [INFO] a2(1320)0ABMass	1.318	0.03	1.168	1.468
2023/01/16 12:39:36.484618 [INFO] a2(1320)0ABWidth	0.107	0.0214	0	0.214
2023/01/16 12:39:36.484628 [INFO] L1S2_J1P1C1Tof2(1270)_etaMag	0.7071067811865475	0.3535533905932737
2023/01/16 12:39:36.484636 [INFO] L1S2_J1P1C1Tof2(1270)_etaPhi	0	0.2
2023/01/16 12:39:36.484644 [INFO] L3S2_J1P1C1Tof2(1270)_etaMag	0.7071067811865475	0.3535533905932737
2023/01/16 12:39:36.484652 [INFO] L3S2_J1P1C1Tof2(1270)_etaPhi	0	0.2
2023/01/16 12:39:36.484660 [INFO] L1S2_J1P1C1Toa2(1320)0AB_pion0ABMag	0.7071067811865475	0.3535533905932737
2023/01/16 12:39:36.484672 [INFO] L1S2_J1P1C1Toa2(1320)0AB_pion0ABPhi	0	0.2
2023/01/16 12:39:36.484680 [INFO] L3S2_J1P1C1Toa2(1320)0AB_pion0ABMag	0.7071067811865475	0.3535533905932737
2023/01/16 12:39:36.484689 [INFO] L3S2_J1P1C1Toa2(1320)0AB_pion0ABPhi	0	0.2
2023/01/16 12:39:36.484697 [INFO] L1S2_J2P1C1Tof2(1270)_etaMag	0.7071067811865475	0.3535533905932737
2023/01/16 12:39:36.484705 [INFO] L1S2_J2P1C1Tof2(1270)_etaPhi	0	0.2
2023/01/16 12:39:36.484713 [INFO] L3S2_J2P1C1Tof2(1270)_etaMag	0.7071067811865475	0.3535533905932737
2023/01/16 12:39:36.484721 [INFO] L3S2_J2P1C1Tof2(1270)_etaPhi	0	0.2
2023/01/16 12:39:36.484729 [INFO] L1S2_J2P1C1Toa2(1320)0AB_pion0ABMag	0.7071067811865475	0.3535533905932737
2023/01/16 12:39:36.484738 [INFO] L1S2_J2P1C1Toa2(1320)0AB_pion0ABPhi	0	0.2
2023/01/16 12:39:36.484746 [INFO] L3S2_J2P1C1Toa2(1320)0AB_pion0ABMag	0.7071067811865475	0.3535533905932737
2023/01/16 12:39:36.484754 [INFO] L3S2_J2P1C1Toa2(1320)0AB_pion0ABPhi	0	0.2
2023/01/16 12:39:36.484762 [INFO] channelType1pion0Apion0BetaScaling	1	0.01	0	20
2023/01/16 12:39:36.484773 [INFO] Iso1J0P-1C1	0	0.5	0	1
2023/01/16 12:39:36.484789 [INFO] Iso1J1P1C1	0	0.5	0	1
2023/01/16 12:39:36.484800 [INFO] Iso1J2P1C1	0	0.5	0	1
2023/01/16 12:39:36.484810 [INFO] J0P-1C1L0S0pbarpMag	0.5773502691896258	0.2886751345948129
2023/01/16 12:39:36.484825 [INFO] J0P-1C1L0S0pbarpPhi	0	0.2
2023/01/16 12:39:36.484834 [INFO] J1P1C1L1S1pbarpMag	0.5773502691896258	0.2886751345948129
2023/01/16 12:39:36.484844 [INFO] J1P1C1L1S1pbarpPhi	0	0.2
2023/01/16 12:39:36.484852 [INFO] J2P1C1L1S1pbarpMag	0.5773502691896258	0.2886751345948129
2023/01/16 12:39:36.484861 [INFO] J2P1C1L1S1pbarpPhi	0	0.2


 parameters in pawianParams are: 

L2S2_J0P-1C1Tof2(1270)_etaMag	1	0.5
L2S2_J0P-1C1Tof2(1270)_etaPhi	0	0.2
L2S0_f2(1270)Topion0A_pion0BMag	1	0.5
L2S0_f2(1270)Topion0A_pion0BPhi	0	0.2
f2(1270)Mass	1.275	0.03	1.125	1.425
f2(1270)Width	0.185	0.037	0	0.37
L2S2_J0P-1C1Toa2(1320)0AB_pion0ABMag	1	0.5
L2S2_J0P-1C1Toa2(1320)0AB_pion0ABPhi	0	0.2
L2S0_a2(1320)0ABTopion0AB_etaMag	1	0.5
L2S0_a2(1320)0ABTopion0AB_etaPhi	0	0.2
a2(1320)0ABMass	1.318	0.03	1.168	1.468
a2(1320)0ABWidth	0.107	0.0214	0	0.214
L1S2_J1P1C1Tof2(1270)_etaMag	0.7071067811865475	0.3535533905932737
L1S2_J1P1C1Tof2(1270)_etaPhi	0	0.2
L3S2_J1P1C1Tof2(1270)_etaMag	0.7071067811865475	0.3535533905932737
L3S2_J1P1C1Tof2(1270)_etaPhi	0	0.2
L1S2_J1P1C1Toa2(1320)0AB_pion0ABMag	0.7071067811865475	0.3535533905932737
L1S2_J1P1C1Toa2(1320)0AB_pion0ABPhi	0	0.2
L3S2_J1P1C1Toa2(1320)0AB_pion0ABMag	0.7071067811865475	0.3535533905932737
L3S2_J1P1C1Toa2(1320)0AB_pion0ABPhi	0	0.2
L1S2_J2P1C1Tof2(1270)_etaMag	0.7071067811865475	0.3535533905932737
L1S2_J2P1C1Tof2(1270)_etaPhi	0	0.2
L3S2_J2P1C1Tof2(1270)_etaMag	0.7071067811865475	0.3535533905932737
L3S2_J2P1C1Tof2(1270)_etaPhi	0	0.2
L1S2_J2P1C1Toa2(1320)0AB_pion0ABMag	0.7071067811865475	0.3535533905932737
L1S2_J2P1C1Toa2(1320)0AB_pion0ABPhi	0	0.2
L3S2_J2P1C1Toa2(1320)0AB_pion0ABMag	0.7071067811865475	0.3535533905932737
L3S2_J2P1C1Toa2(1320)0AB_pion0ABPhi	0	0.2
channelType1pion0Apion0BetaScaling	1	0.01	0	20
Iso1J0P-1C1	0	0.5	0	1
Iso1J1P1C1	0	0.5	0	1
Iso1J2P1C1	0	0.5	0	1
J0P-1C1L0S0pbarpMag	0.5773502691896258	0.2886751345948129
J0P-1C1L0S0pbarpPhi	0	0.2
J1P1C1L1S1pbarpMag	0.5773502691896258	0.2886751345948129
J1P1C1L1S1pbarpPhi	0	0.2
J2P1C1L1S1pbarpMag	0.5773502691896258	0.2886751345948129
J2P1C1L1S1pbarpPhi	0	0.2


**************** Fit parameter **************************
L2S2_J0P-1C1Tof2(1270)_etaMag	1	0.5
L2S2_J0P-1C1Tof2(1270)_etaPhi	0	0.2
L2S0_f2(1270)Topion0A_pion0BMag	1	0.5
L2S0_f2(1270)Topion0A_pion0BPhi	0	0.2
f2(1270)Mass	1.275	0.03	1.125	1.425
f2(1270)Width	0.185	0.037	0	0.37
L2S2_J0P-1C1Toa2(1320)0AB_pion0ABMag	1	0.5
L2S2_J0P-1C1Toa2(1320)0AB_pion0ABPhi	0	0.2
L2S0_a2(1320)0ABTopion0AB_etaMag	1	0.5
L2S0_a2(1320)0ABTopion0AB_etaPhi	0	0.2
a2(1320)0ABMass	1.318	0.03	1.168	1.468
a2(1320)0ABWidth	0.107	0.0214	0	0.214
L1S2_J1P1C1Tof2(1270)_etaMag	0.7071067811865475	0.3535533905932737
L1S2_J1P1C1Tof2(1270)_etaPhi	0	0.2
L3S2_J1P1C1Tof2(1270)_etaMag	0.7071067811865475	0.3535533905932737
L3S2_J1P1C1Tof2(1270)_etaPhi	0	0.2
L1S2_J1P1C1Toa2(1320)0AB_pion0ABMag	0.7071067811865475	0.3535533905932737
L1S2_J1P1C1Toa2(1320)0AB_pion0ABPhi	0	0.2
L3S2_J1P1C1Toa2(1320)0AB_pion0ABMag	0.7071067811865475	0.3535533905932737
L3S2_J1P1C1Toa2(1320)0AB_pion0ABPhi	0	0.2
L1S2_J2P1C1Tof2(1270)_etaMag	0.7071067811865475	0.3535533905932737
L1S2_J2P1C1Tof2(1270)_etaPhi	0	0.2
L3S2_J2P1C1Tof2(1270)_etaMag	0.7071067811865475	0.3535533905932737
L3S2_J2P1C1Tof2(1270)_etaPhi	0	0.2
L1S2_J2P1C1Toa2(1320)0AB_pion0ABMag	0.7071067811865475	0.3535533905932737
L1S2_J2P1C1Toa2(1320)0AB_pion0ABPhi	0	0.2
L3S2_J2P1C1Toa2(1320)0AB_pion0ABMag	0.7071067811865475	0.3535533905932737
L3S2_J2P1C1Toa2(1320)0AB_pion0ABPhi	0	0.2
channelType1pion0Apion0BetaScaling	1	0.01	0	20
Iso1J0P-1C1	0	0.5	0	1
Iso1J1P1C1	0	0.5	0	1
Iso1J2P1C1	0	0.5	0	1
J0P-1C1L0S0pbarpMag	0.5773502691896258	0.2886751345948129
J0P-1C1L0S0pbarpPhi	0	0.2
J1P1C1L1S1pbarpMag	0.5773502691896258	0.2886751345948129
J1P1C1L1S1pbarpPhi	0	0.2
J2P1C1L1S1pbarpMag	0.5773502691896258	0.2886751345948129
J2P1C1L1S1pbarpPhi	0	0.2
2023/01/16 12:39:36.485558 [INFO] Fixing scaling parameter channelType1pion0Apion0BetaScaling
2023/01/16 12:39:36.485696 [INFO] ************* Client mode ****************
2023/01/16 12:39:36.485706 [INFO] Connecting to server localhost:50001
2023/01/16 12:39:36.486695 [INFO] Received client id: 3
2023/01/16 12:39:36.486706 [INFO] Received channel id: 0
2023/01/16 12:39:36.486714 [INFO] Received data event range 11250 - 14999
2023/01/16 12:39:36.486720 [INFO] Received mc event range 33750 - 44999
2023/01/16 12:39:36.486788 [INFO] caching amplitudes enabled / disabled:	1
2023/01/16 12:39:36.486801 [INFO] data file: benchmark/pbarp/pi0pi0eta900/toyDataPbarPtoPi0Pi0Eta900.dat
2023/01/16 12:39:36.486808 [INFO] mc file: benchmark/pbarp/pi0pi0eta900/toyMCPbarPtoPi0Pi0Eta900.dat
2023/01/16 12:39:36.541281 [INFO] File has 3750 events.
2023/01/16 12:39:36.541292 [INFO] 0x115e190
2023/01/16 12:39:36.541297 [INFO]  Each event has 3 final state particles.

2023/01/16 12:39:36.541300 [INFO] 
2023/01/16 12:39:36.541312 [INFO] {Rank = 1 ( 0.451432,0.205531,-0.138816,0.352219) } 	m = 0.13498
2023/01/16 12:39:36.541317 [INFO] {Rank = 1 ( 0.894811,0.307928,0.621625,0.548844) } 	m = 0.13498
2023/01/16 12:39:36.541323 [INFO] {Rank = 1 ( 0.892163,-0.513458,-0.482809,-0.00106247) } 	m = 0.547
2023/01/16 12:39:36.541326 [INFO] 
2023/01/16 12:39:36.541331 [INFO] {Rank = 1 ( 0.772194,0.722798,0.211528,0.104316) } 	m = 0.13498
2023/01/16 12:39:36.541339 [INFO] {Rank = 1 ( 0.822296,-0.560462,0.00119906,0.586373) } 	m = 0.13498
2023/01/16 12:39:36.541344 [INFO] {Rank = 1 ( 0.643915,-0.162336,-0.212727,0.209311) } 	m = 0.547
2023/01/16 12:39:36.541347 [INFO] 
2023/01/16 12:39:36.541351 [INFO] {Rank = 1 ( 0.998933,0.53154,-0.630474,0.547371) } 	m = 0.13498
2023/01/16 12:39:36.541356 [INFO] {Rank = 1 ( 0.29387,-0.257482,0.0232375,-0.0361001) } 	m = 0.13498
2023/01/16 12:39:36.541361 [INFO] {Rank = 1 ( 0.945602,-0.274058,0.607237,0.388729) } 	m = 0.547
2023/01/16 12:39:36.541364 [INFO] 
2023/01/16 12:39:36.541368 [INFO] {Rank = 1 ( 0.502002,0.273631,0.341896,0.204985) } 	m = 0.13498
2023/01/16 12:39:36.541373 [INFO] {Rank = 1 ( 0.833761,0.0605404,-0.784859,0.23931) } 	m = 0.13498
2023/01/16 12:39:36.541378 [INFO] {Rank = 1 ( 0.902642,-0.334171,0.442963,0.455705) } 	m = 0.547
2023/01/16 12:39:36.541381 [INFO] 
2023/01/16 12:39:36.541386 [INFO] {Rank = 1 ( 0.467072,-0.356185,0.235012,-0.13356) } 	m = 0.13498
2023/01/16 12:39:36.541390 [INFO] {Rank = 1 ( 1.10737,0.204543,-0.561127,0.922682) } 	m = 0.13498
2023/01/16 12:39:36.541395 [INFO] {Rank = 1 ( 0.663965,0.151642,0.326115,0.110879) } 	m = 0.547
2023/01/16 12:39:36.541398 [INFO] 
2023/01/16 12:39:36.541403 [INFO] {Rank = 1 ( 0.887635,-0.648411,0.491213,0.328556) } 	m = 0.13498
2023/01/16 12:39:36.541408 [INFO] {Rank = 1 ( 0.455985,0.0160952,-0.293456,0.321446) } 	m = 0.13498
2023/01/16 12:39:36.541412 [INFO] {Rank = 1 ( 0.894784,0.632316,-0.197757,0.249998) } 	m = 0.547
2023/01/16 12:39:36.541415 [INFO] 
2023/01/16 12:39:36.541420 [INFO] {Rank = 1 ( 0.499596,-0.196523,-0.00352913,-0.439024) } 	m = 0.13498
2023/01/16 12:39:36.541425 [INFO] {Rank = 1 ( 0.700904,-0.229584,-0.23469,0.604366) } 	m = 0.13498
2023/01/16 12:39:36.541430 [INFO] {Rank = 1 ( 1.03791,0.426107,0.23822,0.734659) } 	m = 0.547
2023/01/16 12:39:36.541433 [INFO] 
2023/01/16 12:39:36.541437 [INFO] {Rank = 1 ( 0.566815,0.131473,-0.373282,-0.382668) } 	m = 0.13498
2023/01/16 12:39:36.541442 [INFO] {Rank = 1 ( 0.920752,0.0211353,0.0545764,0.908922) } 	m = 0.13498
2023/01/16 12:39:36.541447 [INFO] {Rank = 1 ( 0.750838,-0.152608,0.318706,0.373746) } 	m = 0.547
2023/01/16 12:39:36.541450 [INFO] 
2023/01/16 12:39:36.541454 [INFO] {Rank = 1 ( 0.496969,0.0152296,0.463235,-0.118067) } 	m = 0.13498
2023/01/16 12:39:36.541459 [INFO] {Rank = 1 ( 1.19015,-0.0351521,-0.473521,1.08294) } 	m = 0.134979
2023/01/16 12:39:36.541464 [INFO] {Rank = 1 ( 0.55129,0.0199225,0.0102854,-0.0648773) } 	m = 0.547
2023/01/16 12:39:36.541467 [INFO] 
2023/01/16 12:39:36.541472 [INFO] {Rank = 1 ( 0.857919,-0.796566,0.163099,0.238089) } 	m = 0.13498
2023/01/16 12:39:36.541476 [INFO] {Rank = 1 ( 0.653955,0.58191,-0.121724,0.236647) } 	m = 0.13498
2023/01/16 12:39:36.541481 [INFO] {Rank = 1 ( 0.726531,0.214656,-0.0413756,0.425264) } 	m = 0.547
2023/01/16 12:39:36.541484 [INFO] 
2023/01/16 12:39:36.694317 [INFO] File has 11250 events.
2023/01/16 12:39:36.694327 [INFO] 0x132bea0
2023/01/16 12:39:36.694331 [INFO]  Each event has 3 final state particles.

2023/01/16 12:39:36.694334 [INFO] 
2023/01/16 12:39:36.694341 [INFO] {Rank = 1 ( 0.746714,-0.425568,-0.341056,0.491869) } 	m = 0.13498
2023/01/16 12:39:36.694346 [INFO] {Rank = 1 ( 0.488219,-0.375415,0.145685,0.240785) } 	m = 0.13498
2023/01/16 12:39:36.694351 [INFO] {Rank = 1 ( 1.00347,0.800983,0.195371,0.167346) } 	m = 0.547
2023/01/16 12:39:36.694354 [INFO] 
2023/01/16 12:39:36.694360 [INFO] {Rank = 1 ( 0.260327,-0.154824,-0.0187185,0.158839) } 	m = 0.13498
2023/01/16 12:39:36.694364 [INFO] {Rank = 1 ( 0.686704,0.122935,0.60385,-0.271282) } 	m = 0.13498
2023/01/16 12:39:36.694369 [INFO] {Rank = 1 ( 1.29137,0.0318888,-0.585132,1.01244) } 	m = 0.547
2023/01/16 12:39:36.694372 [INFO] 
2023/01/16 12:39:36.694377 [INFO] {Rank = 1 ( 0.583572,-0.539429,-0.0329838,-0.173969) } 	m = 0.13498
2023/01/16 12:39:36.694382 [INFO] {Rank = 1 ( 0.348175,0.174499,0.267627,-0.0305287) } 	m = 0.13498
2023/01/16 12:39:36.694386 [INFO] {Rank = 1 ( 1.30666,0.364929,-0.234643,1.1045) } 	m = 0.547
2023/01/16 12:39:36.694393 [INFO] 
2023/01/16 12:39:36.694398 [INFO] {Rank = 1 ( 0.310753,0.173684,0.216403,-0.0367601) } 	m = 0.13498
2023/01/16 12:39:36.694403 [INFO] {Rank = 1 ( 0.978374,0.120371,0.492885,0.825573) } 	m = 0.13498
2023/01/16 12:39:36.694408 [INFO] {Rank = 1 ( 0.949278,-0.294055,-0.709288,0.111187) } 	m = 0.547
2023/01/16 12:39:36.694411 [INFO] 
2023/01/16 12:39:36.694416 [INFO] {Rank = 1 ( 0.826296,-0.646103,-0.242626,0.433853) } 	m = 0.13498
2023/01/16 12:39:36.694421 [INFO] {Rank = 1 ( 0.387475,0.117425,-0.331661,0.0901665) } 	m = 0.13498
2023/01/16 12:39:36.694425 [INFO] {Rank = 1 ( 1.02463,0.528678,0.574286,0.37598) } 	m = 0.547
2023/01/16 12:39:36.694428 [INFO] 
2023/01/16 12:39:36.694433 [INFO] {Rank = 1 ( 0.853362,-0.216139,0.307689,0.754068) } 	m = 0.13498
2023/01/16 12:39:36.694438 [INFO] {Rank = 1 ( 0.657285,0.617522,-0.163997,-0.0746713) } 	m = 0.13498
2023/01/16 12:39:36.694442 [INFO] {Rank = 1 ( 0.727757,-0.401383,-0.143692,0.220603) } 	m = 0.547
2023/01/16 12:39:36.694445 [INFO] 
2023/01/16 12:39:36.694450 [INFO] {Rank = 1 ( 0.412114,0.234739,-0.175346,-0.256457) } 	m = 0.13498
2023/01/16 12:39:36.694455 [INFO] {Rank = 1 ( 0.434114,-0.399708,-0.0378676,-0.0950515) } 	m = 0.13498
2023/01/16 12:39:36.694459 [INFO] {Rank = 1 ( 1.39218,0.164969,0.213213,1.25151) } 	m = 0.547
2023/01/16 12:39:36.694462 [INFO] 
2023/01/16 12:39:36.694467 [INFO] {Rank = 1 ( 0.612664,0.0041226,-0.0175055,0.59734) } 	m = 0.13498
2023/01/16 12:39:36.694472 [INFO] {Rank = 1 ( 0.829854,0.403406,0.0774999,0.708305) } 	m = 0.13498
2023/01/16 12:39:36.694476 [INFO] {Rank = 1 ( 0.795886,-0.407528,-0.0599944,-0.405644) } 	m = 0.547
2023/01/16 12:39:36.694479 [INFO] 
2023/01/16 12:39:36.694484 [INFO] {Rank = 1 ( 0.683575,-0.0890765,0.109537,0.655074) } 	m = 0.13498
2023/01/16 12:39:36.694489 [INFO] {Rank = 1 ( 0.627969,-0.472052,-0.340831,-0.192681) } 	m = 0.13498
2023/01/16 12:39:36.694493 [INFO] {Rank = 1 ( 0.926861,0.561129,0.231294,0.437606) } 	m = 0.547
2023/01/16 12:39:36.694496 [INFO] 
2023/01/16 12:39:36.694501 [INFO] {Rank = 1 ( 0.51273,0.00762718,0.237756,-0.433689) } 	m = 0.13498
2023/01/16 12:39:36.694506 [INFO] {Rank = 1 ( 0.303374,0.257035,0.0404464,0.0781862) } 	m = 0.13498
2023/01/16 12:39:36.694510 [INFO] {Rank = 1 ( 1.4223,-0.264662,-0.278203,1.2555) } 	m = 0.547
2023/01/16 12:39:36.694513 [INFO] 
2023/01/16 12:39:36.694528 [INFO] 4vec calculation for event 0
2023/01/16 12:39:36.694730 [INFO] 4vec all in lab system
 px: 1.49012e-08	 py: -1.49012e-08	 pz: 0.9	 e : 2.2384	 m : 2.0495
2023/01/16 12:39:36.756268 [INFO] 4vec calculation for event 500
2023/01/16 12:39:36.817804 [INFO] 4vec calculation for event 1000
2023/01/16 12:39:36.879272 [INFO] 4vec calculation for event 1500
2023/01/16 12:39:36.940761 [INFO] 4vec calculation for event 2000
2023/01/16 12:39:37.002125 [INFO] 4vec calculation for event 2500
2023/01/16 12:39:37.063545 [INFO] 4vec calculation for event 3000
2023/01/16 12:39:37.125114 [INFO] 4vec calculation for event 3500
2023/01/16 12:39:37.155781 [INFO] 4vec calculation for event 0
2023/01/16 12:39:37.155928 [INFO] 4vec all in lab system
 px: -2.98023e-08	 py: 0	 pz: 0.9	 e : 2.2384	 m : 2.0495
2023/01/16 12:39:37.217297 [INFO] 4vec calculation for event 500
2023/01/16 12:39:37.278934 [INFO] 4vec calculation for event 1000
2023/01/16 12:39:37.340331 [INFO] 4vec calculation for event 1500
2023/01/16 12:39:37.401819 [INFO] 4vec calculation for event 2000
2023/01/16 12:39:37.463411 [INFO] 4vec calculation for event 2500
2023/01/16 12:39:37.524920 [INFO] 4vec calculation for event 3000
2023/01/16 12:39:37.586372 [INFO] 4vec calculation for event 3500
2023/01/16 12:39:37.647835 [INFO] 4vec calculation for event 4000
2023/01/16 12:39:37.709315 [INFO] 4vec calculation for event 4500
2023/01/16 12:39:37.770962 [INFO] 4vec calculation for event 5000
2023/01/16 12:39:37.832553 [INFO] 4vec calculation for event 5500
2023/01/16 12:39:37.894108 [INFO] 4vec calculation for event 6000
2023/01/16 12:39:37.955608 [INFO] 4vec calculation for event 6500
2023/01/16 12:39:38.017034 [INFO] 4vec calculation for event 7000
2023/01/16 12:39:38.078534 [INFO] 4vec calculation for event 7500
2023/01/16 12:39:38.139977 [INFO] 4vec calculation for event 8000
2023/01/16 12:39:38.201550 [INFO] 4vec calculation for event 8500
2023/01/16 12:39:38.263099 [INFO] 4vec calculation for event 9000
2023/01/16 12:39:38.324431 [INFO] 4vec calculation for event 9500
2023/01/16 12:39:38.385716 [INFO] 4vec calculation for event 10000
2023/01/16 12:39:38.385864 [INFO] 4vec all in lab system
 px: -3.35276e-08	 py: -7.45058e-09	 pz: 0.9	 e : 2.2384	 m : 2.0495
2023/01/16 12:39:38.447310 [INFO] 4vec calculation for event 10500
2023/01/16 12:39:38.508737 [INFO] 4vec calculation for event 11000
2023/01/16 12:47:15.182967 [INFO] Received goodbye. Exiting.
