2023/01/16 12:39:36.476896 [INFO] 
                                       MMMMM
                                      M8NO  +M
                                    NO       M         ,MM
                                    MM     ?MN,   D8MMMO  :NMM
                               :MZ            ZM  MZ            NM,  M
                              M,          :M   MMN            DMMN M  ~
                             M        8MMM M  M,    7O: :M, M+     N:
                            M  =NMZ M     ,M8 M    ,O     MM   :    M
                            D  DM   M    $8        I= MM  $M   7    M
                           Z~ M M  O 8   8          M     N MM    DM
                           8, O    MM    M           :MM8,     ,, MMD
                           O:       M    87MMO ,  MM~                ,M,
                           I=O  M   M   M        M                     M
                           :M   M   N   M N,     M                    M~
                           :M  ?~  N    8I+  M    MMMMMMMMMMMMMMMOM? 7,
                            M  ++  M   8MZ7  M     M                MM
                            M   D  M  N   N   M,    ND          DM8,
                            M   M  M M~M               DMNM88= 8,
                            M    8  ?M?       M                 M~
                            M      N~8       ?$    :             M
                            NN      M     M  M     M             8:
                            D M    M   DDM   M     M               M,
                            D     ,D  D?M    N     M                 ND
                            M     M  ,O8$   ,7     M    M    M         M~
                            NN  8IO  M M    I=     =    M    M          ,M
                                 M  M                   M    M I          M
                                ~M ?8                 M M    M +M   MM     N
        N+I8MMM~                MM M ,      M         M D    M   M   MON   ~$
        M       NM              M8   M      O     D   M Z+  M:    M,  M M   M
         ,MMMD    88            8M   N     M      M         M      ~M  M M+  M
               7M, MI          +ZM  M      M      M        I$ $NI    M ,O M8 ?O
                 ?N M          I:   M      M       8       M     ,    M M     M
                  M +?         8,          N       M       N    :MMMMM7D M    M
                   D M         8,                  N,     ,$   M       M 8    8:
                   N,D,        ?:    =MMMMMZ               D  M         M  M  8ZMM
                    M ND       :Z=MO,                      N    MM8ZN8  M  M  M+ ,:~MMM 8~
                     M  DMMMMMNZ             D    ~MM        :MM        M   M MM    MNMM M
                     $7           DMMZZNOMMNMZ       M     =M       MZ  :7 MM   MM$ M8   N$ M
                       MO      MMZ        Z                +   ,MMD   +  D M~8  N  M       M
                          ?I=    D         8                        ,NMMMMO MM M 8  M     ID
                                  8        D                     MN,     M  ~,  MM       8N
     ,MNZ,  ,8MM         :~ZMMM,  :8       D                   8         ,M      N
   88           :M   M+         M  ,D       D                $            M      M
  M:       M      M ,7           D  8N$     8~             :D             M      M ?M,
  M    7   M      M M   +MM?     M ,8  D8    D=          ,D              Z?     ,O
  $I~ ~?  Z8     M  M      M     M 7+  M  :,   D$      8Z  M? M          M$D+M  7M?
   Z:  MMN       N, M     M?     M D   M          =$~   M :+  D,      NMMMMM OMM  MM          MMM
   O:           :M $Z    D8      M M   M          M     M O:  N      M     ,O     M M        M   N
   $~          M:  M  D  DM      O N   M   MM     M    :N M   M     +7      M     M  M       D   D
   ~=  MNMMMM8    D: $     M    ?Z M   D   M M    M    M  M   M     M M M   7,    M   M     D~   7=
   ~I     M       N  O     :$   N  M   D   8 Z=   M   M~  M   M     Z   N    M    M   D,    M    Z
    M     M      M   D     $~   M  M   N   M  M   M   M   Z   M    M         D    M    N    M    M
    M     M      O   M     M    M  M   M  M     ,M   Z7  N~   N    M  NM     M    N    M    M    M
 M  M     M     M    M     D    M  M   MMM   M M     M   M    M    N M  N    M   7$     D   M    M
  MMM7  MN     O$   M     M    N   M          +      M   M    $   N +I  ~+   M   M  ,   M   M    M
                MMM+      M    M   M       M,        N   M   O=   M M   ~?   M   M M~NN  M  8    M
                           N  $$   7M      M+       D    8   M    M M   D,   M   M M  M  ,N 8    D
                            D8:     M      OM      MN    D   M  , M M   M    M   O $  +~  $MZ    D
                                     :M88DM  N +MM+      MMM$M  N~+~N   D,   M  :8  D  M         N
                                                                 MMM     M   M  Z=  M  M         D

//************************************************************************//
//									  //
//  Copyright 2013 Bertram Kopf (bertram@ep1.rub.de)			  //
//  	      	   Julian Pychy (julian@ep1.rub.de)			  //
//          	   - Ruhr-Universität Bochum 				  //
//									  //
//  Pawian is free software: you can redistribute it and/or modify	  //
//  it under the terms of the GNU General Public License as published by  //
//  the Free Software Foundation, either version 3 of the License, or 	  //
//  (at your option) any later version.	 	      	  	   	  //
//									  //
//  Pawian is distributed in the hope that it will be useful,		  //
//  but WITHOUT ANY WARRANTY; without even the implied warranty of	  //
//  MERCHANTABILITY or FITNESS FOR A PARTICULAR PURPOSE.  See the	  //
//  GNU General Public License for more details.	      		  //
//									  //
//  You should have received a copy of the GNU General Public License     //
//  along with Pawian.  If not, see <http://www.gnu.org/licenses/>.	  //
//									  //
//************************************************************************//

   
2023/01/16 12:39:36.476946 [INFO] Compiled Dec 21 2022 13:15:47
2023/01/16 12:39:36.476951 [INFO] Hostname: pc70
2023/01/16 12:39:36.477975 [WARN] ConfigParser/ParserBase.cc line 297: multithreading is not supported anymore!!! Reset noOfThreads from 2 to 1
2023/01/16 12:39:36.480378 [INFO] initial4Vec: {Rank = 1 ( 2.2384,0,0,0.9) } 
2023/01/16 12:39:36.480390 [INFO] projectile4Vec: {Rank = 1 ( 1.30013,0,0,0.9) } 
2023/01/16 12:39:36.481190 [INFO] 
The spins of the final state particles are:
2023/01/16 12:39:36.481199 [INFO] pion0A : 0
2023/01/16 12:39:36.481203 [INFO] pion0B : 0
2023/01/16 12:39:36.481206 [INFO] eta : 0
2023/01/16 12:39:36.481209 [INFO] 
current projection is:
2023/01/16 12:39:36.481213 [INFO] 0	lambda: 0
2023/01/16 12:39:36.481216 [INFO] 0	lambda: 0
2023/01/16 12:39:36.481219 [INFO] 0	lambda: 0

JPCLS amplitudes for decay	f2(1270)Topion0A_pion0B:
suffix for fit parameter name:	f2(1270)Topion0A_pion0B
JPC=2++	L,S=2,0	preFactorLS=0


2023/01/16 12:39:36.481303 [INFO] added decay f2(1270)Topion0A_pion0B to decay list

JPCLS amplitudes for decay	a2(1320)0ATopion0A_eta:
suffix for fit parameter name:	a2(1320)0ATopion0A_eta
JPC=2++	L,S=2,0	preFactorLS=0


2023/01/16 12:39:36.481320 [INFO] added decay a2(1320)0ATopion0A_eta to decay list

JPCLS amplitudes for decay	a2(1320)0BTopion0B_eta:
suffix for fit parameter name:	a2(1320)0BTopion0B_eta
JPC=2++	L,S=2,0	preFactorLS=0


2023/01/16 12:39:36.481335 [INFO] added decay a2(1320)0BTopion0B_eta to decay list

***ProdChannelInfo***
particle1: f2(1270)	particle2: eta
with production barrier: 0

***ProdChannelInfo***
particle1: a2(1320)0B	particle2: pion0A
with production barrier: 0

***ProdChannelInfo***
particle1: a2(1320)0A	particle2: pion0B
with production barrier: 0
2023/01/16 12:39:36.481515 [WARN] PwaUtils/DataUtils.cc line 139: G-Parity not valid and no LS amplitudes considered for
 JPG= 0 -1 -1 -->  JPG= 2 1 1 and  JPG= 0 -1 1
2023/01/16 12:39:36.481522 [WARN] PwaUtils/DataUtils.cc line 139: G-Parity not valid and no LS amplitudes considered for
 JPG= 0 -1 -1 -->  JPG= 2 1 1 and  JPG= 0 -1 1
2023/01/16 12:39:36.481526 [WARN] PwaUtils/DataUtils.cc line 139: G-Parity not valid and no LS amplitudes considered for
 JPG= 0 -1 -1 -->  JPG= 2 1 1 and  JPG= 0 -1 1
2023/01/16 12:39:36.481537 [INFO] Skip amplitude I1G-1J0P-1C1Tof2(1270)_eta	JPCLSAmps().size(): 0	isospinCG(): 0
a2(1320)0B	mass=1.318+0-0	width=0.107+0-0	3*q=0	2*J=4	P=1	p=-2	C=1	c=-2	G=-2	theGParity=-1	2*I=2	2*I3=0	charm=0	strange=0
pion0A	mass=0.13498+0-0	width=0.0001+0-0	3*q=0	2*J=0	P=-1	p=-2	C=1	c=-2	G=-2	theGParity=-1	2*I=2	2*I3=0	charm=0	strange=0
2023/01/16 12:39:36.481581 [WARN] PwaUtils/DataUtils.cc line 139: G-Parity not valid and no LS amplitudes considered for
 JPG= 0 -1 -1 -->  JPG= 2 1 -1 and  JPG= 0 -1 -1
2023/01/16 12:39:36.481586 [WARN] PwaUtils/DataUtils.cc line 139: G-Parity not valid and no LS amplitudes considered for
 JPG= 0 -1 -1 -->  JPG= 2 1 -1 and  JPG= 0 -1 -1
2023/01/16 12:39:36.481590 [WARN] PwaUtils/DataUtils.cc line 139: G-Parity not valid and no LS amplitudes considered for
 JPG= 0 -1 -1 -->  JPG= 2 1 -1 and  JPG= 0 -1 -1
2023/01/16 12:39:36.481594 [INFO] Skip amplitude I1G-1J0P-1C1Toa2(1320)0B_pion0A	JPCLSAmps().size(): 0	isospinCG(): 0
a2(1320)0A	mass=1.318+0-0	width=0.107+0-0	3*q=0	2*J=4	P=1	p=-2	C=1	c=-2	G=-2	theGParity=-1	2*I=2	2*I3=0	charm=0	strange=0
pion0B	mass=0.13498+0-0	width=0.0001+0-0	3*q=0	2*J=0	P=-1	p=-2	C=1	c=-2	G=-2	theGParity=-1	2*I=2	2*I3=0	charm=0	strange=0
2023/01/16 12:39:36.481619 [WARN] PwaUtils/DataUtils.cc line 139: G-Parity not valid and no LS amplitudes considered for
 JPG= 0 -1 -1 -->  JPG= 2 1 -1 and  JPG= 0 -1 -1
2023/01/16 12:39:36.481623 [WARN] PwaUtils/DataUtils.cc line 139: G-Parity not valid and no LS amplitudes considered for
 JPG= 0 -1 -1 -->  JPG= 2 1 -1 and  JPG= 0 -1 -1
2023/01/16 12:39:36.481627 [WARN] PwaUtils/DataUtils.cc line 139: G-Parity not valid and no LS amplitudes considered for
 JPG= 0 -1 -1 -->  JPG= 2 1 -1 and  JPG= 0 -1 -1
2023/01/16 12:39:36.481631 [INFO] Skip amplitude I1G-1J0P-1C1Toa2(1320)0A_pion0B	JPCLSAmps().size(): 0	isospinCG(): 0
f2(1270)	mass=1.275+0-0	width=0.185+0-0	3*q=0	2*J=4	P=1	p=-2	C=1	c=-2	G=-2	theGParity=1	2*I=0	2*I3=0	charm=0	strange=0
eta	mass=0.547+0.01-0.01	width=0.0001+0-0	3*q=0	2*J=0	P=-1	p=-2	C=1	c=-2	G=-2	theGParity=1	2*I=0	2*I3=0	charm=0	strange=0
2023/01/16 12:39:36.481655 [INFO] Skip amplitude I0G1J0P1C1Tof2(1270)_eta	JPCLSAmps().size(): 0	isospinCG(): 1
a2(1320)0B	mass=1.318+0-0	width=0.107+0-0	3*q=0	2*J=4	P=1	p=-2	C=1	c=-2	G=-2	theGParity=-1	2*I=2	2*I3=0	charm=0	strange=0
pion0A	mass=0.13498+0-0	width=0.0001+0-0	3*q=0	2*J=0	P=-1	p=-2	C=1	c=-2	G=-2	theGParity=-1	2*I=2	2*I3=0	charm=0	strange=0
2023/01/16 12:39:36.481679 [INFO] Skip amplitude I0G1J0P1C1Toa2(1320)0B_pion0A	JPCLSAmps().size(): 0	isospinCG(): -0.57735
a2(1320)0A	mass=1.318+0-0	width=0.107+0-0	3*q=0	2*J=4	P=1	p=-2	C=1	c=-2	G=-2	theGParity=-1	2*I=2	2*I3=0	charm=0	strange=0
pion0B	mass=0.13498+0-0	width=0.0001+0-0	3*q=0	2*J=0	P=-1	p=-2	C=1	c=-2	G=-2	theGParity=-1	2*I=2	2*I3=0	charm=0	strange=0
2023/01/16 12:39:36.481702 [INFO] Skip amplitude I0G1J0P1C1Toa2(1320)0A_pion0B	JPCLSAmps().size(): 0	isospinCG(): -0.57735
f2(1270)	mass=1.275+0-0	width=0.185+0-0	3*q=0	2*J=4	P=1	p=-2	C=1	c=-2	G=-2	theGParity=1	2*I=0	2*I3=0	charm=0	strange=0
eta	mass=0.547+0.01-0.01	width=0.0001+0-0	3*q=0	2*J=0	P=-1	p=-2	C=1	c=-2	G=-2	theGParity=1	2*I=0	2*I3=0	charm=0	strange=0
2023/01/16 12:39:36.481725 [WARN] PwaUtils/DataUtils.cc line 139: G-Parity not valid and no LS amplitudes considered for
 JPG= 0 1 -1 -->  JPG= 2 1 1 and  JPG= 0 -1 1
2023/01/16 12:39:36.481730 [WARN] PwaUtils/DataUtils.cc line 139: G-Parity not valid and no LS amplitudes considered for
 JPG= 0 1 -1 -->  JPG= 2 1 1 and  JPG= 0 -1 1
2023/01/16 12:39:36.481734 [WARN] PwaUtils/DataUtils.cc line 139: G-Parity not valid and no LS amplitudes considered for
 JPG= 0 1 -1 -->  JPG= 2 1 1 and  JPG= 0 -1 1
2023/01/16 12:39:36.481738 [INFO] Skip amplitude I1G-1J0P1C1Tof2(1270)_eta	JPCLSAmps().size(): 0	isospinCG(): 0
a2(1320)0B	mass=1.318+0-0	width=0.107+0-0	3*q=0	2*J=4	P=1	p=-2	C=1	c=-2	G=-2	theGParity=-1	2*I=2	2*I3=0	charm=0	strange=0
pion0A	mass=0.13498+0-0	width=0.0001+0-0	3*q=0	2*J=0	P=-1	p=-2	C=1	c=-2	G=-2	theGParity=-1	2*I=2	2*I3=0	charm=0	strange=0
2023/01/16 12:39:36.481763 [WARN] PwaUtils/DataUtils.cc line 139: G-Parity not valid and no LS amplitudes considered for
 JPG= 0 1 -1 -->  JPG= 2 1 -1 and  JPG= 0 -1 -1
2023/01/16 12:39:36.481768 [WARN] PwaUtils/DataUtils.cc line 139: G-Parity not valid and no LS amplitudes considered for
 JPG= 0 1 -1 -->  JPG= 2 1 -1 and  JPG= 0 -1 -1
2023/01/16 12:39:36.481772 [WARN] PwaUtils/DataUtils.cc line 139: G-Parity not valid and no LS amplitudes considered for
 JPG= 0 1 -1 -->  JPG= 2 1 -1 and  JPG= 0 -1 -1
2023/01/16 12:39:36.481776 [INFO] Skip amplitude I1G-1J0P1C1Toa2(1320)0B_pion0A	JPCLSAmps().size(): 0	isospinCG(): 0
a2(1320)0A	mass=1.318+0-0	width=0.107+0-0	3*q=0	2*J=4	P=1	p=-2	C=1	c=-2	G=-2	theGParity=-1	2*I=2	2*I3=0	charm=0	strange=0
pion0B	mass=0.13498+0-0	width=0.0001+0-0	3*q=0	2*J=0	P=-1	p=-2	C=1	c=-2	G=-2	theGParity=-1	2*I=2	2*I3=0	charm=0	strange=0
2023/01/16 12:39:36.481804 [WARN] PwaUtils/DataUtils.cc line 139: G-Parity not valid and no LS amplitudes considered for
 JPG= 0 1 -1 -->  JPG= 2 1 -1 and  JPG= 0 -1 -1
2023/01/16 12:39:36.481808 [WARN] PwaUtils/DataUtils.cc line 139: G-Parity not valid and no LS amplitudes considered for
 JPG= 0 1 -1 -->  JPG= 2 1 -1 and  JPG= 0 -1 -1
2023/01/16 12:39:36.481813 [WARN] PwaUtils/DataUtils.cc line 139: G-Parity not valid and no LS amplitudes considered for
 JPG= 0 1 -1 -->  JPG= 2 1 -1 and  JPG= 0 -1 -1
2023/01/16 12:39:36.481816 [INFO] Skip amplitude I1G-1J0P1C1Toa2(1320)0A_pion0B	JPCLSAmps().size(): 0	isospinCG(): 0
f2(1270)	mass=1.275+0-0	width=0.185+0-0	3*q=0	2*J=4	P=1	p=-2	C=1	c=-2	G=-2	theGParity=1	2*I=0	2*I3=0	charm=0	strange=0
eta	mass=0.547+0.01-0.01	width=0.0001+0-0	3*q=0	2*J=0	P=-1	p=-2	C=1	c=-2	G=-2	theGParity=1	2*I=0	2*I3=0	charm=0	strange=0
2023/01/16 12:39:36.481841 [WARN] PwaUtils/DataUtils.cc line 117: C-Parity not valid and no LS amplitudes considered for
1 -1 -1 -->  JPC= 2 1 1 and  JPC= 0 -1 1
2023/01/16 12:39:36.481847 [WARN] PwaUtils/DataUtils.cc line 117: C-Parity not valid and no LS amplitudes considered for
1 -1 -1 -->  JPC= 2 1 1 and  JPC= 0 -1 1
2023/01/16 12:39:36.481851 [WARN] PwaUtils/DataUtils.cc line 117: C-Parity not valid and no LS amplitudes considered for
1 -1 -1 -->  JPC= 2 1 1 and  JPC= 0 -1 1
2023/01/16 12:39:36.481855 [INFO] Skip amplitude I0G-1J1P-1C-1Tof2(1270)_eta	JPCLSAmps().size(): 0	isospinCG(): 1
a2(1320)0B	mass=1.318+0-0	width=0.107+0-0	3*q=0	2*J=4	P=1	p=-2	C=1	c=-2	G=-2	theGParity=-1	2*I=2	2*I3=0	charm=0	strange=0
pion0A	mass=0.13498+0-0	width=0.0001+0-0	3*q=0	2*J=0	P=-1	p=-2	C=1	c=-2	G=-2	theGParity=-1	2*I=2	2*I3=0	charm=0	strange=0
2023/01/16 12:39:36.481879 [WARN] PwaUtils/DataUtils.cc line 117: C-Parity not valid and no LS amplitudes considered for
1 -1 -1 -->  JPC= 2 1 1 and  JPC= 0 -1 1
2023/01/16 12:39:36.481884 [WARN] PwaUtils/DataUtils.cc line 117: C-Parity not valid and no LS amplitudes considered for
1 -1 -1 -->  JPC= 2 1 1 and  JPC= 0 -1 1
2023/01/16 12:39:36.481889 [WARN] PwaUtils/DataUtils.cc line 117: C-Parity not valid and no LS amplitudes considered for
1 -1 -1 -->  JPC= 2 1 1 and  JPC= 0 -1 1
2023/01/16 12:39:36.481892 [INFO] Skip amplitude I0G-1J1P-1C-1Toa2(1320)0B_pion0A	JPCLSAmps().size(): 0	isospinCG(): -0.57735
a2(1320)0A	mass=1.318+0-0	width=0.107+0-0	3*q=0	2*J=4	P=1	p=-2	C=1	c=-2	G=-2	theGParity=-1	2*I=2	2*I3=0	charm=0	strange=0
pion0B	mass=0.13498+0-0	width=0.0001+0-0	3*q=0	2*J=0	P=-1	p=-2	C=1	c=-2	G=-2	theGParity=-1	2*I=2	2*I3=0	charm=0	strange=0
2023/01/16 12:39:36.481916 [WARN] PwaUtils/DataUtils.cc line 117: C-Parity not valid and no LS amplitudes considered for
1 -1 -1 -->  JPC= 2 1 1 and  JPC= 0 -1 1
2023/01/16 12:39:36.481921 [WARN] PwaUtils/DataUtils.cc line 117: C-Parity not valid and no LS amplitudes considered for
1 -1 -1 -->  JPC= 2 1 1 and  JPC= 0 -1 1
2023/01/16 12:39:36.481926 [WARN] PwaUtils/DataUtils.cc line 117: C-Parity not valid and no LS amplitudes considered for
1 -1 -1 -->  JPC= 2 1 1 and  JPC= 0 -1 1
2023/01/16 12:39:36.481929 [INFO] Skip amplitude I0G-1J1P-1C-1Toa2(1320)0A_pion0B	JPCLSAmps().size(): 0	isospinCG(): -0.57735
f2(1270)	mass=1.275+0-0	width=0.185+0-0	3*q=0	2*J=4	P=1	p=-2	C=1	c=-2	G=-2	theGParity=1	2*I=0	2*I3=0	charm=0	strange=0
eta	mass=0.547+0.01-0.01	width=0.0001+0-0	3*q=0	2*J=0	P=-1	p=-2	C=1	c=-2	G=-2	theGParity=1	2*I=0	2*I3=0	charm=0	strange=0
2023/01/16 12:39:36.481955 [WARN] PwaUtils/DataUtils.cc line 117: C-Parity not valid and no LS amplitudes considered for
1 -1 -1 -->  JPC= 2 1 1 and  JPC= 0 -1 1
2023/01/16 12:39:36.481960 [WARN] PwaUtils/DataUtils.cc line 117: C-Parity not valid and no LS amplitudes considered for
1 -1 -1 -->  JPC= 2 1 1 and  JPC= 0 -1 1
2023/01/16 12:39:36.481965 [WARN] PwaUtils/DataUtils.cc line 117: C-Parity not valid and no LS amplitudes considered for
1 -1 -1 -->  JPC= 2 1 1 and  JPC= 0 -1 1
2023/01/16 12:39:36.481969 [INFO] Skip amplitude I1G1J1P-1C-1Tof2(1270)_eta	JPCLSAmps().size(): 0	isospinCG(): 0
a2(1320)0B	mass=1.318+0-0	width=0.107+0-0	3*q=0	2*J=4	P=1	p=-2	C=1	c=-2	G=-2	theGParity=-1	2*I=2	2*I3=0	charm=0	strange=0
pion0A	mass=0.13498+0-0	width=0.0001+0-0	3*q=0	2*J=0	P=-1	p=-2	C=1	c=-2	G=-2	theGParity=-1	2*I=2	2*I3=0	charm=0	strange=0
2023/01/16 12:39:36.481993 [WARN] PwaUtils/DataUtils.cc line 117: C-Parity not valid and no LS amplitudes considered for
1 -1 -1 -->  JPC= 2 1 1 and  JPC= 0 -1 1
2023/01/16 12:39:36.481998 [WARN] PwaUtils/DataUtils.cc line 117: C-Parity not valid and no LS amplitudes considered for
1 -1 -1 -->  JPC= 2 1 1 and  JPC= 0 -1 1
2023/01/16 12:39:36.482002 [WARN] PwaUtils/DataUtils.cc line 117: C-Parity not valid and no LS amplitudes considered for
1 -1 -1 -->  JPC= 2 1 1 and  JPC= 0 -1 1
2023/01/16 12:39:36.482006 [INFO] Skip amplitude I1G1J1P-1C-1Toa2(1320)0B_pion0A	JPCLSAmps().size(): 0	isospinCG(): 0
a2(1320)0A	mass=1.318+0-0	width=0.107+0-0	3*q=0	2*J=4	P=1	p=-2	C=1	c=-2	G=-2	theGParity=-1	2*I=2	2*I3=0	charm=0	strange=0
pion0B	mass=0.13498+0-0	width=0.0001+0-0	3*q=0	2*J=0	P=-1	p=-2	C=1	c=-2	G=-2	theGParity=-1	2*I=2	2*I3=0	charm=0	strange=0
2023/01/16 12:39:36.482029 [WARN] PwaUtils/DataUtils.cc line 117: C-Parity not valid and no LS amplitudes considered for
1 -1 -1 -->  JPC= 2 1 1 and  JPC= 0 -1 1
2023/01/16 12:39:36.482034 [WARN] PwaUtils/DataUtils.cc line 117: C-Parity not valid and no LS amplitudes considered for
1 -1 -1 -->  JPC= 2 1 1 and  JPC= 0 -1 1
2023/01/16 12:39:36.482039 [WARN] PwaUtils/DataUtils.cc line 117: C-Parity not valid and no LS amplitudes considered for
1 -1 -1 -->  JPC= 2 1 1 and  JPC= 0 -1 1
2023/01/16 12:39:36.482043 [INFO] Skip amplitude I1G1J1P-1C-1Toa2(1320)0A_pion0B	JPCLSAmps().size(): 0	isospinCG(): 0
f2(1270)	mass=1.275+0-0	width=0.185+0-0	3*q=0	2*J=4	P=1	p=-2	C=1	c=-2	G=-2	theGParity=1	2*I=0	2*I3=0	charm=0	strange=0
eta	mass=0.547+0.01-0.01	width=0.0001+0-0	3*q=0	2*J=0	P=-1	p=-2	C=1	c=-2	G=-2	theGParity=1	2*I=0	2*I3=0	charm=0	strange=0
2023/01/16 12:39:36.482067 [WARN] PwaUtils/DataUtils.cc line 117: C-Parity not valid and no LS amplitudes considered for
1 1 -1 -->  JPC= 2 1 1 and  JPC= 0 -1 1
2023/01/16 12:39:36.482072 [WARN] PwaUtils/DataUtils.cc line 117: C-Parity not valid and no LS amplitudes considered for
1 1 -1 -->  JPC= 2 1 1 and  JPC= 0 -1 1
2023/01/16 12:39:36.482076 [WARN] PwaUtils/DataUtils.cc line 117: C-Parity not valid and no LS amplitudes considered for
1 1 -1 -->  JPC= 2 1 1 and  JPC= 0 -1 1
2023/01/16 12:39:36.482080 [INFO] Skip amplitude I0G-1J1P1C-1Tof2(1270)_eta	JPCLSAmps().size(): 0	isospinCG(): 1
a2(1320)0B	mass=1.318+0-0	width=0.107+0-0	3*q=0	2*J=4	P=1	p=-2	C=1	c=-2	G=-2	theGParity=-1	2*I=2	2*I3=0	charm=0	strange=0
pion0A	mass=0.13498+0-0	width=0.0001+0-0	3*q=0	2*J=0	P=-1	p=-2	C=1	c=-2	G=-2	theGParity=-1	2*I=2	2*I3=0	charm=0	strange=0
2023/01/16 12:39:36.482107 [WARN] PwaUtils/DataUtils.cc line 117: C-Parity not valid and no LS amplitudes considered for
1 1 -1 -->  JPC= 2 1 1 and  JPC= 0 -1 1
2023/01/16 12:39:36.482112 [WARN] PwaUtils/DataUtils.cc line 117: C-Parity not valid and no LS amplitudes considered for
1 1 -1 -->  JPC= 2 1 1 and  JPC= 0 -1 1
2023/01/16 12:39:36.482117 [WARN] PwaUtils/DataUtils.cc line 117: C-Parity not valid and no LS amplitudes considered for
1 1 -1 -->  JPC= 2 1 1 and  JPC= 0 -1 1
2023/01/16 12:39:36.482120 [INFO] Skip amplitude I0G-1J1P1C-1Toa2(1320)0B_pion0A	JPCLSAmps().size(): 0	isospinCG(): -0.57735
a2(1320)0A	mass=1.318+0-0	width=0.107+0-0	3*q=0	2*J=4	P=1	p=-2	C=1	c=-2	G=-2	theGParity=-1	2*I=2	2*I3=0	charm=0	strange=0
pion0B	mass=0.13498+0-0	width=0.0001+0-0	3*q=0	2*J=0	P=-1	p=-2	C=1	c=-2	G=-2	theGParity=-1	2*I=2	2*I3=0	charm=0	strange=0
2023/01/16 12:39:36.482146 [WARN] PwaUtils/DataUtils.cc line 117: C-Parity not valid and no LS amplitudes considered for
1 1 -1 -->  JPC= 2 1 1 and  JPC= 0 -1 1
2023/01/16 12:39:36.482152 [WARN] PwaUtils/DataUtils.cc line 117: C-Parity not valid and no LS amplitudes considered for
1 1 -1 -->  JPC= 2 1 1 and  JPC= 0 -1 1
2023/01/16 12:39:36.482156 [WARN] PwaUtils/DataUtils.cc line 117: C-Parity not valid and no LS amplitudes considered for
1 1 -1 -->  JPC= 2 1 1 and  JPC= 0 -1 1
2023/01/16 12:39:36.482160 [INFO] Skip amplitude I0G-1J1P1C-1Toa2(1320)0A_pion0B	JPCLSAmps().size(): 0	isospinCG(): -0.57735
f2(1270)	mass=1.275+0-0	width=0.185+0-0	3*q=0	2*J=4	P=1	p=-2	C=1	c=-2	G=-2	theGParity=1	2*I=0	2*I3=0	charm=0	strange=0
eta	mass=0.547+0.01-0.01	width=0.0001+0-0	3*q=0	2*J=0	P=-1	p=-2	C=1	c=-2	G=-2	theGParity=1	2*I=0	2*I3=0	charm=0	strange=0
2023/01/16 12:39:36.482183 [WARN] PwaUtils/DataUtils.cc line 117: C-Parity not valid and no LS amplitudes considered for
1 1 -1 -->  JPC= 2 1 1 and  JPC= 0 -1 1
2023/01/16 12:39:36.482189 [WARN] PwaUtils/DataUtils.cc line 117: C-Parity not valid and no LS amplitudes considered for
1 1 -1 -->  JPC= 2 1 1 and  JPC= 0 -1 1
2023/01/16 12:39:36.482193 [WARN] PwaUtils/DataUtils.cc line 117: C-Parity not valid and no LS amplitudes considered for
1 1 -1 -->  JPC= 2 1 1 and  JPC= 0 -1 1
2023/01/16 12:39:36.482197 [INFO] Skip amplitude I1G1J1P1C-1Tof2(1270)_eta	JPCLSAmps().size(): 0	isospinCG(): 0
a2(1320)0B	mass=1.318+0-0	width=0.107+0-0	3*q=0	2*J=4	P=1	p=-2	C=1	c=-2	G=-2	theGParity=-1	2*I=2	2*I3=0	charm=0	strange=0
pion0A	mass=0.13498+0-0	width=0.0001+0-0	3*q=0	2*J=0	P=-1	p=-2	C=1	c=-2	G=-2	theGParity=-1	2*I=2	2*I3=0	charm=0	strange=0
2023/01/16 12:39:36.482220 [WARN] PwaUtils/DataUtils.cc line 117: C-Parity not valid and no LS amplitudes considered for
1 1 -1 -->  JPC= 2 1 1 and  JPC= 0 -1 1
2023/01/16 12:39:36.482225 [WARN] PwaUtils/DataUtils.cc line 117: C-Parity not valid and no LS amplitudes considered for
1 1 -1 -->  JPC= 2 1 1 and  JPC= 0 -1 1
2023/01/16 12:39:36.482230 [WARN] PwaUtils/DataUtils.cc line 117: C-Parity not valid and no LS amplitudes considered for
1 1 -1 -->  JPC= 2 1 1 and  JPC= 0 -1 1
2023/01/16 12:39:36.482233 [INFO] Skip amplitude I1G1J1P1C-1Toa2(1320)0B_pion0A	JPCLSAmps().size(): 0	isospinCG(): 0
a2(1320)0A	mass=1.318+0-0	width=0.107+0-0	3*q=0	2*J=4	P=1	p=-2	C=1	c=-2	G=-2	theGParity=-1	2*I=2	2*I3=0	charm=0	strange=0
pion0B	mass=0.13498+0-0	width=0.0001+0-0	3*q=0	2*J=0	P=-1	p=-2	C=1	c=-2	G=-2	theGParity=-1	2*I=2	2*I3=0	charm=0	strange=0
2023/01/16 12:39:36.482257 [WARN] PwaUtils/DataUtils.cc line 117: C-Parity not valid and no LS amplitudes considered for
1 1 -1 -->  JPC= 2 1 1 and  JPC= 0 -1 1
2023/01/16 12:39:36.482262 [WARN] PwaUtils/DataUtils.cc line 117: C-Parity not valid and no LS amplitudes considered for
1 1 -1 -->  JPC= 2 1 1 and  JPC= 0 -1 1
2023/01/16 12:39:36.482266 [WARN] PwaUtils/DataUtils.cc line 117: C-Parity not valid and no LS amplitudes considered for
1 1 -1 -->  JPC= 2 1 1 and  JPC= 0 -1 1
2023/01/16 12:39:36.482270 [INFO] Skip amplitude I1G1J1P1C-1Toa2(1320)0A_pion0B	JPCLSAmps().size(): 0	isospinCG(): 0
f2(1270)	mass=1.275+0-0	width=0.185+0-0	3*q=0	2*J=4	P=1	p=-2	C=1	c=-2	G=-2	theGParity=1	2*I=0	2*I3=0	charm=0	strange=0
eta	mass=0.547+0.01-0.01	width=0.0001+0-0	3*q=0	2*J=0	P=-1	p=-2	C=1	c=-2	G=-2	theGParity=1	2*I=0	2*I3=0	charm=0	strange=0

JPCLS amplitudes for decay	I0G1J1P1C1Tof2(1270)_eta:
suffix for fit parameter name:	J1P1C1Tof2(1270)_eta
JPC=1++	L,S=1,2	preFactorLS=0
JPC=1++	L,S=3,2	preFactorLS=0
with further decay:
JPCLS amplitudes for decay	f2(1270)Topion0A_pion0B:
suffix for fit parameter name:	f2(1270)Topion0A_pion0B
JPC=2++	L,S=2,0	preFactorLS=0




a2(1320)0B	mass=1.318+0-0	width=0.107+0-0	3*q=0	2*J=4	P=1	p=-2	C=1	c=-2	G=-2	theGParity=-1	2*I=2	2*I3=0	charm=0	strange=0
pion0A	mass=0.13498+0-0	width=0.0001+0-0	3*q=0	2*J=0	P=-1	p=-2	C=1	c=-2	G=-2	theGParity=-1	2*I=2	2*I3=0	charm=0	strange=0

JPCLS amplitudes for decay	I0G1J1P1C1Toa2(1320)0B_pion0A:
suffix for fit parameter name:	J1P1C1Toa2(1320)0B_pion0A
JPC=1++	L,S=1,2	preFactorLS=0
JPC=1++	L,S=3,2	preFactorLS=0
with further decay:
JPCLS amplitudes for decay	a2(1320)0BTopion0B_eta:
suffix for fit parameter name:	a2(1320)0BTopion0B_eta
JPC=2++	L,S=2,0	preFactorLS=0




a2(1320)0A	mass=1.318+0-0	width=0.107+0-0	3*q=0	2*J=4	P=1	p=-2	C=1	c=-2	G=-2	theGParity=-1	2*I=2	2*I3=0	charm=0	strange=0
pion0B	mass=0.13498+0-0	width=0.0001+0-0	3*q=0	2*J=0	P=-1	p=-2	C=1	c=-2	G=-2	theGParity=-1	2*I=2	2*I3=0	charm=0	strange=0

JPCLS amplitudes for decay	I0G1J1P1C1Toa2(1320)0A_pion0B:
suffix for fit parameter name:	J1P1C1Toa2(1320)0A_pion0B
JPC=1++	L,S=1,2	preFactorLS=0
JPC=1++	L,S=3,2	preFactorLS=0
with further decay:
JPCLS amplitudes for decay	a2(1320)0ATopion0A_eta:
suffix for fit parameter name:	a2(1320)0ATopion0A_eta
JPC=2++	L,S=2,0	preFactorLS=0




f2(1270)	mass=1.275+0-0	width=0.185+0-0	3*q=0	2*J=4	P=1	p=-2	C=1	c=-2	G=-2	theGParity=1	2*I=0	2*I3=0	charm=0	strange=0
eta	mass=0.547+0.01-0.01	width=0.0001+0-0	3*q=0	2*J=0	P=-1	p=-2	C=1	c=-2	G=-2	theGParity=1	2*I=0	2*I3=0	charm=0	strange=0
2023/01/16 12:39:36.482370 [WARN] PwaUtils/DataUtils.cc line 139: G-Parity not valid and no LS amplitudes considered for
 JPG= 1 1 -1 -->  JPG= 2 1 1 and  JPG= 0 -1 1
2023/01/16 12:39:36.482375 [WARN] PwaUtils/DataUtils.cc line 139: G-Parity not valid and no LS amplitudes considered for
 JPG= 1 1 -1 -->  JPG= 2 1 1 and  JPG= 0 -1 1
2023/01/16 12:39:36.482379 [WARN] PwaUtils/DataUtils.cc line 139: G-Parity not valid and no LS amplitudes considered for
 JPG= 1 1 -1 -->  JPG= 2 1 1 and  JPG= 0 -1 1
2023/01/16 12:39:36.482383 [INFO] Skip amplitude I1G-1J1P1C1Tof2(1270)_eta	JPCLSAmps().size(): 0	isospinCG(): 0
a2(1320)0B	mass=1.318+0-0	width=0.107+0-0	3*q=0	2*J=4	P=1	p=-2	C=1	c=-2	G=-2	theGParity=-1	2*I=2	2*I3=0	charm=0	strange=0
pion0A	mass=0.13498+0-0	width=0.0001+0-0	3*q=0	2*J=0	P=-1	p=-2	C=1	c=-2	G=-2	theGParity=-1	2*I=2	2*I3=0	charm=0	strange=0
2023/01/16 12:39:36.482407 [WARN] PwaUtils/DataUtils.cc line 139: G-Parity not valid and no LS amplitudes considered for
 JPG= 1 1 -1 -->  JPG= 2 1 -1 and  JPG= 0 -1 -1
2023/01/16 12:39:36.482411 [WARN] PwaUtils/DataUtils.cc line 139: G-Parity not valid and no LS amplitudes considered for
 JPG= 1 1 -1 -->  JPG= 2 1 -1 and  JPG= 0 -1 -1
2023/01/16 12:39:36.482415 [WARN] PwaUtils/DataUtils.cc line 139: G-Parity not valid and no LS amplitudes considered for
 JPG= 1 1 -1 -->  JPG= 2 1 -1 and  JPG= 0 -1 -1
2023/01/16 12:39:36.482419 [INFO] Skip amplitude I1G-1J1P1C1Toa2(1320)0B_pion0A	JPCLSAmps().size(): 0	isospinCG(): 0
a2(1320)0A	mass=1.318+0-0	width=0.107+0-0	3*q=0	2*J=4	P=1	p=-2	C=1	c=-2	G=-2	theGParity=-1	2*I=2	2*I3=0	charm=0	strange=0
pion0B	mass=0.13498+0-0	width=0.0001+0-0	3*q=0	2*J=0	P=-1	p=-2	C=1	c=-2	G=-2	theGParity=-1	2*I=2	2*I3=0	charm=0	strange=0
2023/01/16 12:39:36.482442 [WARN] PwaUtils/DataUtils.cc line 139: G-Parity not valid and no LS amplitudes considered for
 JPG= 1 1 -1 -->  JPG= 2 1 -1 and  JPG= 0 -1 -1
2023/01/16 12:39:36.482446 [WARN] PwaUtils/DataUtils.cc line 139: G-Parity not valid and no LS amplitudes considered for
 JPG= 1 1 -1 -->  JPG= 2 1 -1 and  JPG= 0 -1 -1
2023/01/16 12:39:36.482450 [WARN] PwaUtils/DataUtils.cc line 139: G-Parity not valid and no LS amplitudes considered for
 JPG= 1 1 -1 -->  JPG= 2 1 -1 and  JPG= 0 -1 -1
2023/01/16 12:39:36.482454 [INFO] Skip amplitude I1G-1J1P1C1Toa2(1320)0A_pion0B	JPCLSAmps().size(): 0	isospinCG(): 0
f2(1270)	mass=1.275+0-0	width=0.185+0-0	3*q=0	2*J=4	P=1	p=-2	C=1	c=-2	G=-2	theGParity=1	2*I=0	2*I3=0	charm=0	strange=0
eta	mass=0.547+0.01-0.01	width=0.0001+0-0	3*q=0	2*J=0	P=-1	p=-2	C=1	c=-2	G=-2	theGParity=1	2*I=0	2*I3=0	charm=0	strange=0

JPCLS amplitudes for decay	I0G1J2P1C1Tof2(1270)_eta:
suffix for fit parameter name:	J2P1C1Tof2(1270)_eta
JPC=2++	L,S=1,2	preFactorLS=0
JPC=2++	L,S=3,2	preFactorLS=0
with further decay:
JPCLS amplitudes for decay	f2(1270)Topion0A_pion0B:
suffix for fit parameter name:	f2(1270)Topion0A_pion0B
JPC=2++	L,S=2,0	preFactorLS=0




a2(1320)0B	mass=1.318+0-0	width=0.107+0-0	3*q=0	2*J=4	P=1	p=-2	C=1	c=-2	G=-2	theGParity=-1	2*I=2	2*I3=0	charm=0	strange=0
pion0A	mass=0.13498+0-0	width=0.0001+0-0	3*q=0	2*J=0	P=-1	p=-2	C=1	c=-2	G=-2	theGParity=-1	2*I=2	2*I3=0	charm=0	strange=0

JPCLS amplitudes for decay	I0G1J2P1C1Toa2(1320)0B_pion0A:
suffix for fit parameter name:	J2P1C1Toa2(1320)0B_pion0A
JPC=2++	L,S=1,2	preFactorLS=0
JPC=2++	L,S=3,2	preFactorLS=0
with further decay:
JPCLS amplitudes for decay	a2(1320)0BTopion0B_eta:
suffix for fit parameter name:	a2(1320)0BTopion0B_eta
JPC=2++	L,S=2,0	preFactorLS=0




a2(1320)0A	mass=1.318+0-0	width=0.107+0-0	3*q=0	2*J=4	P=1	p=-2	C=1	c=-2	G=-2	theGParity=-1	2*I=2	2*I3=0	charm=0	strange=0
pion0B	mass=0.13498+0-0	width=0.0001+0-0	3*q=0	2*J=0	P=-1	p=-2	C=1	c=-2	G=-2	theGParity=-1	2*I=2	2*I3=0	charm=0	strange=0

JPCLS amplitudes for decay	I0G1J2P1C1Toa2(1320)0A_pion0B:
suffix for fit parameter name:	J2P1C1Toa2(1320)0A_pion0B
JPC=2++	L,S=1,2	preFactorLS=0
JPC=2++	L,S=3,2	preFactorLS=0
with further decay:
JPCLS amplitudes for decay	a2(1320)0ATopion0A_eta:
suffix for fit parameter name:	a2(1320)0ATopion0A_eta
JPC=2++	L,S=2,0	preFactorLS=0




f2(1270)	mass=1.275+0-0	width=0.185+0-0	3*q=0	2*J=4	P=1	p=-2	C=1	c=-2	G=-2	theGParity=1	2*I=0	2*I3=0	charm=0	strange=0
eta	mass=0.547+0.01-0.01	width=0.0001+0-0	3*q=0	2*J=0	P=-1	p=-2	C=1	c=-2	G=-2	theGParity=1	2*I=0	2*I3=0	charm=0	strange=0
2023/01/16 12:39:36.482554 [WARN] PwaUtils/DataUtils.cc line 139: G-Parity not valid and no LS amplitudes considered for
 JPG= 2 1 -1 -->  JPG= 2 1 1 and  JPG= 0 -1 1
2023/01/16 12:39:36.482559 [WARN] PwaUtils/DataUtils.cc line 139: G-Parity not valid and no LS amplitudes considered for
 JPG= 2 1 -1 -->  JPG= 2 1 1 and  JPG= 0 -1 1
2023/01/16 12:39:36.482563 [WARN] PwaUtils/DataUtils.cc line 139: G-Parity not valid and no LS amplitudes considered for
 JPG= 2 1 -1 -->  JPG= 2 1 1 and  JPG= 0 -1 1
2023/01/16 12:39:36.482567 [INFO] Skip amplitude I1G-1J2P1C1Tof2(1270)_eta	JPCLSAmps().size(): 0	isospinCG(): 0
a2(1320)0B	mass=1.318+0-0	width=0.107+0-0	3*q=0	2*J=4	P=1	p=-2	C=1	c=-2	G=-2	theGParity=-1	2*I=2	2*I3=0	charm=0	strange=0
pion0A	mass=0.13498+0-0	width=0.0001+0-0	3*q=0	2*J=0	P=-1	p=-2	C=1	c=-2	G=-2	theGParity=-1	2*I=2	2*I3=0	charm=0	strange=0
2023/01/16 12:39:36.482590 [WARN] PwaUtils/DataUtils.cc line 139: G-Parity not valid and no LS amplitudes considered for
 JPG= 2 1 -1 -->  JPG= 2 1 -1 and  JPG= 0 -1 -1
2023/01/16 12:39:36.482595 [WARN] PwaUtils/DataUtils.cc line 139: G-Parity not valid and no LS amplitudes considered for
 JPG= 2 1 -1 -->  JPG= 2 1 -1 and  JPG= 0 -1 -1
2023/01/16 12:39:36.482599 [WARN] PwaUtils/DataUtils.cc line 139: G-Parity not valid and no LS amplitudes considered for
 JPG= 2 1 -1 -->  JPG= 2 1 -1 and  JPG= 0 -1 -1
2023/01/16 12:39:36.482602 [INFO] Skip amplitude I1G-1J2P1C1Toa2(1320)0B_pion0A	JPCLSAmps().size(): 0	isospinCG(): 0
a2(1320)0A	mass=1.318+0-0	width=0.107+0-0	3*q=0	2*J=4	P=1	p=-2	C=1	c=-2	G=-2	theGParity=-1	2*I=2	2*I3=0	charm=0	strange=0
pion0B	mass=0.13498+0-0	width=0.0001+0-0	3*q=0	2*J=0	P=-1	p=-2	C=1	c=-2	G=-2	theGParity=-1	2*I=2	2*I3=0	charm=0	strange=0
2023/01/16 12:39:36.482625 [WARN] PwaUtils/DataUtils.cc line 139: G-Parity not valid and no LS amplitudes considered for
 JPG= 2 1 -1 -->  JPG= 2 1 -1 and  JPG= 0 -1 -1
2023/01/16 12:39:36.482630 [WARN] PwaUtils/DataUtils.cc line 139: G-Parity not valid and no LS amplitudes considered for
 JPG= 2 1 -1 -->  JPG= 2 1 -1 and  JPG= 0 -1 -1
2023/01/16 12:39:36.482634 [WARN] PwaUtils/DataUtils.cc line 139: G-Parity not valid and no LS amplitudes considered for
 JPG= 2 1 -1 -->  JPG= 2 1 -1 and  JPG= 0 -1 -1
2023/01/16 12:39:36.482637 [INFO] Skip amplitude I1G-1J2P1C1Toa2(1320)0A_pion0B	JPCLSAmps().size(): 0	isospinCG(): 0
2023/01/16 12:39:36.482665 [INFO] add dynamics for J0P-1C1 dynType: WoDynamics
2023/01/16 12:39:36.482675 [INFO] Dynamics	J0P-1C1	found!!!
2023/01/16 12:39:36.482680 [INFO] Dynamics	J0P-1C1	found!!!
2023/01/16 12:39:36.482690 [INFO] add dynamics for J1P1C1 dynType: WoDynamics
2023/01/16 12:39:36.482696 [INFO] Dynamics	J1P1C1	found!!!
2023/01/16 12:39:36.482700 [INFO] Dynamics	J1P1C1	found!!!
2023/01/16 12:39:36.482706 [INFO] add dynamics for J2P1C1 dynType: WoDynamics
2023/01/16 12:39:36.482712 [INFO] Dynamics	J2P1C1	found!!!
2023/01/16 12:39:36.482717 [INFO] Dynamics	J2P1C1	found!!!
2023/01/16 12:39:36.482757 [INFO] add dynamics for f2(1270)Topion0A_pion0B dynType: BreitWigner
2023/01/16 12:39:36.482768 [INFO] add dynamics for a2(1320)0ATopion0A_eta dynType: BreitWigner
2023/01/16 12:39:36.482775 [INFO] add dynamics for a2(1320)0BTopion0B_eta dynType: BreitWigner
2023/01/16 12:39:36.482786 [INFO] I0G1J0P-1C1Tof2(1270)_eta set decay level to 0
2023/01/16 12:39:36.482790 [INFO] f2(1270)Topion0A_pion0B set decay level to 1
2023/01/16 12:39:36.482794 [INFO] I0G1J0P-1C1Toa2(1320)0B_pion0A set decay level to 0
2023/01/16 12:39:36.482797 [INFO] a2(1320)0BTopion0B_eta set decay level to 1
2023/01/16 12:39:36.482801 [INFO] I0G1J0P-1C1Toa2(1320)0A_pion0B set decay level to 0
2023/01/16 12:39:36.482804 [INFO] a2(1320)0ATopion0A_eta set decay level to 1
2023/01/16 12:39:36.482807 [INFO] I0G1J1P1C1Tof2(1270)_eta set decay level to 0
2023/01/16 12:39:36.482811 [INFO] I0G1J1P1C1Toa2(1320)0B_pion0A set decay level to 0
2023/01/16 12:39:36.482815 [INFO] I0G1J1P1C1Toa2(1320)0A_pion0B set decay level to 0
2023/01/16 12:39:36.482818 [INFO] I0G1J2P1C1Tof2(1270)_eta set decay level to 0
2023/01/16 12:39:36.482822 [INFO] I0G1J2P1C1Toa2(1320)0B_pion0A set decay level to 0
2023/01/16 12:39:36.482826 [INFO] I0G1J2P1C1Toa2(1320)0A_pion0B set decay level to 0
2023/01/16 12:39:36.482831 [ERROR] PwaUtils/GlobalEnv.cc line 213: setting up channel 0
2023/01/16 12:39:36.482835 [INFO] check complete reaction chains
2023/01/16 12:39:36.482838 [INFO] paricle name: pion0A
2023/01/16 12:39:36.482841 [INFO] paricle name: pion0B
2023/01/16 12:39:36.482844 [INFO] paricle name: eta
2023/01/16 12:39:36.482849 [INFO] reaction chains have been successfully checked!!!
2023/01/16 12:39:36.482858 [INFO] name of amplitude: f2(1270)Topion0A_pion0B	nameId: 1
_wigDWigDRefId = 1	_wignerDId = 2
with wignerDKey: pion0B_pion0Apion0B	wignerDRefKey: etapion0Apion0B
2023/01/16 12:39:36.482864 [INFO] name of amplitude: I0G1J0P-1C1Tof2(1270)_eta	nameId: 3
_wigDWigDRefId = 2	_wignerDId = 4
with wignerDKey: eta_etapion0Apion0B	wignerDRefKey: prod
2023/01/16 12:39:36.482870 [INFO] name of amplitude: a2(1320)0BTopion0B_eta	nameId: 5
_wigDWigDRefId = 3	_wignerDId = 6
with wignerDKey: eta_etapion0B	wignerDRefKey: etapion0Apion0B
2023/01/16 12:39:36.482876 [INFO] name of amplitude: I0G1J0P-1C1Toa2(1320)0B_pion0A	nameId: 7
_wigDWigDRefId = 4	_wignerDId = 8
with wignerDKey: pion0A_etapion0Apion0B	wignerDRefKey: prod
2023/01/16 12:39:36.482882 [INFO] name of amplitude: a2(1320)0ATopion0A_eta	nameId: 9
_wigDWigDRefId = 5	_wignerDId = 10
with wignerDKey: eta_etapion0A	wignerDRefKey: etapion0Apion0B
2023/01/16 12:39:36.482891 [INFO] name of amplitude: I0G1J0P-1C1Toa2(1320)0A_pion0B	nameId: 11
_wigDWigDRefId = 6	_wignerDId = 12
with wignerDKey: pion0B_etapion0Apion0B	wignerDRefKey: prod
2023/01/16 12:39:36.482896 [INFO] name of amplitude: I0G1J1P1C1Tof2(1270)_eta	nameId: 13
_wigDWigDRefId = 2	_wignerDId = 4
with wignerDKey: eta_etapion0Apion0B	wignerDRefKey: prod
2023/01/16 12:39:36.482902 [INFO] name of amplitude: I0G1J1P1C1Toa2(1320)0B_pion0A	nameId: 14
_wigDWigDRefId = 4	_wignerDId = 8
with wignerDKey: pion0A_etapion0Apion0B	wignerDRefKey: prod
2023/01/16 12:39:36.482908 [INFO] name of amplitude: I0G1J1P1C1Toa2(1320)0A_pion0B	nameId: 15
_wigDWigDRefId = 6	_wignerDId = 12
with wignerDKey: pion0B_etapion0Apion0B	wignerDRefKey: prod
2023/01/16 12:39:36.482913 [INFO] name of amplitude: I0G1J2P1C1Tof2(1270)_eta	nameId: 16
_wigDWigDRefId = 2	_wignerDId = 4
with wignerDKey: eta_etapion0Apion0B	wignerDRefKey: prod
2023/01/16 12:39:36.482918 [INFO] name of amplitude: I0G1J2P1C1Toa2(1320)0B_pion0A	nameId: 17
_wigDWigDRefId = 4	_wignerDId = 8
with wignerDKey: pion0A_etapion0Apion0B	wignerDRefKey: prod
2023/01/16 12:39:36.482926 [INFO] name of amplitude: I0G1J2P1C1Toa2(1320)0A_pion0B	nameId: 18
_wigDWigDRefId = 6	_wignerDId = 12
with wignerDKey: pion0B_etapion0Apion0B	wignerDRefKey: prod
2023/01/16 12:39:36.482932 [INFO] create likelihood object for channelType 1	 and channelID: 0
2023/01/16 12:39:36.482967 [INFO] Dynamics	J0P-1C1	found!!!
2023/01/16 12:39:36.482979 [INFO] Dynamics	f2(1270)Topion0A_pion0B	found!!!
2023/01/16 12:39:36.482984 [INFO] _fsParticleNames.at(0): pion0A
2023/01/16 12:39:36.482987 [INFO] _fsParticleNames.at(0): pion0A
2023/01/16 12:39:36.482990 [INFO] _fsParticleNames.at(1): pion0B
2023/01/16 12:39:36.482996 [INFO] _parityFactor=	1
2023/01/16 12:39:36.483013 [INFO] _fsParticleNames.at(0): pion0A
2023/01/16 12:39:36.483016 [INFO] _fsParticleNames.at(1): pion0B
2023/01/16 12:39:36.483019 [INFO] _fsParticleNames.at(2): eta
2023/01/16 12:39:36.483023 [INFO] _parityFactor=	-1
2023/01/16 12:39:36.483036 [INFO] Dynamics	J0P-1C1	found!!!
2023/01/16 12:39:36.483044 [INFO] Dynamics	a2(1320)0BTopion0B_eta	found!!!
2023/01/16 12:39:36.483047 [INFO] _fsParticleNames.at(0): pion0A
2023/01/16 12:39:36.483050 [INFO] _fsParticleNames.at(1): pion0B
2023/01/16 12:39:36.483053 [INFO] _fsParticleNames.at(0): pion0A
2023/01/16 12:39:36.483056 [INFO] _fsParticleNames.at(1): pion0B
2023/01/16 12:39:36.483059 [INFO] _fsParticleNames.at(2): eta
2023/01/16 12:39:36.483063 [INFO] _parityFactor=	1
2023/01/16 12:39:36.483069 [INFO] _fsParticleNames.at(0): pion0A
2023/01/16 12:39:36.483073 [INFO] _parityFactor=	-1
2023/01/16 12:39:36.483087 [INFO] Dynamics	J0P-1C1	found!!!
2023/01/16 12:39:36.483094 [INFO] Dynamics	a2(1320)0ATopion0A_eta	found!!!
2023/01/16 12:39:36.483098 [INFO] _fsParticleNames.at(0): pion0A
2023/01/16 12:39:36.483101 [INFO] _fsParticleNames.at(0): pion0A
2023/01/16 12:39:36.483104 [INFO] _fsParticleNames.at(1): pion0B
2023/01/16 12:39:36.483107 [INFO] _fsParticleNames.at(2): eta
2023/01/16 12:39:36.483110 [INFO] _parityFactor=	1
2023/01/16 12:39:36.483116 [INFO] _fsParticleNames.at(0): pion0A
2023/01/16 12:39:36.483120 [INFO] _fsParticleNames.at(1): pion0B
2023/01/16 12:39:36.483123 [INFO] _parityFactor=	-1
2023/01/16 12:39:36.483136 [INFO] Dynamics	J1P1C1	found!!!
2023/01/16 12:39:36.483140 [INFO] _fsParticleNames.at(0): pion0A
2023/01/16 12:39:36.483144 [INFO] _fsParticleNames.at(1): pion0B
2023/01/16 12:39:36.483147 [INFO] _fsParticleNames.at(2): eta
2023/01/16 12:39:36.483150 [INFO] _parityFactor=	1
2023/01/16 12:39:36.483167 [INFO] Dynamics	J1P1C1	found!!!
2023/01/16 12:39:36.483171 [INFO] _fsParticleNames.at(0): pion0A
2023/01/16 12:39:36.483174 [INFO] _parityFactor=	1
2023/01/16 12:39:36.483192 [INFO] Dynamics	J1P1C1	found!!!
2023/01/16 12:39:36.483196 [INFO] _fsParticleNames.at(0): pion0A
2023/01/16 12:39:36.483199 [INFO] _fsParticleNames.at(1): pion0B
2023/01/16 12:39:36.483203 [INFO] _parityFactor=	1
2023/01/16 12:39:36.483217 [INFO] Dynamics	J2P1C1	found!!!
2023/01/16 12:39:36.483221 [INFO] _fsParticleNames.at(0): pion0A
2023/01/16 12:39:36.483224 [INFO] _fsParticleNames.at(1): pion0B
2023/01/16 12:39:36.483227 [INFO] _fsParticleNames.at(2): eta
2023/01/16 12:39:36.483231 [INFO] _parityFactor=	-1
2023/01/16 12:39:36.483251 [INFO] Dynamics	J2P1C1	found!!!
2023/01/16 12:39:36.483255 [INFO] _fsParticleNames.at(0): pion0A
2023/01/16 12:39:36.483259 [INFO] _parityFactor=	-1
2023/01/16 12:39:36.483277 [INFO] Dynamics	J2P1C1	found!!!
2023/01/16 12:39:36.483282 [INFO] _fsParticleNames.at(0): pion0A
2023/01/16 12:39:36.483285 [INFO] _fsParticleNames.at(1): pion0B
2023/01/16 12:39:36.483289 [INFO] _parityFactor=	-1
2023/01/16 12:39:36.483308 [INFO] 
*** The fit parameter replacements are ***
2023/01/16 12:39:36.483312 [INFO] J0P-1C1Toa2(1320)0A_pion0B	replaced by	J0P-1C1Toa2(1320)0AB_pion0AB
2023/01/16 12:39:36.483315 [INFO] J0P-1C1Toa2(1320)0B_pion0A	replaced by	J0P-1C1Toa2(1320)0AB_pion0AB
2023/01/16 12:39:36.483318 [INFO] J1P1C1Toa2(1320)0A_pion0B	replaced by	J1P1C1Toa2(1320)0AB_pion0AB
2023/01/16 12:39:36.483321 [INFO] J1P1C1Toa2(1320)0B_pion0A	replaced by	J1P1C1Toa2(1320)0AB_pion0AB
2023/01/16 12:39:36.483324 [INFO] J2P1C1Toa2(1320)0A_pion0B	replaced by	J2P1C1Toa2(1320)0AB_pion0AB
2023/01/16 12:39:36.483331 [INFO] J2P1C1Toa2(1320)0B_pion0A	replaced by	J2P1C1Toa2(1320)0AB_pion0AB
2023/01/16 12:39:36.483334 [INFO] a2(1320)0ATopion0A_eta	replaced by	a2(1320)0ABTopion0AB_eta
2023/01/16 12:39:36.483337 [INFO] a2(1320)0BTopion0B_eta	replaced by	a2(1320)0ABTopion0AB_eta
2023/01/16 12:39:36.484369 [INFO] L2S2_J0P-1C1Tof2(1270)_etaMag	1	0.5
2023/01/16 12:39:36.484389 [INFO] L2S2_J0P-1C1Tof2(1270)_etaPhi	0	0.2
2023/01/16 12:39:36.484396 [INFO] L2S0_f2(1270)Topion0A_pion0BMag	1	0.5
2023/01/16 12:39:36.484401 [INFO] L2S0_f2(1270)Topion0A_pion0BPhi	0	0.2
2023/01/16 12:39:36.484405 [INFO] f2(1270)Mass	1.275	0.03	1.125	1.425
2023/01/16 12:39:36.484410 [INFO] f2(1270)Width	0.185	0.037	0	0.37
2023/01/16 12:39:36.484427 [INFO] L2S2_J0P-1C1Toa2(1320)0AB_pion0ABMag	1	0.5
2023/01/16 12:39:36.484431 [INFO] L2S2_J0P-1C1Toa2(1320)0AB_pion0ABPhi	0	0.2
2023/01/16 12:39:36.484434 [INFO] L2S0_a2(1320)0ABTopion0AB_etaMag	1	0.5
2023/01/16 12:39:36.484439 [INFO] L2S0_a2(1320)0ABTopion0AB_etaPhi	0	0.2
2023/01/16 12:39:36.484442 [INFO] a2(1320)0ABMass	1.318	0.03	1.168	1.468
2023/01/16 12:39:36.484461 [INFO] a2(1320)0ABWidth	0.107	0.0214	0	0.214
2023/01/16 12:39:36.484467 [INFO] L1S2_J1P1C1Tof2(1270)_etaMag	0.7071067811865475	0.3535533905932737
2023/01/16 12:39:36.484484 [INFO] L1S2_J1P1C1Tof2(1270)_etaPhi	0	0.2
2023/01/16 12:39:36.484488 [INFO] L3S2_J1P1C1Tof2(1270)_etaMag	0.7071067811865475	0.3535533905932737
2023/01/16 12:39:36.484506 [INFO] L3S2_J1P1C1Tof2(1270)_etaPhi	0	0.2
2023/01/16 12:39:36.484510 [INFO] L1S2_J1P1C1Toa2(1320)0AB_pion0ABMag	0.7071067811865475	0.3535533905932737
2023/01/16 12:39:36.484518 [INFO] L1S2_J1P1C1Toa2(1320)0AB_pion0ABPhi	0	0.2
2023/01/16 12:39:36.484522 [INFO] L3S2_J1P1C1Toa2(1320)0AB_pion0ABMag	0.7071067811865475	0.3535533905932737
2023/01/16 12:39:36.484526 [INFO] L3S2_J1P1C1Toa2(1320)0AB_pion0ABPhi	0	0.2
2023/01/16 12:39:36.484530 [INFO] L1S2_J2P1C1Tof2(1270)_etaMag	0.7071067811865475	0.3535533905932737
2023/01/16 12:39:36.484535 [INFO] L1S2_J2P1C1Tof2(1270)_etaPhi	0	0.2
2023/01/16 12:39:36.484539 [INFO] L3S2_J2P1C1Tof2(1270)_etaMag	0.7071067811865475	0.3535533905932737
2023/01/16 12:39:36.484543 [INFO] L3S2_J2P1C1Tof2(1270)_etaPhi	0	0.2
2023/01/16 12:39:36.484547 [INFO] L1S2_J2P1C1Toa2(1320)0AB_pion0ABMag	0.7071067811865475	0.3535533905932737
2023/01/16 12:39:36.484551 [INFO] L1S2_J2P1C1Toa2(1320)0AB_pion0ABPhi	0	0.2
2023/01/16 12:39:36.484555 [INFO] L3S2_J2P1C1Toa2(1320)0AB_pion0ABMag	0.7071067811865475	0.3535533905932737
2023/01/16 12:39:36.484560 [INFO] L3S2_J2P1C1Toa2(1320)0AB_pion0ABPhi	0	0.2
2023/01/16 12:39:36.484564 [INFO] channelType1pion0Apion0BetaScaling	1	0.01	0	20
2023/01/16 12:39:36.484569 [INFO] Iso1J0P-1C1	0	0.5	0	1
2023/01/16 12:39:36.484574 [INFO] Iso1J1P1C1	0	0.5	0	1
2023/01/16 12:39:36.484579 [INFO] Iso1J2P1C1	0	0.5	0	1
2023/01/16 12:39:36.484583 [INFO] J0P-1C1L0S0pbarpMag	0.5773502691896258	0.2886751345948129
2023/01/16 12:39:36.484592 [INFO] J0P-1C1L0S0pbarpPhi	0	0.2
2023/01/16 12:39:36.484597 [INFO] J1P1C1L1S1pbarpMag	0.5773502691896258	0.2886751345948129
2023/01/16 12:39:36.484601 [INFO] J1P1C1L1S1pbarpPhi	0	0.2
2023/01/16 12:39:36.484606 [INFO] J2P1C1L1S1pbarpMag	0.5773502691896258	0.2886751345948129
2023/01/16 12:39:36.484610 [INFO] J2P1C1L1S1pbarpPhi	0	0.2


 parameters in pawianParams are: 

L2S2_J0P-1C1Tof2(1270)_etaMag	1	0.5
L2S2_J0P-1C1Tof2(1270)_etaPhi	0	0.2
L2S0_f2(1270)Topion0A_pion0BMag	1	0.5
L2S0_f2(1270)Topion0A_pion0BPhi	0	0.2
f2(1270)Mass	1.275	0.03	1.125	1.425
f2(1270)Width	0.185	0.037	0	0.37
L2S2_J0P-1C1Toa2(1320)0AB_pion0ABMag	1	0.5
L2S2_J0P-1C1Toa2(1320)0AB_pion0ABPhi	0	0.2
L2S0_a2(1320)0ABTopion0AB_etaMag	1	0.5
L2S0_a2(1320)0ABTopion0AB_etaPhi	0	0.2
a2(1320)0ABMass	1.318	0.03	1.168	1.468
a2(1320)0ABWidth	0.107	0.0214	0	0.214
L1S2_J1P1C1Tof2(1270)_etaMag	0.7071067811865475	0.3535533905932737
L1S2_J1P1C1Tof2(1270)_etaPhi	0	0.2
L3S2_J1P1C1Tof2(1270)_etaMag	0.7071067811865475	0.3535533905932737
L3S2_J1P1C1Tof2(1270)_etaPhi	0	0.2
L1S2_J1P1C1Toa2(1320)0AB_pion0ABMag	0.7071067811865475	0.3535533905932737
L1S2_J1P1C1Toa2(1320)0AB_pion0ABPhi	0	0.2
L3S2_J1P1C1Toa2(1320)0AB_pion0ABMag	0.7071067811865475	0.3535533905932737
L3S2_J1P1C1Toa2(1320)0AB_pion0ABPhi	0	0.2
L1S2_J2P1C1Tof2(1270)_etaMag	0.7071067811865475	0.3535533905932737
L1S2_J2P1C1Tof2(1270)_etaPhi	0	0.2
L3S2_J2P1C1Tof2(1270)_etaMag	0.7071067811865475	0.3535533905932737
L3S2_J2P1C1Tof2(1270)_etaPhi	0	0.2
L1S2_J2P1C1Toa2(1320)0AB_pion0ABMag	0.7071067811865475	0.3535533905932737
L1S2_J2P1C1Toa2(1320)0AB_pion0ABPhi	0	0.2
L3S2_J2P1C1Toa2(1320)0AB_pion0ABMag	0.7071067811865475	0.3535533905932737
L3S2_J2P1C1Toa2(1320)0AB_pion0ABPhi	0	0.2
channelType1pion0Apion0BetaScaling	1	0.01	0	20
Iso1J0P-1C1	0	0.5	0	1
Iso1J1P1C1	0	0.5	0	1
Iso1J2P1C1	0	0.5	0	1
J0P-1C1L0S0pbarpMag	0.5773502691896258	0.2886751345948129
J0P-1C1L0S0pbarpPhi	0	0.2
J1P1C1L1S1pbarpMag	0.5773502691896258	0.2886751345948129
J1P1C1L1S1pbarpPhi	0	0.2
J2P1C1L1S1pbarpMag	0.5773502691896258	0.2886751345948129
J2P1C1L1S1pbarpPhi	0	0.2


**************** Fit parameter **************************
L2S2_J0P-1C1Tof2(1270)_etaMag	1	0.5
L2S2_J0P-1C1Tof2(1270)_etaPhi	0	0.2
L2S0_f2(1270)Topion0A_pion0BMag	1	0.5
L2S0_f2(1270)Topion0A_pion0BPhi	0	0.2
f2(1270)Mass	1.275	0.03	1.125	1.425
f2(1270)Width	0.185	0.037	0	0.37
L2S2_J0P-1C1Toa2(1320)0AB_pion0ABMag	1	0.5
L2S2_J0P-1C1Toa2(1320)0AB_pion0ABPhi	0	0.2
L2S0_a2(1320)0ABTopion0AB_etaMag	1	0.5
L2S0_a2(1320)0ABTopion0AB_etaPhi	0	0.2
a2(1320)0ABMass	1.318	0.03	1.168	1.468
a2(1320)0ABWidth	0.107	0.0214	0	0.214
L1S2_J1P1C1Tof2(1270)_etaMag	0.7071067811865475	0.3535533905932737
L1S2_J1P1C1Tof2(1270)_etaPhi	0	0.2
L3S2_J1P1C1Tof2(1270)_etaMag	0.7071067811865475	0.3535533905932737
L3S2_J1P1C1Tof2(1270)_etaPhi	0	0.2
L1S2_J1P1C1Toa2(1320)0AB_pion0ABMag	0.7071067811865475	0.3535533905932737
L1S2_J1P1C1Toa2(1320)0AB_pion0ABPhi	0	0.2
L3S2_J1P1C1Toa2(1320)0AB_pion0ABMag	0.7071067811865475	0.3535533905932737
L3S2_J1P1C1Toa2(1320)0AB_pion0ABPhi	0	0.2
L1S2_J2P1C1Tof2(1270)_etaMag	0.7071067811865475	0.3535533905932737
L1S2_J2P1C1Tof2(1270)_etaPhi	0	0.2
L3S2_J2P1C1Tof2(1270)_etaMag	0.7071067811865475	0.3535533905932737
L3S2_J2P1C1Tof2(1270)_etaPhi	0	0.2
L1S2_J2P1C1Toa2(1320)0AB_pion0ABMag	0.7071067811865475	0.3535533905932737
L1S2_J2P1C1Toa2(1320)0AB_pion0ABPhi	0	0.2
L3S2_J2P1C1Toa2(1320)0AB_pion0ABMag	0.7071067811865475	0.3535533905932737
L3S2_J2P1C1Toa2(1320)0AB_pion0ABPhi	0	0.2
channelType1pion0Apion0BetaScaling	1	0.01	0	20
Iso1J0P-1C1	0	0.5	0	1
Iso1J1P1C1	0	0.5	0	1
Iso1J2P1C1	0	0.5	0	1
J0P-1C1L0S0pbarpMag	0.5773502691896258	0.2886751345948129
J0P-1C1L0S0pbarpPhi	0	0.2
J1P1C1L1S1pbarpMag	0.5773502691896258	0.2886751345948129
J1P1C1L1S1pbarpPhi	0	0.2
J2P1C1L1S1pbarpMag	0.5773502691896258	0.2886751345948129
J2P1C1L1S1pbarpPhi	0	0.2
2023/01/16 12:39:36.484892 [INFO] Fixing scaling parameter channelType1pion0Apion0BetaScaling
2023/01/16 12:39:36.484960 [INFO] ************* Client mode ****************
2023/01/16 12:39:36.484966 [INFO] Connecting to server localhost:50001
2023/01/16 12:39:36.485790 [INFO] Received client id: 0
2023/01/16 12:39:36.485797 [INFO] Received channel id: 0
2023/01/16 12:39:36.485816 [INFO] Received data event range 0 - 3749
2023/01/16 12:39:36.485820 [INFO] Received mc event range 0 - 11249
2023/01/16 12:39:36.485946 [INFO] caching amplitudes enabled / disabled:	1
2023/01/16 12:39:36.485971 [INFO] data file: benchmark/pbarp/pi0pi0eta900/toyDataPbarPtoPi0Pi0Eta900.dat
2023/01/16 12:39:36.485992 [INFO] mc file: benchmark/pbarp/pi0pi0eta900/toyMCPbarPtoPi0Pi0Eta900.dat
2023/01/16 12:39:36.539521 [INFO] File has 3750 events.
2023/01/16 12:39:36.539542 [INFO] 0x261b190
2023/01/16 12:39:36.539547 [INFO]  Each event has 3 final state particles.

2023/01/16 12:39:36.539551 [INFO] 
2023/01/16 12:39:36.539567 [INFO] {Rank = 1 ( 1.00582,-0.344109,0.676315,0.646247) } 	m = 0.134981
2023/01/16 12:39:36.539572 [INFO] {Rank = 1 ( 0.490886,0.268108,-0.365443,-0.131599) } 	m = 0.13498
2023/01/16 12:39:36.539578 [INFO] {Rank = 1 ( 0.741702,0.0760008,-0.310872,0.385351) } 	m = 0.547
2023/01/16 12:39:36.539581 [INFO] 
2023/01/16 12:39:36.539586 [INFO] {Rank = 1 ( 0.40085,0.129409,0.189305,-0.299798) } 	m = 0.13498
2023/01/16 12:39:36.539595 [INFO] {Rank = 1 ( 0.872603,-0.604205,0.0580979,0.612191) } 	m = 0.13498
2023/01/16 12:39:36.539600 [INFO] {Rank = 1 ( 0.964951,0.474797,-0.247402,0.587607) } 	m = 0.547
2023/01/16 12:39:36.539603 [INFO] 
2023/01/16 12:39:36.539608 [INFO] {Rank = 1 ( 0.41697,0.361025,0.120147,-0.104262) } 	m = 0.13498
2023/01/16 12:39:36.539613 [INFO] {Rank = 1 ( 1.00759,-0.228811,0.450158,0.861406) } 	m = 0.13498
2023/01/16 12:39:36.539618 [INFO] {Rank = 1 ( 0.813846,-0.132214,-0.570305,0.142856) } 	m = 0.547
2023/01/16 12:39:36.539621 [INFO] 
2023/01/16 12:39:36.539626 [INFO] {Rank = 1 ( 0.597319,0.449585,0.19727,0.312295) } 	m = 0.13498
2023/01/16 12:39:36.539630 [INFO] {Rank = 1 ( 0.831258,-0.807196,-0.0173714,0.144577) } 	m = 0.13498
2023/01/16 12:39:36.539635 [INFO] {Rank = 1 ( 0.809827,0.357611,-0.179898,0.443128) } 	m = 0.547
2023/01/16 12:39:36.539638 [INFO] 
2023/01/16 12:39:36.539643 [INFO] {Rank = 1 ( 0.740506,0.369645,0.402022,0.481529) } 	m = 0.13498
2023/01/16 12:39:36.539648 [INFO] {Rank = 1 ( 0.696405,0.21075,-0.478719,0.439515) } 	m = 0.13498
2023/01/16 12:39:36.539652 [INFO] {Rank = 1 ( 0.801494,-0.580395,0.0766976,-0.0210435) } 	m = 0.547
2023/01/16 12:39:36.539655 [INFO] 
2023/01/16 12:39:36.539660 [INFO] {Rank = 1 ( 0.518783,-0.106405,-0.361085,0.330472) } 	m = 0.13498
2023/01/16 12:39:36.539665 [INFO] {Rank = 1 ( 0.713506,0.00411976,0.668283,-0.210362) } 	m = 0.13498
2023/01/16 12:39:36.539670 [INFO] {Rank = 1 ( 1.00612,0.102285,-0.307198,0.77989) } 	m = 0.547
2023/01/16 12:39:36.539673 [INFO] 
2023/01/16 12:39:36.539677 [INFO] {Rank = 1 ( 0.519458,-0.469949,-0.148326,0.0936219) } 	m = 0.13498
2023/01/16 12:39:36.539682 [INFO] {Rank = 1 ( 0.584925,-0.41356,-0.0321531,0.389682) } 	m = 0.13498
2023/01/16 12:39:36.539687 [INFO] {Rank = 1 ( 1.13402,0.883509,0.180479,0.416696) } 	m = 0.547
2023/01/16 12:39:36.539690 [INFO] 
2023/01/16 12:39:36.539695 [INFO] {Rank = 1 ( 1.18737,-0.621677,0.0525778,1.00119) } 	m = 0.13498
2023/01/16 12:39:36.539699 [INFO] {Rank = 1 ( 0.360835,0.22428,-0.0669787,-0.239153) } 	m = 0.13498
2023/01/16 12:39:36.539704 [INFO] {Rank = 1 ( 0.690198,0.397397,0.0144009,0.137962) } 	m = 0.547
2023/01/16 12:39:36.539707 [INFO] 
2023/01/16 12:39:36.539712 [INFO] {Rank = 1 ( 0.581554,-0.521676,-0.0816438,0.202914) } 	m = 0.13498
2023/01/16 12:39:36.539716 [INFO] {Rank = 1 ( 0.923734,0.523062,0.537356,0.522226) } 	m = 0.13498
2023/01/16 12:39:36.539721 [INFO] {Rank = 1 ( 0.733117,-0.00138564,-0.455712,0.174861) } 	m = 0.547
2023/01/16 12:39:36.539724 [INFO] 
2023/01/16 12:39:36.539729 [INFO] {Rank = 1 ( 0.913937,0.403382,0.749106,0.305261) } 	m = 0.13498
2023/01/16 12:39:36.539733 [INFO] {Rank = 1 ( 0.503539,-0.29557,-0.36049,0.134229) } 	m = 0.13498
2023/01/16 12:39:36.539738 [INFO] {Rank = 1 ( 0.820929,-0.107812,-0.388616,0.46051) } 	m = 0.547
2023/01/16 12:39:36.539741 [INFO] 
2023/01/16 12:39:36.694156 [INFO] File has 11250 events.
2023/01/16 12:39:36.694167 [INFO] 0x27e8ea0
2023/01/16 12:39:36.694171 [INFO]  Each event has 3 final state particles.

2023/01/16 12:39:36.694175 [INFO] 
2023/01/16 12:39:36.694182 [INFO] {Rank = 1 ( 1.11855,0.359022,0.630611,0.840454) } 	m = 0.134979
2023/01/16 12:39:36.694188 [INFO] {Rank = 1 ( 0.255622,-0.187835,-0.00603172,-0.108649) } 	m = 0.13498
2023/01/16 12:39:36.694193 [INFO] {Rank = 1 ( 0.864235,-0.171188,-0.624579,0.168195) } 	m = 0.547
2023/01/16 12:39:36.694196 [INFO] 
2023/01/16 12:39:36.694201 [INFO] {Rank = 1 ( 0.801062,0.214112,0.290655,0.702251) } 	m = 0.13498
2023/01/16 12:39:36.694206 [INFO] {Rank = 1 ( 0.74195,-0.226143,-0.692113,0.0459297) } 	m = 0.13498
2023/01/16 12:39:36.694210 [INFO] {Rank = 1 ( 0.695393,0.0120315,0.401458,0.151819) } 	m = 0.547
2023/01/16 12:39:36.694213 [INFO] 
2023/01/16 12:39:36.694218 [INFO] {Rank = 1 ( 0.496833,0.225355,-0.198797,-0.371912) } 	m = 0.13498
2023/01/16 12:39:36.694223 [INFO] {Rank = 1 ( 0.255013,-0.0377543,-0.210133,-0.0350812) } 	m = 0.13498
2023/01/16 12:39:36.694227 [INFO] {Rank = 1 ( 1.48656,-0.187601,0.40893,1.30699) } 	m = 0.547
2023/01/16 12:39:36.694234 [INFO] 
2023/01/16 12:39:36.694240 [INFO] {Rank = 1 ( 1.00101,0.477393,0.580764,0.646999) } 	m = 0.13498
2023/01/16 12:39:36.694244 [INFO] {Rank = 1 ( 0.464263,-0.410962,-0.150165,-0.0766908) } 	m = 0.13498
2023/01/16 12:39:36.694249 [INFO] {Rank = 1 ( 0.773133,-0.0664313,-0.4306,0.329692) } 	m = 0.547
2023/01/16 12:39:36.694252 [INFO] 
2023/01/16 12:39:36.694257 [INFO] {Rank = 1 ( 0.524977,0.11189,0.460829,-0.180271) } 	m = 0.13498
2023/01/16 12:39:36.694262 [INFO] {Rank = 1 ( 0.372914,-0.260326,-0.20399,-0.107066) } 	m = 0.13498
2023/01/16 12:39:36.694266 [INFO] {Rank = 1 ( 1.34051,0.148437,-0.256839,1.18734) } 	m = 0.547
2023/01/16 12:39:36.694269 [INFO] 
2023/01/16 12:39:36.694274 [INFO] {Rank = 1 ( 0.445075,-0.334981,-0.0974529,0.24117) } 	m = 0.13498
2023/01/16 12:39:36.694279 [INFO] {Rank = 1 ( 0.659975,0.57336,-0.0527404,-0.292958) } 	m = 0.13498
2023/01/16 12:39:36.694283 [INFO] {Rank = 1 ( 1.13335,-0.238379,0.150193,0.951788) } 	m = 0.547
2023/01/16 12:39:36.694286 [INFO] 
2023/01/16 12:39:36.694291 [INFO] {Rank = 1 ( 0.908149,0.830147,0.022449,0.341857) } 	m = 0.13498
2023/01/16 12:39:36.694296 [INFO] {Rank = 1 ( 0.408432,-0.383789,-0.0107301,-0.0344602) } 	m = 0.13498
2023/01/16 12:39:36.694300 [INFO] {Rank = 1 ( 0.921824,-0.446358,-0.0117189,0.592603) } 	m = 0.547
2023/01/16 12:39:36.694303 [INFO] 
2023/01/16 12:39:36.694308 [INFO] {Rank = 1 ( 0.454618,0.223414,-0.116074,0.353654) } 	m = 0.13498
2023/01/16 12:39:36.694312 [INFO] {Rank = 1 ( 0.707416,-0.448299,0.443076,-0.291426) } 	m = 0.13498
2023/01/16 12:39:36.694317 [INFO] {Rank = 1 ( 1.07637,0.224885,-0.327001,0.837772) } 	m = 0.547
2023/01/16 12:39:36.694320 [INFO] 
2023/01/16 12:39:36.694325 [INFO] {Rank = 1 ( 0.756354,0.488329,0.142725,0.543153) } 	m = 0.13498
2023/01/16 12:39:36.694329 [INFO] {Rank = 1 ( 0.429698,0.232218,0.323399,0.0889319) } 	m = 0.13498
2023/01/16 12:39:36.694334 [INFO] {Rank = 1 ( 1.05235,-0.720547,-0.466125,0.267915) } 	m = 0.547
2023/01/16 12:39:36.694337 [INFO] 
2023/01/16 12:39:36.694341 [INFO] {Rank = 1 ( 0.351295,-0.155668,-0.20349,-0.198866) } 	m = 0.13498
2023/01/16 12:39:36.694346 [INFO] {Rank = 1 ( 1.14357,0.471915,0.532122,0.885257) } 	m = 0.134981
2023/01/16 12:39:36.694351 [INFO] {Rank = 1 ( 0.743538,-0.316248,-0.328631,0.213609) } 	m = 0.547
2023/01/16 12:39:36.694354 [INFO] 
2023/01/16 12:39:36.694378 [INFO] 4vec calculation for event 0
2023/01/16 12:39:36.694618 [INFO] 4vec all in lab system
 px: -7.45058e-09	 py: 0	 pz: 0.9	 e : 2.2384	 m : 2.0495
2023/01/16 12:39:36.756664 [INFO] 4vec calculation for event 500
2023/01/16 12:39:36.818538 [INFO] 4vec calculation for event 1000
2023/01/16 12:39:36.880284 [INFO] 4vec calculation for event 1500
2023/01/16 12:39:36.942054 [INFO] 4vec calculation for event 2000
2023/01/16 12:39:37.003676 [INFO] 4vec calculation for event 2500
2023/01/16 12:39:37.065660 [INFO] 4vec calculation for event 3000
2023/01/16 12:39:37.127479 [INFO] 4vec calculation for event 3500
2023/01/16 12:39:37.158362 [INFO] 4vec calculation for event 0
2023/01/16 12:39:37.158501 [INFO] 4vec all in lab system
 px: -1.49012e-08	 py: 3.63216e-08	 pz: 0.9	 e : 2.2384	 m : 2.0495
2023/01/16 12:39:37.220653 [INFO] 4vec calculation for event 500
2023/01/16 12:39:37.282461 [INFO] 4vec calculation for event 1000
2023/01/16 12:39:37.344242 [INFO] 4vec calculation for event 1500
2023/01/16 12:39:37.406019 [INFO] 4vec calculation for event 2000
2023/01/16 12:39:37.467812 [INFO] 4vec calculation for event 2500
2023/01/16 12:39:37.529531 [INFO] 4vec calculation for event 3000
2023/01/16 12:39:37.591210 [INFO] 4vec calculation for event 3500
2023/01/16 12:39:37.652881 [INFO] 4vec calculation for event 4000
2023/01/16 12:39:37.714545 [INFO] 4vec calculation for event 4500
2023/01/16 12:39:37.776225 [INFO] 4vec calculation for event 5000
2023/01/16 12:39:37.837810 [INFO] 4vec calculation for event 5500
2023/01/16 12:39:37.899502 [INFO] 4vec calculation for event 6000
2023/01/16 12:39:37.961176 [INFO] 4vec calculation for event 6500
2023/01/16 12:39:38.022870 [INFO] 4vec calculation for event 7000
2023/01/16 12:39:38.084644 [INFO] 4vec calculation for event 7500
2023/01/16 12:39:38.146949 [INFO] 4vec calculation for event 8000
2023/01/16 12:39:38.208918 [INFO] 4vec calculation for event 8500
2023/01/16 12:39:38.270913 [INFO] 4vec calculation for event 9000
2023/01/16 12:39:38.332878 [INFO] 4vec calculation for event 9500
2023/01/16 12:39:38.394785 [INFO] 4vec calculation for event 10000
2023/01/16 12:39:38.394925 [INFO] 4vec all in lab system
 px: 1.49012e-08	 py: 1.49012e-08	 pz: 0.9	 e : 2.2384	 m : 2.0495
2023/01/16 12:39:38.456564 [INFO] 4vec calculation for event 10500
2023/01/16 12:39:38.518518 [INFO] 4vec calculation for event 11000
2023/01/16 12:47:15.183094 [INFO] Received goodbye. Exiting.
