2022/02/17 20:49:13.946700 [INFO] /data/duldul/bertram/NewPawian220217/Pawian/bin/singleChannelApp
2022/02/17 20:49:13.946742 [INFO] --pbarpFiles
2022/02/17 20:49:13.946748 [INFO] pbarpReactionDefault.cfg
2022/02/17 20:49:13.946752 [INFO] --mode
2022/02/17 20:49:13.946755 [INFO] client
2022/02/17 20:49:13.946758 [INFO] --paramFile
2022/02/17 20:49:13.946762 [INFO] defaultparams.dat
2022/02/17 20:49:13.946765 [INFO] !
2022/02/17 20:49:13.946782 [INFO] 
                                       MMMMM
                                      M8NO  +M
                                    NO       M         ,MM
                                    MM     ?MN,   D8MMMO  :NMM
                               :MZ            ZM  MZ            NM,  M
                              M,          :M   MMN            DMMN M  ~
                             M        8MMM M  M,    7O: :M, M+     N:
                            M  =NMZ M     ,M8 M    ,O     MM   :    M
                            D  DM   M    $8        I= MM  $M   7    M
                           Z~ M M  O 8   8          M     N MM    DM
                           8, O    MM    M           :MM8,     ,, MMD
                           O:       M    87MMO ,  MM~                ,M,
                           I=O  M   M   M        M                     M
                           :M   M   N   M N,     M                    M~
                           :M  ?~  N    8I+  M    MMMMMMMMMMMMMMMOM? 7,
                            M  ++  M   8MZ7  M     M                MM
                            M   D  M  N   N   M,    ND          DM8,
                            M   M  M M~M               DMNM88= 8,
                            M    8  ?M?       M                 M~
                            M      N~8       ?$    :             M
                            NN      M     M  M     M             8:
                            D M    M   DDM   M     M               M,
                            D     ,D  D?M    N     M                 ND
                            M     M  ,O8$   ,7     M    M    M         M~
                            NN  8IO  M M    I=     =    M    M          ,M
                                 M  M                   M    M I          M
                                ~M ?8                 M M    M +M   MM     N
        N+I8MMM~                MM M ,      M         M D    M   M   MON   ~$
        M       NM              M8   M      O     D   M Z+  M:    M,  M M   M
         ,MMMD    88            8M   N     M      M         M      ~M  M M+  M
               7M, MI          +ZM  M      M      M        I$ $NI    M ,O M8 ?O
                 ?N M          I:   M      M       8       M     ,    M M     M
                  M +?         8,          N       M       N    :MMMMM7D M    M
                   D M         8,                  N,     ,$   M       M 8    8:
                   N,D,        ?:    =MMMMMZ               D  M         M  M  8ZMM
                    M ND       :Z=MO,                      N    MM8ZN8  M  M  M+ ,:~MMM 8~
                     M  DMMMMMNZ             D    ~MM        :MM        M   M MM    MNMM M
                     $7           DMMZZNOMMNMZ       M     =M       MZ  :7 MM   MM$ M8   N$ M
                       MO      MMZ        Z                +   ,MMD   +  D M~8  N  M       M
                          ?I=    D         8                        ,NMMMMO MM M 8  M     ID
                                  8        D                     MN,     M  ~,  MM       8N
     ,MNZ,  ,8MM         :~ZMMM,  :8       D                   8         ,M      N
   88           :M   M+         M  ,D       D                $            M      M
  M:       M      M ,7           D  8N$     8~             :D             M      M ?M,
  M    7   M      M M   +MM?     M ,8  D8    D=          ,D              Z?     ,O
  $I~ ~?  Z8     M  M      M     M 7+  M  :,   D$      8Z  M? M          M$D+M  7M?
   Z:  MMN       N, M     M?     M D   M          =$~   M :+  D,      NMMMMM OMM  MM          MMM
   O:           :M $Z    D8      M M   M          M     M O:  N      M     ,O     M M        M   N
   $~          M:  M  D  DM      O N   M   MM     M    :N M   M     +7      M     M  M       D   D
   ~=  MNMMMM8    D: $     M    ?Z M   D   M M    M    M  M   M     M M M   7,    M   M     D~   7=
   ~I     M       N  O     :$   N  M   D   8 Z=   M   M~  M   M     Z   N    M    M   D,    M    Z
    M     M      M   D     $~   M  M   N   M  M   M   M   Z   M    M         D    M    N    M    M
    M     M      O   M     M    M  M   M  M     ,M   Z7  N~   N    M  NM     M    N    M    M    M
 M  M     M     M    M     D    M  M   MMM   M M     M   M    M    N M  N    M   7$     D   M    M
  MMM7  MN     O$   M     M    N   M          +      M   M    $   N +I  ~+   M   M  ,   M   M    M
                MMM+      M    M   M       M,        N   M   O=   M M   ~?   M   M M~NN  M  8    M
                           N  $$   7M      M+       D    8   M    M M   D,   M   M M  M  ,N 8    D
                            D8:     M      OM      MN    D   M  , M M   M    M   O $  +~  $MZ    D
                                     :M88DM  N +MM+      MMM$M  N~+~N   D,   M  :8  D  M         N
                                                                 MMM     M   M  Z=  M  M         D

//************************************************************************//
//									  //
//  Copyright 2013 Bertram Kopf (bertram@ep1.rub.de)			  //
//  	      	   Julian Pychy (julian@ep1.rub.de)			  //
//          	   - Ruhr-Universität Bochum 				  //
//									  //
//  Pawian is free software: you can redistribute it and/or modify	  //
//  it under the terms of the GNU General Public License as published by  //
//  the Free Software Foundation, either version 3 of the License, or 	  //
//  (at your option) any later version.	 	      	  	   	  //
//									  //
//  Pawian is distributed in the hope that it will be useful,		  //
//  but WITHOUT ANY WARRANTY; without even the implied warranty of	  //
//  MERCHANTABILITY or FITNESS FOR A PARTICULAR PURPOSE.  See the	  //
//  GNU General Public License for more details.	      		  //
//									  //
//  You should have received a copy of the GNU General Public License     //
//  along with Pawian.  If not, see <http://www.gnu.org/licenses/>.	  //
//									  //
//************************************************************************//

   
2022/02/17 20:49:13.946792 [INFO] Compiled Feb 17 2022 21:42:08
2022/02/17 20:49:13.946796 [INFO] Hostname: pc36

Running with the following options using /data/duldul/bertram/NewPawian220217/Pawian/ConfigParser/global.cfg:

Error log mode: 1

data file: 

mc file: 

truth file: 

chosen unit in input file: GEV

chosen order in file: Px Py Pz E

file with start parameters for fit or qa: defaultparams.dat

startHypo: base

mode: client

number of threads: 2

ratioMcToData: 100

ratioTruthToMc: 100

cache amplitudes: 1

use data event weight: 0

use Monte Carlo event weight: 0

use truth event weight: 0

use phase space hyp: 0

use coherent phase space hyp: 0

prefit with free scaling factor: 0

pdg table: /Particle/pdtNew.table

minimumTolerance: 0.1

no of interpolated scattering points: 0

initial 4vector: 

projectile 4vector: 

prePathDataFiles: 

prePathKMatrixFiles: 

scalingWithChannelID: 0

fixAllPhases: 0

singleChannelId: 0

nllScalingFactor: 1

addChannelScalingId: 0

channelScalingSuffix: 

minuitStrategyLevel: 1

useParticleNameForPVecBg: 0

prodOrbMom1DFit: 0

decOrbMom1DFit: 0

stepSizeLhPrint: 1

stepSizeLhDump: 10

stepSizeTimer: 20

stepSizeParamsPrint: 1000

stepSizeParamsDump: 200


pbarp channel configuration file: pbarpReactionDefault.cfg



the final state particles are:

decay system:

decay dynamics:

replaced suffix for fit parameter name

replaced mass key

replaced prod key

production system:

K-matrix prod suffix:

production formalism:	Cano
fitqRProduction:	0

histograms inv mass for systems

histograms decay angles for systems

mass range cuts:

mass range anti-cuts:

generator range:	

php dynamics:

2Dhistogram decay angles for systems

random seed:	44123

generate with model:	1

number of generated events:	10000

number of data events:	1000000

number of bootstrap events:	10000

number of bootstrap files:	1

boostrap file name:	bootstrapFile
sProdExponent =0
2022/02/17 20:49:13.948180 [INFO] numReactions: 1
2022/02/17 20:49:13.949354 [INFO] __argv[0]: /data/duldul/bertram/NewPawian220217/Pawian/bin/singleChannelApp
2022/02/17 20:49:13.949365 [INFO] __argv[1]: --pbarpFiles
2022/02/17 20:49:13.949369 [INFO] __argv[3]: --mode
2022/02/17 20:49:13.949373 [INFO] __argv[4]: client
2022/02/17 20:49:13.949377 [INFO] __argv[5]: --paramFile
2022/02/17 20:49:13.949381 [INFO] __argv[6]: defaultparams.dat
2022/02/17 20:49:13.949385 [INFO] __argv[7]: !
2022/02/17 20:49:13.949401 [INFO] argvWCfgFile[0]= /data/duldul/bertram/NewPawian220217/Pawian/bin/singleChannelApp
2022/02/17 20:49:13.949410 [INFO] argvWCfgFile[1]= -c
2022/02/17 20:49:13.949414 [INFO] argvWCfgFile[2]= pbarpReactionDefault.cfg
2022/02/17 20:49:13.949418 [INFO] argvWCfgFile[3]= --mode
2022/02/17 20:49:13.949422 [INFO] argvWCfgFile[4]= client
2022/02/17 20:49:13.949425 [INFO] argvWCfgFile[5]= --paramFile
2022/02/17 20:49:13.949429 [INFO] argvWCfgFile[6]= defaultparams.dat
2022/02/17 20:49:13.949432 [INFO] argvWCfgFile[7]= !

Running with the following options using pbarpReactionDefault.cfg:

Error log mode: 1

data file: ./toyDataModel.dat

mc file: ./toyDataMC.dat

truth file: 

chosen unit in input file: MEV

chosen order in file: E Px Py Pz

file with start parameters for fit or qa: defaultparams.dat

startHypo: base

mode: client

number of threads: 1

ratioMcToData: 3

ratioTruthToMc: 100

cache amplitudes: 1

use data event weight: 0

use Monte Carlo event weight: 0

use truth event weight: 0

use phase space hyp: 0

use coherent phase space hyp: 0

prefit with free scaling factor: 0

pdg table: /Particle/pdtNew.table

minimumTolerance: 0.1

no of interpolated scattering points: 0

initial 4vector: 2.238404836    0.      0.     0.9

projectile 4vector: 1.300134       0.      0.     0.9

prePathDataFiles: 

prePathKMatrixFiles: 

scalingWithChannelID: 0

fixAllPhases: 0

singleChannelId: 0

nllScalingFactor: 1

addChannelScalingId: 0

channelScalingSuffix: 

minuitStrategyLevel: 1

useParticleNameForPVecBg: 0

prodOrbMom1DFit: 0

decOrbMom1DFit: 0

stepSizeLhPrint: 10

stepSizeLhDump: 20

stepSizeTimer: 20

stepSizeParamsPrint: 5000

stepSizeParamsDump: 500


clone particles: pion0 pion0A
clone particles: pion0 pion0B
clone particles: a0(980)0 a0(980)0A
clone particles: a0(980)0 a0(980)0B
clone particles: a2(1320)0 a2(1320)0A
clone particles: a2(1320)0 a2(1320)0B

minuit parameter	f2(1270)Mass	 fixed
minuit parameter	f2(1270)Width	 fixed
minuit parameter	a2(1320)0ABMass	 fixed
minuit parameter	a2(1320)0ABWidth	 fixed
minuit parameter	J0P-1C1L0S0pbarpPhi	 fixed
minuit parameter	J1P1C1L1S1pbarpPhi	 fixed
minuit parameter	L2S2_J0P-1C1Toa2(1320)0AB_pion0ABMag	 fixed
minuit parameter	L2S2_J0P-1C1Toa2(1320)0AB_pion0ABPhi	 fixed
minuit parameter	L1S2_J1P1C1Toa2(1320)0AB_pion0ABMag	 fixed
minuit parameter	L1S2_J1P1C1Toa2(1320)0AB_pion0ABPhi	 fixed
minuit parameter	L1S2_J2P1C1Toa2(1320)0AB_pion0ABMag	 fixed
minuit parameter	L1S2_J2P1C1Toa2(1320)0AB_pion0ABPhi	 fixed
minuit parameter	L2S0_a2(1320)0ABTopion0AB_etaMag	 fixed
minuit parameter	L2S0_a2(1320)0ABTopion0AB_etaPhi	 fixed
minuit parameter	L2S0_f2(1270)Topion0A_pion0BMag	 fixed
minuit parameter	L2S0_f2(1270)Topion0A_pion0BPhi	 fixed
minuit parameter	Iso1J0P-1C1	 fixed
minuit parameter	Iso1J1P1C1	 fixed
minuit parameter	Iso1J2P1C1	 fixed


the final state particles are:
pion0A
pion0B
eta

decay system:
Cano f2(1270) To pion0A pion0B
Cano a2(1320)0A To pion0A eta
Cano a2(1320)0B To pion0B eta

decay dynamics:
f2(1270)	BreitWigner
a2(1320)0A BreitWigner
a2(1320)0B BreitWigner

replaced suffix for fit parameter name
a2(1320)0B_pion0A a2(1320)0AB_pion0AB
a2(1320)0A_pion0B a2(1320)0AB_pion0AB
a2(1320)0ATopion0A_eta a2(1320)0ABTopion0AB_eta
a2(1320)0BTopion0B_eta a2(1320)0ABTopion0AB_eta

replaced mass key
a2(1320)0A a2(1320)0AB
a2(1320)0B a2(1320)0AB

replaced prod key

production system:
f2(1270) eta
a2(1320)0B pion0A
a2(1320)0A pion0B

K-matrix prod suffix:

production formalism:	Cano
fitqRProduction:	0

histograms inv mass for systems
pion0A pion0B
pion0A eta
pion0B eta

histograms decay angles for systems
pion0A pion0B from pion0A pion0B eta
pion0A eta from pion0A pion0B eta
pion0B eta from pion0A pion0B eta
pion0A from pion0A pion0B
pion0A from pion0A eta

mass range cuts:

mass range anti-cuts:

generator range:	

php dynamics:

2Dhistogram decay angles for systems

random seed:	44123

generate with model:	1

number of generated events:	10000

number of data events:	15000

number of bootstrap events:	10000

number of bootstrap files:	1

boostrap file name:	bootstrapFile
sProdExponent =0
Antiproton momentum in lab frame	 pbarmom = 0.9
Maximum orbital momentum for pbarp system	 Lmax = 1

spin density matrix calculation for particles

drop pbarp L 

2022/02/17 20:49:13.950608 [INFO] initial4Vec: {Rank = 1 ( 2.2384,0,0,0.9) } 
2022/02/17 20:49:13.950620 [INFO] projectile4Vec: {Rank = 1 ( 1.30013,0,0,0.9) } 
2022/02/17 20:49:13.950638 [INFO] Now replace the parser!!!
2022/02/17 20:49:13.951459 [ERROR] PwaApps/singleChannelApp.cc line 126: trying to set channel ID to 0
2022/02/17 20:49:13.951513 [INFO] 
The spins of the final state particles are:
2022/02/17 20:49:13.951521 [INFO] pion0A : 0
2022/02/17 20:49:13.951525 [INFO] pion0B : 0
2022/02/17 20:49:13.951529 [INFO] eta : 0
2022/02/17 20:49:13.951532 [INFO] 
current projection is:
2022/02/17 20:49:13.951537 [INFO] 0	lambda: 0
2022/02/17 20:49:13.951541 [INFO] 0	lambda: 0
2022/02/17 20:49:13.951545 [INFO] 0	lambda: 0

JPCLS amplitudes for decay	f2(1270)Topion0A_pion0B:
suffix for fit parameter name:	f2(1270)Topion0A_pion0B
JPC=2++	L,S=2,0	preFactorLS=0


2022/02/17 20:49:13.951619 [INFO] added decay f2(1270)Topion0A_pion0B to decay list

JPCLS amplitudes for decay	a2(1320)0ATopion0A_eta:
suffix for fit parameter name:	a2(1320)0ATopion0A_eta
JPC=2++	L,S=2,0	preFactorLS=0


2022/02/17 20:49:13.951643 [INFO] added decay a2(1320)0ATopion0A_eta to decay list

JPCLS amplitudes for decay	a2(1320)0BTopion0B_eta:
suffix for fit parameter name:	a2(1320)0BTopion0B_eta
JPC=2++	L,S=2,0	preFactorLS=0


2022/02/17 20:49:13.951662 [INFO] added decay a2(1320)0BTopion0B_eta to decay list

***ProdChannelInfo***
***ProdChannelInfo***
particle1: f2(1270)	particle2: eta
with production barrier: 0

***ProdChannelInfo***
***ProdChannelInfo***
particle1: a2(1320)0B	particle2: pion0A
with production barrier: 0

***ProdChannelInfo***
***ProdChannelInfo***
particle1: a2(1320)0A	particle2: pion0B
with production barrier: 0
2022/02/17 20:49:13.951728 [DEBUG] pbarpUtils/pbarpStatesLS.cc line 71: L=0 S=0 ==> C=1
2022/02/17 20:49:13.951745 [DEBUG] pbarpUtils/pbarpStatesLS.cc line 71: L=1 S=1 ==> C=1
2022/02/17 20:49:13.951755 [DEBUG] pbarpUtils/pbarpStatesLS.cc line 71: L=0 S=1 ==> C=-1
2022/02/17 20:49:13.951769 [DEBUG] pbarpUtils/pbarpStatesLS.cc line 71: L=1 S=0 ==> C=-1
2022/02/17 20:49:13.951777 [DEBUG] pbarpUtils/pbarpStatesLS.cc line 71: L=1 S=1 ==> C=1
2022/02/17 20:49:13.951787 [DEBUG] pbarpUtils/pbarpStatesLS.cc line 71: L=1 S=1 ==> C=1
f2(1270)	mass=1.275+0-0	width=0.185+0-0	3*q=0	2*J=4	P=1	p=-2	C=1	c=-2	G=-2	theGParity=1	2*I=0	2*I3=0	charm=0	strange=0
eta	mass=0.547+0.01-0.01	width=0.0001+0-0	3*q=0	2*J=0	P=-1	p=-2	C=1	c=-2	G=-2	theGParity=1	2*I=0	2*I3=0	charm=0	strange=0

JPCLS amplitudes for decay	I0G1J0P-1C1Tof2(1270)_eta:
suffix for fit parameter name:	J0P-1C1Tof2(1270)_eta
JPC=0-+	L,S=2,2	preFactorLS=0
with further decay:
JPCLS amplitudes for decay	f2(1270)Topion0A_pion0B:
suffix for fit parameter name:	f2(1270)Topion0A_pion0B
JPC=2++	L,S=2,0	preFactorLS=0




a2(1320)0B	mass=1.318+0-0	width=0.107+0-0	3*q=0	2*J=4	P=1	p=-2	C=1	c=-2	G=-2	theGParity=-1	2*I=2	2*I3=0	charm=0	strange=0
pion0A	mass=0.13498+0-0	width=0.0001+0-0	3*q=0	2*J=0	P=-1	p=-2	C=1	c=-2	G=-2	theGParity=-1	2*I=2	2*I3=0	charm=0	strange=0

JPCLS amplitudes for decay	I0G1J0P-1C1Toa2(1320)0B_pion0A:
suffix for fit parameter name:	J0P-1C1Toa2(1320)0B_pion0A
JPC=0-+	L,S=2,2	preFactorLS=0
with further decay:
JPCLS amplitudes for decay	a2(1320)0BTopion0B_eta:
suffix for fit parameter name:	a2(1320)0BTopion0B_eta
JPC=2++	L,S=2,0	preFactorLS=0




a2(1320)0A	mass=1.318+0-0	width=0.107+0-0	3*q=0	2*J=4	P=1	p=-2	C=1	c=-2	G=-2	theGParity=-1	2*I=2	2*I3=0	charm=0	strange=0
pion0B	mass=0.13498+0-0	width=0.0001+0-0	3*q=0	2*J=0	P=-1	p=-2	C=1	c=-2	G=-2	theGParity=-1	2*I=2	2*I3=0	charm=0	strange=0

JPCLS amplitudes for decay	I0G1J0P-1C1Toa2(1320)0A_pion0B:
suffix for fit parameter name:	J0P-1C1Toa2(1320)0A_pion0B
JPC=0-+	L,S=2,2	preFactorLS=0
with further decay:
JPCLS amplitudes for decay	a2(1320)0ATopion0A_eta:
suffix for fit parameter name:	a2(1320)0ATopion0A_eta
JPC=2++	L,S=2,0	preFactorLS=0




f2(1270)	mass=1.275+0-0	width=0.185+0-0	3*q=0	2*J=4	P=1	p=-2	C=1	c=-2	G=-2	theGParity=1	2*I=0	2*I3=0	charm=0	strange=0
eta	mass=0.547+0.01-0.01	width=0.0001+0-0	3*q=0	2*J=0	P=-1	p=-2	C=1	c=-2	G=-2	theGParity=1	2*I=0	2*I3=0	charm=0	strange=0
2022/02/17 20:49:13.951974 [WARN] PwaUtils/DataUtils.cc line 114: G-Parity not valid for:-1 --> 1 * 1 
2022/02/17 20:49:13.951985 [WARN] PwaUtils/DataUtils.cc line 114: G-Parity not valid for:-1 --> 1 * 1 
2022/02/17 20:49:13.951990 [WARN] PwaUtils/DataUtils.cc line 114: G-Parity not valid for:-1 --> 1 * 1 
2022/02/17 20:49:13.952003 [INFO] _JPCLSDecAmps.size()==0 for I1G-1J0P-1C1Tof2(1270)_eta

JPCLS amplitudes for decay	I1G-1J0P-1C1Tof2(1270)_eta:
suffix for fit parameter name:	J0P-1C1Tof2(1270)_eta
with further decay:
JPCLS amplitudes for decay	f2(1270)Topion0A_pion0B:
suffix for fit parameter name:	f2(1270)Topion0A_pion0B
JPC=2++	L,S=2,0	preFactorLS=0




2022/02/17 20:49:13.952014 [INFO] Skip amplitude I1G-1J0P-1C1Tof2(1270)_eta	JPCLSAmps().size(): 0	isospinCG(): 0
a2(1320)0B	mass=1.318+0-0	width=0.107+0-0	3*q=0	2*J=4	P=1	p=-2	C=1	c=-2	G=-2	theGParity=-1	2*I=2	2*I3=0	charm=0	strange=0
pion0A	mass=0.13498+0-0	width=0.0001+0-0	3*q=0	2*J=0	P=-1	p=-2	C=1	c=-2	G=-2	theGParity=-1	2*I=2	2*I3=0	charm=0	strange=0
2022/02/17 20:49:13.952050 [WARN] PwaUtils/DataUtils.cc line 114: G-Parity not valid for:-1 --> -1 * -1 
2022/02/17 20:49:13.952055 [WARN] PwaUtils/DataUtils.cc line 114: G-Parity not valid for:-1 --> -1 * -1 
2022/02/17 20:49:13.952059 [WARN] PwaUtils/DataUtils.cc line 114: G-Parity not valid for:-1 --> -1 * -1 
2022/02/17 20:49:13.952063 [INFO] _JPCLSDecAmps.size()==0 for I1G-1J0P-1C1Toa2(1320)0B_pion0A

JPCLS amplitudes for decay	I1G-1J0P-1C1Toa2(1320)0B_pion0A:
suffix for fit parameter name:	J0P-1C1Toa2(1320)0B_pion0A
with further decay:
JPCLS amplitudes for decay	a2(1320)0BTopion0B_eta:
suffix for fit parameter name:	a2(1320)0BTopion0B_eta
JPC=2++	L,S=2,0	preFactorLS=0




2022/02/17 20:49:13.952070 [INFO] Skip amplitude I1G-1J0P-1C1Toa2(1320)0B_pion0A	JPCLSAmps().size(): 0	isospinCG(): 0
a2(1320)0A	mass=1.318+0-0	width=0.107+0-0	3*q=0	2*J=4	P=1	p=-2	C=1	c=-2	G=-2	theGParity=-1	2*I=2	2*I3=0	charm=0	strange=0
pion0B	mass=0.13498+0-0	width=0.0001+0-0	3*q=0	2*J=0	P=-1	p=-2	C=1	c=-2	G=-2	theGParity=-1	2*I=2	2*I3=0	charm=0	strange=0
2022/02/17 20:49:13.952098 [WARN] PwaUtils/DataUtils.cc line 114: G-Parity not valid for:-1 --> -1 * -1 
2022/02/17 20:49:13.952103 [WARN] PwaUtils/DataUtils.cc line 114: G-Parity not valid for:-1 --> -1 * -1 
2022/02/17 20:49:13.952107 [WARN] PwaUtils/DataUtils.cc line 114: G-Parity not valid for:-1 --> -1 * -1 
2022/02/17 20:49:13.952111 [INFO] _JPCLSDecAmps.size()==0 for I1G-1J0P-1C1Toa2(1320)0A_pion0B

JPCLS amplitudes for decay	I1G-1J0P-1C1Toa2(1320)0A_pion0B:
suffix for fit parameter name:	J0P-1C1Toa2(1320)0A_pion0B
with further decay:
JPCLS amplitudes for decay	a2(1320)0ATopion0A_eta:
suffix for fit parameter name:	a2(1320)0ATopion0A_eta
JPC=2++	L,S=2,0	preFactorLS=0




2022/02/17 20:49:13.952117 [INFO] Skip amplitude I1G-1J0P-1C1Toa2(1320)0A_pion0B	JPCLSAmps().size(): 0	isospinCG(): 0
f2(1270)	mass=1.275+0-0	width=0.185+0-0	3*q=0	2*J=4	P=1	p=-2	C=1	c=-2	G=-2	theGParity=1	2*I=0	2*I3=0	charm=0	strange=0
eta	mass=0.547+0.01-0.01	width=0.0001+0-0	3*q=0	2*J=0	P=-1	p=-2	C=1	c=-2	G=-2	theGParity=1	2*I=0	2*I3=0	charm=0	strange=0
2022/02/17 20:49:13.952147 [INFO] _JPCLSDecAmps.size()==0 for I0G1J0P1C1Tof2(1270)_eta

JPCLS amplitudes for decay	I0G1J0P1C1Tof2(1270)_eta:
suffix for fit parameter name:	J0P1C1Tof2(1270)_eta
with further decay:
JPCLS amplitudes for decay	f2(1270)Topion0A_pion0B:
suffix for fit parameter name:	f2(1270)Topion0A_pion0B
JPC=2++	L,S=2,0	preFactorLS=0




2022/02/17 20:49:13.952154 [INFO] Skip amplitude I0G1J0P1C1Tof2(1270)_eta	JPCLSAmps().size(): 0	isospinCG(): 1
a2(1320)0B	mass=1.318+0-0	width=0.107+0-0	3*q=0	2*J=4	P=1	p=-2	C=1	c=-2	G=-2	theGParity=-1	2*I=2	2*I3=0	charm=0	strange=0
pion0A	mass=0.13498+0-0	width=0.0001+0-0	3*q=0	2*J=0	P=-1	p=-2	C=1	c=-2	G=-2	theGParity=-1	2*I=2	2*I3=0	charm=0	strange=0
2022/02/17 20:49:13.952186 [INFO] _JPCLSDecAmps.size()==0 for I0G1J0P1C1Toa2(1320)0B_pion0A

JPCLS amplitudes for decay	I0G1J0P1C1Toa2(1320)0B_pion0A:
suffix for fit parameter name:	J0P1C1Toa2(1320)0B_pion0A
with further decay:
JPCLS amplitudes for decay	a2(1320)0BTopion0B_eta:
suffix for fit parameter name:	a2(1320)0BTopion0B_eta
JPC=2++	L,S=2,0	preFactorLS=0




2022/02/17 20:49:13.952194 [INFO] Skip amplitude I0G1J0P1C1Toa2(1320)0B_pion0A	JPCLSAmps().size(): 0	isospinCG(): -0.57735
a2(1320)0A	mass=1.318+0-0	width=0.107+0-0	3*q=0	2*J=4	P=1	p=-2	C=1	c=-2	G=-2	theGParity=-1	2*I=2	2*I3=0	charm=0	strange=0
pion0B	mass=0.13498+0-0	width=0.0001+0-0	3*q=0	2*J=0	P=-1	p=-2	C=1	c=-2	G=-2	theGParity=-1	2*I=2	2*I3=0	charm=0	strange=0
2022/02/17 20:49:13.952222 [INFO] _JPCLSDecAmps.size()==0 for I0G1J0P1C1Toa2(1320)0A_pion0B

JPCLS amplitudes for decay	I0G1J0P1C1Toa2(1320)0A_pion0B:
suffix for fit parameter name:	J0P1C1Toa2(1320)0A_pion0B
with further decay:
JPCLS amplitudes for decay	a2(1320)0ATopion0A_eta:
suffix for fit parameter name:	a2(1320)0ATopion0A_eta
JPC=2++	L,S=2,0	preFactorLS=0




2022/02/17 20:49:13.952229 [INFO] Skip amplitude I0G1J0P1C1Toa2(1320)0A_pion0B	JPCLSAmps().size(): 0	isospinCG(): -0.57735
f2(1270)	mass=1.275+0-0	width=0.185+0-0	3*q=0	2*J=4	P=1	p=-2	C=1	c=-2	G=-2	theGParity=1	2*I=0	2*I3=0	charm=0	strange=0
eta	mass=0.547+0.01-0.01	width=0.0001+0-0	3*q=0	2*J=0	P=-1	p=-2	C=1	c=-2	G=-2	theGParity=1	2*I=0	2*I3=0	charm=0	strange=0
2022/02/17 20:49:13.952257 [WARN] PwaUtils/DataUtils.cc line 114: G-Parity not valid for:-1 --> 1 * 1 
2022/02/17 20:49:13.952262 [WARN] PwaUtils/DataUtils.cc line 114: G-Parity not valid for:-1 --> 1 * 1 
2022/02/17 20:49:13.952266 [WARN] PwaUtils/DataUtils.cc line 114: G-Parity not valid for:-1 --> 1 * 1 
2022/02/17 20:49:13.952270 [INFO] _JPCLSDecAmps.size()==0 for I1G-1J0P1C1Tof2(1270)_eta

JPCLS amplitudes for decay	I1G-1J0P1C1Tof2(1270)_eta:
suffix for fit parameter name:	J0P1C1Tof2(1270)_eta
with further decay:
JPCLS amplitudes for decay	f2(1270)Topion0A_pion0B:
suffix for fit parameter name:	f2(1270)Topion0A_pion0B
JPC=2++	L,S=2,0	preFactorLS=0




2022/02/17 20:49:13.952276 [INFO] Skip amplitude I1G-1J0P1C1Tof2(1270)_eta	JPCLSAmps().size(): 0	isospinCG(): 0
a2(1320)0B	mass=1.318+0-0	width=0.107+0-0	3*q=0	2*J=4	P=1	p=-2	C=1	c=-2	G=-2	theGParity=-1	2*I=2	2*I3=0	charm=0	strange=0
pion0A	mass=0.13498+0-0	width=0.0001+0-0	3*q=0	2*J=0	P=-1	p=-2	C=1	c=-2	G=-2	theGParity=-1	2*I=2	2*I3=0	charm=0	strange=0
2022/02/17 20:49:13.952304 [WARN] PwaUtils/DataUtils.cc line 114: G-Parity not valid for:-1 --> -1 * -1 
2022/02/17 20:49:13.952309 [WARN] PwaUtils/DataUtils.cc line 114: G-Parity not valid for:-1 --> -1 * -1 
2022/02/17 20:49:13.952313 [WARN] PwaUtils/DataUtils.cc line 114: G-Parity not valid for:-1 --> -1 * -1 
2022/02/17 20:49:13.952317 [INFO] _JPCLSDecAmps.size()==0 for I1G-1J0P1C1Toa2(1320)0B_pion0A

JPCLS amplitudes for decay	I1G-1J0P1C1Toa2(1320)0B_pion0A:
suffix for fit parameter name:	J0P1C1Toa2(1320)0B_pion0A
with further decay:
JPCLS amplitudes for decay	a2(1320)0BTopion0B_eta:
suffix for fit parameter name:	a2(1320)0BTopion0B_eta
JPC=2++	L,S=2,0	preFactorLS=0




2022/02/17 20:49:13.952323 [INFO] Skip amplitude I1G-1J0P1C1Toa2(1320)0B_pion0A	JPCLSAmps().size(): 0	isospinCG(): 0
a2(1320)0A	mass=1.318+0-0	width=0.107+0-0	3*q=0	2*J=4	P=1	p=-2	C=1	c=-2	G=-2	theGParity=-1	2*I=2	2*I3=0	charm=0	strange=0
pion0B	mass=0.13498+0-0	width=0.0001+0-0	3*q=0	2*J=0	P=-1	p=-2	C=1	c=-2	G=-2	theGParity=-1	2*I=2	2*I3=0	charm=0	strange=0
2022/02/17 20:49:13.952354 [WARN] PwaUtils/DataUtils.cc line 114: G-Parity not valid for:-1 --> -1 * -1 
2022/02/17 20:49:13.952359 [WARN] PwaUtils/DataUtils.cc line 114: G-Parity not valid for:-1 --> -1 * -1 
2022/02/17 20:49:13.952363 [WARN] PwaUtils/DataUtils.cc line 114: G-Parity not valid for:-1 --> -1 * -1 
2022/02/17 20:49:13.952367 [INFO] _JPCLSDecAmps.size()==0 for I1G-1J0P1C1Toa2(1320)0A_pion0B

JPCLS amplitudes for decay	I1G-1J0P1C1Toa2(1320)0A_pion0B:
suffix for fit parameter name:	J0P1C1Toa2(1320)0A_pion0B
with further decay:
JPCLS amplitudes for decay	a2(1320)0ATopion0A_eta:
suffix for fit parameter name:	a2(1320)0ATopion0A_eta
JPC=2++	L,S=2,0	preFactorLS=0




2022/02/17 20:49:13.952373 [INFO] Skip amplitude I1G-1J0P1C1Toa2(1320)0A_pion0B	JPCLSAmps().size(): 0	isospinCG(): 0
f2(1270)	mass=1.275+0-0	width=0.185+0-0	3*q=0	2*J=4	P=1	p=-2	C=1	c=-2	G=-2	theGParity=1	2*I=0	2*I3=0	charm=0	strange=0
eta	mass=0.547+0.01-0.01	width=0.0001+0-0	3*q=0	2*J=0	P=-1	p=-2	C=1	c=-2	G=-2	theGParity=1	2*I=0	2*I3=0	charm=0	strange=0
2022/02/17 20:49:13.952404 [WARN] PwaUtils/DataUtils.cc line 99: C-Parity not valid for the reaction: JPC= 1 -1 -1 -->  JPC= 2 1 1 and  JPC= 0 -1 1
2022/02/17 20:49:13.952411 [WARN] PwaUtils/DataUtils.cc line 99: C-Parity not valid for the reaction: JPC= 1 -1 -1 -->  JPC= 2 1 1 and  JPC= 0 -1 1
2022/02/17 20:49:13.952417 [WARN] PwaUtils/DataUtils.cc line 99: C-Parity not valid for the reaction: JPC= 1 -1 -1 -->  JPC= 2 1 1 and  JPC= 0 -1 1
2022/02/17 20:49:13.952421 [INFO] _JPCLSDecAmps.size()==0 for I0G-1J1P-1C-1Tof2(1270)_eta

JPCLS amplitudes for decay	I0G-1J1P-1C-1Tof2(1270)_eta:
suffix for fit parameter name:	J1P-1C-1Tof2(1270)_eta
with further decay:
JPCLS amplitudes for decay	f2(1270)Topion0A_pion0B:
suffix for fit parameter name:	f2(1270)Topion0A_pion0B
JPC=2++	L,S=2,0	preFactorLS=0




2022/02/17 20:49:13.952427 [INFO] Skip amplitude I0G-1J1P-1C-1Tof2(1270)_eta	JPCLSAmps().size(): 0	isospinCG(): 1
a2(1320)0B	mass=1.318+0-0	width=0.107+0-0	3*q=0	2*J=4	P=1	p=-2	C=1	c=-2	G=-2	theGParity=-1	2*I=2	2*I3=0	charm=0	strange=0
pion0A	mass=0.13498+0-0	width=0.0001+0-0	3*q=0	2*J=0	P=-1	p=-2	C=1	c=-2	G=-2	theGParity=-1	2*I=2	2*I3=0	charm=0	strange=0
2022/02/17 20:49:13.952457 [WARN] PwaUtils/DataUtils.cc line 99: C-Parity not valid for the reaction: JPC= 1 -1 -1 -->  JPC= 2 1 1 and  JPC= 0 -1 1
2022/02/17 20:49:13.952463 [WARN] PwaUtils/DataUtils.cc line 99: C-Parity not valid for the reaction: JPC= 1 -1 -1 -->  JPC= 2 1 1 and  JPC= 0 -1 1
2022/02/17 20:49:13.952469 [WARN] PwaUtils/DataUtils.cc line 99: C-Parity not valid for the reaction: JPC= 1 -1 -1 -->  JPC= 2 1 1 and  JPC= 0 -1 1
2022/02/17 20:49:13.952473 [INFO] _JPCLSDecAmps.size()==0 for I0G-1J1P-1C-1Toa2(1320)0B_pion0A

JPCLS amplitudes for decay	I0G-1J1P-1C-1Toa2(1320)0B_pion0A:
suffix for fit parameter name:	J1P-1C-1Toa2(1320)0B_pion0A
with further decay:
JPCLS amplitudes for decay	a2(1320)0BTopion0B_eta:
suffix for fit parameter name:	a2(1320)0BTopion0B_eta
JPC=2++	L,S=2,0	preFactorLS=0




2022/02/17 20:49:13.952480 [INFO] Skip amplitude I0G-1J1P-1C-1Toa2(1320)0B_pion0A	JPCLSAmps().size(): 0	isospinCG(): -0.57735
a2(1320)0A	mass=1.318+0-0	width=0.107+0-0	3*q=0	2*J=4	P=1	p=-2	C=1	c=-2	G=-2	theGParity=-1	2*I=2	2*I3=0	charm=0	strange=0
pion0B	mass=0.13498+0-0	width=0.0001+0-0	3*q=0	2*J=0	P=-1	p=-2	C=1	c=-2	G=-2	theGParity=-1	2*I=2	2*I3=0	charm=0	strange=0
2022/02/17 20:49:13.952509 [WARN] PwaUtils/DataUtils.cc line 99: C-Parity not valid for the reaction: JPC= 1 -1 -1 -->  JPC= 2 1 1 and  JPC= 0 -1 1
2022/02/17 20:49:13.952516 [WARN] PwaUtils/DataUtils.cc line 99: C-Parity not valid for the reaction: JPC= 1 -1 -1 -->  JPC= 2 1 1 and  JPC= 0 -1 1
2022/02/17 20:49:13.952521 [WARN] PwaUtils/DataUtils.cc line 99: C-Parity not valid for the reaction: JPC= 1 -1 -1 -->  JPC= 2 1 1 and  JPC= 0 -1 1
2022/02/17 20:49:13.952525 [INFO] _JPCLSDecAmps.size()==0 for I0G-1J1P-1C-1Toa2(1320)0A_pion0B

JPCLS amplitudes for decay	I0G-1J1P-1C-1Toa2(1320)0A_pion0B:
suffix for fit parameter name:	J1P-1C-1Toa2(1320)0A_pion0B
with further decay:
JPCLS amplitudes for decay	a2(1320)0ATopion0A_eta:
suffix for fit parameter name:	a2(1320)0ATopion0A_eta
JPC=2++	L,S=2,0	preFactorLS=0




2022/02/17 20:49:13.952532 [INFO] Skip amplitude I0G-1J1P-1C-1Toa2(1320)0A_pion0B	JPCLSAmps().size(): 0	isospinCG(): -0.57735
f2(1270)	mass=1.275+0-0	width=0.185+0-0	3*q=0	2*J=4	P=1	p=-2	C=1	c=-2	G=-2	theGParity=1	2*I=0	2*I3=0	charm=0	strange=0
eta	mass=0.547+0.01-0.01	width=0.0001+0-0	3*q=0	2*J=0	P=-1	p=-2	C=1	c=-2	G=-2	theGParity=1	2*I=0	2*I3=0	charm=0	strange=0
2022/02/17 20:49:13.952565 [WARN] PwaUtils/DataUtils.cc line 99: C-Parity not valid for the reaction: JPC= 1 -1 -1 -->  JPC= 2 1 1 and  JPC= 0 -1 1
2022/02/17 20:49:13.952571 [WARN] PwaUtils/DataUtils.cc line 99: C-Parity not valid for the reaction: JPC= 1 -1 -1 -->  JPC= 2 1 1 and  JPC= 0 -1 1
2022/02/17 20:49:13.952577 [WARN] PwaUtils/DataUtils.cc line 99: C-Parity not valid for the reaction: JPC= 1 -1 -1 -->  JPC= 2 1 1 and  JPC= 0 -1 1
2022/02/17 20:49:13.952581 [INFO] _JPCLSDecAmps.size()==0 for I1G1J1P-1C-1Tof2(1270)_eta

JPCLS amplitudes for decay	I1G1J1P-1C-1Tof2(1270)_eta:
suffix for fit parameter name:	J1P-1C-1Tof2(1270)_eta
with further decay:
JPCLS amplitudes for decay	f2(1270)Topion0A_pion0B:
suffix for fit parameter name:	f2(1270)Topion0A_pion0B
JPC=2++	L,S=2,0	preFactorLS=0




2022/02/17 20:49:13.952588 [INFO] Skip amplitude I1G1J1P-1C-1Tof2(1270)_eta	JPCLSAmps().size(): 0	isospinCG(): 0
a2(1320)0B	mass=1.318+0-0	width=0.107+0-0	3*q=0	2*J=4	P=1	p=-2	C=1	c=-2	G=-2	theGParity=-1	2*I=2	2*I3=0	charm=0	strange=0
pion0A	mass=0.13498+0-0	width=0.0001+0-0	3*q=0	2*J=0	P=-1	p=-2	C=1	c=-2	G=-2	theGParity=-1	2*I=2	2*I3=0	charm=0	strange=0
2022/02/17 20:49:13.952617 [WARN] PwaUtils/DataUtils.cc line 99: C-Parity not valid for the reaction: JPC= 1 -1 -1 -->  JPC= 2 1 1 and  JPC= 0 -1 1
2022/02/17 20:49:13.952624 [WARN] PwaUtils/DataUtils.cc line 99: C-Parity not valid for the reaction: JPC= 1 -1 -1 -->  JPC= 2 1 1 and  JPC= 0 -1 1
2022/02/17 20:49:13.952629 [WARN] PwaUtils/DataUtils.cc line 99: C-Parity not valid for the reaction: JPC= 1 -1 -1 -->  JPC= 2 1 1 and  JPC= 0 -1 1
2022/02/17 20:49:13.952633 [INFO] _JPCLSDecAmps.size()==0 for I1G1J1P-1C-1Toa2(1320)0B_pion0A

JPCLS amplitudes for decay	I1G1J1P-1C-1Toa2(1320)0B_pion0A:
suffix for fit parameter name:	J1P-1C-1Toa2(1320)0B_pion0A
with further decay:
JPCLS amplitudes for decay	a2(1320)0BTopion0B_eta:
suffix for fit parameter name:	a2(1320)0BTopion0B_eta
JPC=2++	L,S=2,0	preFactorLS=0




2022/02/17 20:49:13.952640 [INFO] Skip amplitude I1G1J1P-1C-1Toa2(1320)0B_pion0A	JPCLSAmps().size(): 0	isospinCG(): 0
a2(1320)0A	mass=1.318+0-0	width=0.107+0-0	3*q=0	2*J=4	P=1	p=-2	C=1	c=-2	G=-2	theGParity=-1	2*I=2	2*I3=0	charm=0	strange=0
pion0B	mass=0.13498+0-0	width=0.0001+0-0	3*q=0	2*J=0	P=-1	p=-2	C=1	c=-2	G=-2	theGParity=-1	2*I=2	2*I3=0	charm=0	strange=0
2022/02/17 20:49:13.952669 [WARN] PwaUtils/DataUtils.cc line 99: C-Parity not valid for the reaction: JPC= 1 -1 -1 -->  JPC= 2 1 1 and  JPC= 0 -1 1
2022/02/17 20:49:13.952675 [WARN] PwaUtils/DataUtils.cc line 99: C-Parity not valid for the reaction: JPC= 1 -1 -1 -->  JPC= 2 1 1 and  JPC= 0 -1 1
2022/02/17 20:49:13.952681 [WARN] PwaUtils/DataUtils.cc line 99: C-Parity not valid for the reaction: JPC= 1 -1 -1 -->  JPC= 2 1 1 and  JPC= 0 -1 1
2022/02/17 20:49:13.952685 [INFO] _JPCLSDecAmps.size()==0 for I1G1J1P-1C-1Toa2(1320)0A_pion0B

JPCLS amplitudes for decay	I1G1J1P-1C-1Toa2(1320)0A_pion0B:
suffix for fit parameter name:	J1P-1C-1Toa2(1320)0A_pion0B
with further decay:
JPCLS amplitudes for decay	a2(1320)0ATopion0A_eta:
suffix for fit parameter name:	a2(1320)0ATopion0A_eta
JPC=2++	L,S=2,0	preFactorLS=0




2022/02/17 20:49:13.952692 [INFO] Skip amplitude I1G1J1P-1C-1Toa2(1320)0A_pion0B	JPCLSAmps().size(): 0	isospinCG(): 0
f2(1270)	mass=1.275+0-0	width=0.185+0-0	3*q=0	2*J=4	P=1	p=-2	C=1	c=-2	G=-2	theGParity=1	2*I=0	2*I3=0	charm=0	strange=0
eta	mass=0.547+0.01-0.01	width=0.0001+0-0	3*q=0	2*J=0	P=-1	p=-2	C=1	c=-2	G=-2	theGParity=1	2*I=0	2*I3=0	charm=0	strange=0
2022/02/17 20:49:13.952722 [WARN] PwaUtils/DataUtils.cc line 99: C-Parity not valid for the reaction: JPC= 1 1 -1 -->  JPC= 2 1 1 and  JPC= 0 -1 1
2022/02/17 20:49:13.952732 [WARN] PwaUtils/DataUtils.cc line 99: C-Parity not valid for the reaction: JPC= 1 1 -1 -->  JPC= 2 1 1 and  JPC= 0 -1 1
2022/02/17 20:49:13.952737 [WARN] PwaUtils/DataUtils.cc line 99: C-Parity not valid for the reaction: JPC= 1 1 -1 -->  JPC= 2 1 1 and  JPC= 0 -1 1
2022/02/17 20:49:13.952742 [INFO] _JPCLSDecAmps.size()==0 for I0G-1J1P1C-1Tof2(1270)_eta

JPCLS amplitudes for decay	I0G-1J1P1C-1Tof2(1270)_eta:
suffix for fit parameter name:	J1P1C-1Tof2(1270)_eta
with further decay:
JPCLS amplitudes for decay	f2(1270)Topion0A_pion0B:
suffix for fit parameter name:	f2(1270)Topion0A_pion0B
JPC=2++	L,S=2,0	preFactorLS=0




2022/02/17 20:49:13.952748 [INFO] Skip amplitude I0G-1J1P1C-1Tof2(1270)_eta	JPCLSAmps().size(): 0	isospinCG(): 1
a2(1320)0B	mass=1.318+0-0	width=0.107+0-0	3*q=0	2*J=4	P=1	p=-2	C=1	c=-2	G=-2	theGParity=-1	2*I=2	2*I3=0	charm=0	strange=0
pion0A	mass=0.13498+0-0	width=0.0001+0-0	3*q=0	2*J=0	P=-1	p=-2	C=1	c=-2	G=-2	theGParity=-1	2*I=2	2*I3=0	charm=0	strange=0
2022/02/17 20:49:13.952778 [WARN] PwaUtils/DataUtils.cc line 99: C-Parity not valid for the reaction: JPC= 1 1 -1 -->  JPC= 2 1 1 and  JPC= 0 -1 1
2022/02/17 20:49:13.952785 [WARN] PwaUtils/DataUtils.cc line 99: C-Parity not valid for the reaction: JPC= 1 1 -1 -->  JPC= 2 1 1 and  JPC= 0 -1 1
2022/02/17 20:49:13.952790 [WARN] PwaUtils/DataUtils.cc line 99: C-Parity not valid for the reaction: JPC= 1 1 -1 -->  JPC= 2 1 1 and  JPC= 0 -1 1
2022/02/17 20:49:13.952795 [INFO] _JPCLSDecAmps.size()==0 for I0G-1J1P1C-1Toa2(1320)0B_pion0A

JPCLS amplitudes for decay	I0G-1J1P1C-1Toa2(1320)0B_pion0A:
suffix for fit parameter name:	J1P1C-1Toa2(1320)0B_pion0A
with further decay:
JPCLS amplitudes for decay	a2(1320)0BTopion0B_eta:
suffix for fit parameter name:	a2(1320)0BTopion0B_eta
JPC=2++	L,S=2,0	preFactorLS=0




2022/02/17 20:49:13.952801 [INFO] Skip amplitude I0G-1J1P1C-1Toa2(1320)0B_pion0A	JPCLSAmps().size(): 0	isospinCG(): -0.57735
a2(1320)0A	mass=1.318+0-0	width=0.107+0-0	3*q=0	2*J=4	P=1	p=-2	C=1	c=-2	G=-2	theGParity=-1	2*I=2	2*I3=0	charm=0	strange=0
pion0B	mass=0.13498+0-0	width=0.0001+0-0	3*q=0	2*J=0	P=-1	p=-2	C=1	c=-2	G=-2	theGParity=-1	2*I=2	2*I3=0	charm=0	strange=0
2022/02/17 20:49:13.952831 [WARN] PwaUtils/DataUtils.cc line 99: C-Parity not valid for the reaction: JPC= 1 1 -1 -->  JPC= 2 1 1 and  JPC= 0 -1 1
2022/02/17 20:49:13.952837 [WARN] PwaUtils/DataUtils.cc line 99: C-Parity not valid for the reaction: JPC= 1 1 -1 -->  JPC= 2 1 1 and  JPC= 0 -1 1
2022/02/17 20:49:13.952843 [WARN] PwaUtils/DataUtils.cc line 99: C-Parity not valid for the reaction: JPC= 1 1 -1 -->  JPC= 2 1 1 and  JPC= 0 -1 1
2022/02/17 20:49:13.952847 [INFO] _JPCLSDecAmps.size()==0 for I0G-1J1P1C-1Toa2(1320)0A_pion0B

JPCLS amplitudes for decay	I0G-1J1P1C-1Toa2(1320)0A_pion0B:
suffix for fit parameter name:	J1P1C-1Toa2(1320)0A_pion0B
with further decay:
JPCLS amplitudes for decay	a2(1320)0ATopion0A_eta:
suffix for fit parameter name:	a2(1320)0ATopion0A_eta
JPC=2++	L,S=2,0	preFactorLS=0




2022/02/17 20:49:13.952854 [INFO] Skip amplitude I0G-1J1P1C-1Toa2(1320)0A_pion0B	JPCLSAmps().size(): 0	isospinCG(): -0.57735
f2(1270)	mass=1.275+0-0	width=0.185+0-0	3*q=0	2*J=4	P=1	p=-2	C=1	c=-2	G=-2	theGParity=1	2*I=0	2*I3=0	charm=0	strange=0
eta	mass=0.547+0.01-0.01	width=0.0001+0-0	3*q=0	2*J=0	P=-1	p=-2	C=1	c=-2	G=-2	theGParity=1	2*I=0	2*I3=0	charm=0	strange=0
2022/02/17 20:49:13.952884 [WARN] PwaUtils/DataUtils.cc line 99: C-Parity not valid for the reaction: JPC= 1 1 -1 -->  JPC= 2 1 1 and  JPC= 0 -1 1
2022/02/17 20:49:13.952890 [WARN] PwaUtils/DataUtils.cc line 99: C-Parity not valid for the reaction: JPC= 1 1 -1 -->  JPC= 2 1 1 and  JPC= 0 -1 1
2022/02/17 20:49:13.952896 [WARN] PwaUtils/DataUtils.cc line 99: C-Parity not valid for the reaction: JPC= 1 1 -1 -->  JPC= 2 1 1 and  JPC= 0 -1 1
2022/02/17 20:49:13.952900 [INFO] _JPCLSDecAmps.size()==0 for I1G1J1P1C-1Tof2(1270)_eta

JPCLS amplitudes for decay	I1G1J1P1C-1Tof2(1270)_eta:
suffix for fit parameter name:	J1P1C-1Tof2(1270)_eta
with further decay:
JPCLS amplitudes for decay	f2(1270)Topion0A_pion0B:
suffix for fit parameter name:	f2(1270)Topion0A_pion0B
JPC=2++	L,S=2,0	preFactorLS=0




2022/02/17 20:49:13.952906 [INFO] Skip amplitude I1G1J1P1C-1Tof2(1270)_eta	JPCLSAmps().size(): 0	isospinCG(): 0
a2(1320)0B	mass=1.318+0-0	width=0.107+0-0	3*q=0	2*J=4	P=1	p=-2	C=1	c=-2	G=-2	theGParity=-1	2*I=2	2*I3=0	charm=0	strange=0
pion0A	mass=0.13498+0-0	width=0.0001+0-0	3*q=0	2*J=0	P=-1	p=-2	C=1	c=-2	G=-2	theGParity=-1	2*I=2	2*I3=0	charm=0	strange=0
2022/02/17 20:49:13.952939 [WARN] PwaUtils/DataUtils.cc line 99: C-Parity not valid for the reaction: JPC= 1 1 -1 -->  JPC= 2 1 1 and  JPC= 0 -1 1
2022/02/17 20:49:13.952946 [WARN] PwaUtils/DataUtils.cc line 99: C-Parity not valid for the reaction: JPC= 1 1 -1 -->  JPC= 2 1 1 and  JPC= 0 -1 1
2022/02/17 20:49:13.952952 [WARN] PwaUtils/DataUtils.cc line 99: C-Parity not valid for the reaction: JPC= 1 1 -1 -->  JPC= 2 1 1 and  JPC= 0 -1 1
2022/02/17 20:49:13.952956 [INFO] _JPCLSDecAmps.size()==0 for I1G1J1P1C-1Toa2(1320)0B_pion0A

JPCLS amplitudes for decay	I1G1J1P1C-1Toa2(1320)0B_pion0A:
suffix for fit parameter name:	J1P1C-1Toa2(1320)0B_pion0A
with further decay:
JPCLS amplitudes for decay	a2(1320)0BTopion0B_eta:
suffix for fit parameter name:	a2(1320)0BTopion0B_eta
JPC=2++	L,S=2,0	preFactorLS=0




2022/02/17 20:49:13.952962 [INFO] Skip amplitude I1G1J1P1C-1Toa2(1320)0B_pion0A	JPCLSAmps().size(): 0	isospinCG(): 0
a2(1320)0A	mass=1.318+0-0	width=0.107+0-0	3*q=0	2*J=4	P=1	p=-2	C=1	c=-2	G=-2	theGParity=-1	2*I=2	2*I3=0	charm=0	strange=0
pion0B	mass=0.13498+0-0	width=0.0001+0-0	3*q=0	2*J=0	P=-1	p=-2	C=1	c=-2	G=-2	theGParity=-1	2*I=2	2*I3=0	charm=0	strange=0
2022/02/17 20:49:13.953014 [WARN] PwaUtils/DataUtils.cc line 99: C-Parity not valid for the reaction: JPC= 1 1 -1 -->  JPC= 2 1 1 and  JPC= 0 -1 1
2022/02/17 20:49:13.953021 [WARN] PwaUtils/DataUtils.cc line 99: C-Parity not valid for the reaction: JPC= 1 1 -1 -->  JPC= 2 1 1 and  JPC= 0 -1 1
2022/02/17 20:49:13.953027 [WARN] PwaUtils/DataUtils.cc line 99: C-Parity not valid for the reaction: JPC= 1 1 -1 -->  JPC= 2 1 1 and  JPC= 0 -1 1
2022/02/17 20:49:13.953031 [INFO] _JPCLSDecAmps.size()==0 for I1G1J1P1C-1Toa2(1320)0A_pion0B

JPCLS amplitudes for decay	I1G1J1P1C-1Toa2(1320)0A_pion0B:
suffix for fit parameter name:	J1P1C-1Toa2(1320)0A_pion0B
with further decay:
JPCLS amplitudes for decay	a2(1320)0ATopion0A_eta:
suffix for fit parameter name:	a2(1320)0ATopion0A_eta
JPC=2++	L,S=2,0	preFactorLS=0




2022/02/17 20:49:13.953037 [INFO] Skip amplitude I1G1J1P1C-1Toa2(1320)0A_pion0B	JPCLSAmps().size(): 0	isospinCG(): 0
f2(1270)	mass=1.275+0-0	width=0.185+0-0	3*q=0	2*J=4	P=1	p=-2	C=1	c=-2	G=-2	theGParity=1	2*I=0	2*I3=0	charm=0	strange=0
eta	mass=0.547+0.01-0.01	width=0.0001+0-0	3*q=0	2*J=0	P=-1	p=-2	C=1	c=-2	G=-2	theGParity=1	2*I=0	2*I3=0	charm=0	strange=0

JPCLS amplitudes for decay	I0G1J1P1C1Tof2(1270)_eta:
suffix for fit parameter name:	J1P1C1Tof2(1270)_eta
JPC=1++	L,S=1,2	preFactorLS=0
JPC=1++	L,S=3,2	preFactorLS=0
with further decay:
JPCLS amplitudes for decay	f2(1270)Topion0A_pion0B:
suffix for fit parameter name:	f2(1270)Topion0A_pion0B
JPC=2++	L,S=2,0	preFactorLS=0




a2(1320)0B	mass=1.318+0-0	width=0.107+0-0	3*q=0	2*J=4	P=1	p=-2	C=1	c=-2	G=-2	theGParity=-1	2*I=2	2*I3=0	charm=0	strange=0
pion0A	mass=0.13498+0-0	width=0.0001+0-0	3*q=0	2*J=0	P=-1	p=-2	C=1	c=-2	G=-2	theGParity=-1	2*I=2	2*I3=0	charm=0	strange=0

JPCLS amplitudes for decay	I0G1J1P1C1Toa2(1320)0B_pion0A:
suffix for fit parameter name:	J1P1C1Toa2(1320)0B_pion0A
JPC=1++	L,S=1,2	preFactorLS=0
JPC=1++	L,S=3,2	preFactorLS=0
with further decay:
JPCLS amplitudes for decay	a2(1320)0BTopion0B_eta:
suffix for fit parameter name:	a2(1320)0BTopion0B_eta
JPC=2++	L,S=2,0	preFactorLS=0




a2(1320)0A	mass=1.318+0-0	width=0.107+0-0	3*q=0	2*J=4	P=1	p=-2	C=1	c=-2	G=-2	theGParity=-1	2*I=2	2*I3=0	charm=0	strange=0
pion0B	mass=0.13498+0-0	width=0.0001+0-0	3*q=0	2*J=0	P=-1	p=-2	C=1	c=-2	G=-2	theGParity=-1	2*I=2	2*I3=0	charm=0	strange=0

JPCLS amplitudes for decay	I0G1J1P1C1Toa2(1320)0A_pion0B:
suffix for fit parameter name:	J1P1C1Toa2(1320)0A_pion0B
JPC=1++	L,S=1,2	preFactorLS=0
JPC=1++	L,S=3,2	preFactorLS=0
with further decay:
JPCLS amplitudes for decay	a2(1320)0ATopion0A_eta:
suffix for fit parameter name:	a2(1320)0ATopion0A_eta
JPC=2++	L,S=2,0	preFactorLS=0




f2(1270)	mass=1.275+0-0	width=0.185+0-0	3*q=0	2*J=4	P=1	p=-2	C=1	c=-2	G=-2	theGParity=1	2*I=0	2*I3=0	charm=0	strange=0
eta	mass=0.547+0.01-0.01	width=0.0001+0-0	3*q=0	2*J=0	P=-1	p=-2	C=1	c=-2	G=-2	theGParity=1	2*I=0	2*I3=0	charm=0	strange=0
2022/02/17 20:49:13.953160 [WARN] PwaUtils/DataUtils.cc line 114: G-Parity not valid for:-1 --> 1 * 1 
2022/02/17 20:49:13.953165 [WARN] PwaUtils/DataUtils.cc line 114: G-Parity not valid for:-1 --> 1 * 1 
2022/02/17 20:49:13.953169 [WARN] PwaUtils/DataUtils.cc line 114: G-Parity not valid for:-1 --> 1 * 1 
2022/02/17 20:49:13.953173 [INFO] _JPCLSDecAmps.size()==0 for I1G-1J1P1C1Tof2(1270)_eta

JPCLS amplitudes for decay	I1G-1J1P1C1Tof2(1270)_eta:
suffix for fit parameter name:	J1P1C1Tof2(1270)_eta
with further decay:
JPCLS amplitudes for decay	f2(1270)Topion0A_pion0B:
suffix for fit parameter name:	f2(1270)Topion0A_pion0B
JPC=2++	L,S=2,0	preFactorLS=0




2022/02/17 20:49:13.953180 [INFO] Skip amplitude I1G-1J1P1C1Tof2(1270)_eta	JPCLSAmps().size(): 0	isospinCG(): 0
a2(1320)0B	mass=1.318+0-0	width=0.107+0-0	3*q=0	2*J=4	P=1	p=-2	C=1	c=-2	G=-2	theGParity=-1	2*I=2	2*I3=0	charm=0	strange=0
pion0A	mass=0.13498+0-0	width=0.0001+0-0	3*q=0	2*J=0	P=-1	p=-2	C=1	c=-2	G=-2	theGParity=-1	2*I=2	2*I3=0	charm=0	strange=0
2022/02/17 20:49:13.953208 [WARN] PwaUtils/DataUtils.cc line 114: G-Parity not valid for:-1 --> -1 * -1 
2022/02/17 20:49:13.953213 [WARN] PwaUtils/DataUtils.cc line 114: G-Parity not valid for:-1 --> -1 * -1 
2022/02/17 20:49:13.953217 [WARN] PwaUtils/DataUtils.cc line 114: G-Parity not valid for:-1 --> -1 * -1 
2022/02/17 20:49:13.953221 [INFO] _JPCLSDecAmps.size()==0 for I1G-1J1P1C1Toa2(1320)0B_pion0A

JPCLS amplitudes for decay	I1G-1J1P1C1Toa2(1320)0B_pion0A:
suffix for fit parameter name:	J1P1C1Toa2(1320)0B_pion0A
with further decay:
JPCLS amplitudes for decay	a2(1320)0BTopion0B_eta:
suffix for fit parameter name:	a2(1320)0BTopion0B_eta
JPC=2++	L,S=2,0	preFactorLS=0




2022/02/17 20:49:13.953227 [INFO] Skip amplitude I1G-1J1P1C1Toa2(1320)0B_pion0A	JPCLSAmps().size(): 0	isospinCG(): 0
a2(1320)0A	mass=1.318+0-0	width=0.107+0-0	3*q=0	2*J=4	P=1	p=-2	C=1	c=-2	G=-2	theGParity=-1	2*I=2	2*I3=0	charm=0	strange=0
pion0B	mass=0.13498+0-0	width=0.0001+0-0	3*q=0	2*J=0	P=-1	p=-2	C=1	c=-2	G=-2	theGParity=-1	2*I=2	2*I3=0	charm=0	strange=0
2022/02/17 20:49:13.953255 [WARN] PwaUtils/DataUtils.cc line 114: G-Parity not valid for:-1 --> -1 * -1 
2022/02/17 20:49:13.953260 [WARN] PwaUtils/DataUtils.cc line 114: G-Parity not valid for:-1 --> -1 * -1 
2022/02/17 20:49:13.953264 [WARN] PwaUtils/DataUtils.cc line 114: G-Parity not valid for:-1 --> -1 * -1 
2022/02/17 20:49:13.953268 [INFO] _JPCLSDecAmps.size()==0 for I1G-1J1P1C1Toa2(1320)0A_pion0B

JPCLS amplitudes for decay	I1G-1J1P1C1Toa2(1320)0A_pion0B:
suffix for fit parameter name:	J1P1C1Toa2(1320)0A_pion0B
with further decay:
JPCLS amplitudes for decay	a2(1320)0ATopion0A_eta:
suffix for fit parameter name:	a2(1320)0ATopion0A_eta
JPC=2++	L,S=2,0	preFactorLS=0




2022/02/17 20:49:13.953274 [INFO] Skip amplitude I1G-1J1P1C1Toa2(1320)0A_pion0B	JPCLSAmps().size(): 0	isospinCG(): 0
f2(1270)	mass=1.275+0-0	width=0.185+0-0	3*q=0	2*J=4	P=1	p=-2	C=1	c=-2	G=-2	theGParity=1	2*I=0	2*I3=0	charm=0	strange=0
eta	mass=0.547+0.01-0.01	width=0.0001+0-0	3*q=0	2*J=0	P=-1	p=-2	C=1	c=-2	G=-2	theGParity=1	2*I=0	2*I3=0	charm=0	strange=0

JPCLS amplitudes for decay	I0G1J2P1C1Tof2(1270)_eta:
suffix for fit parameter name:	J2P1C1Tof2(1270)_eta
JPC=2++	L,S=1,2	preFactorLS=0
JPC=2++	L,S=3,2	preFactorLS=0
with further decay:
JPCLS amplitudes for decay	f2(1270)Topion0A_pion0B:
suffix for fit parameter name:	f2(1270)Topion0A_pion0B
JPC=2++	L,S=2,0	preFactorLS=0




a2(1320)0B	mass=1.318+0-0	width=0.107+0-0	3*q=0	2*J=4	P=1	p=-2	C=1	c=-2	G=-2	theGParity=-1	2*I=2	2*I3=0	charm=0	strange=0
pion0A	mass=0.13498+0-0	width=0.0001+0-0	3*q=0	2*J=0	P=-1	p=-2	C=1	c=-2	G=-2	theGParity=-1	2*I=2	2*I3=0	charm=0	strange=0

JPCLS amplitudes for decay	I0G1J2P1C1Toa2(1320)0B_pion0A:
suffix for fit parameter name:	J2P1C1Toa2(1320)0B_pion0A
JPC=2++	L,S=1,2	preFactorLS=0
JPC=2++	L,S=3,2	preFactorLS=0
with further decay:
JPCLS amplitudes for decay	a2(1320)0BTopion0B_eta:
suffix for fit parameter name:	a2(1320)0BTopion0B_eta
JPC=2++	L,S=2,0	preFactorLS=0




a2(1320)0A	mass=1.318+0-0	width=0.107+0-0	3*q=0	2*J=4	P=1	p=-2	C=1	c=-2	G=-2	theGParity=-1	2*I=2	2*I3=0	charm=0	strange=0
pion0B	mass=0.13498+0-0	width=0.0001+0-0	3*q=0	2*J=0	P=-1	p=-2	C=1	c=-2	G=-2	theGParity=-1	2*I=2	2*I3=0	charm=0	strange=0

JPCLS amplitudes for decay	I0G1J2P1C1Toa2(1320)0A_pion0B:
suffix for fit parameter name:	J2P1C1Toa2(1320)0A_pion0B
JPC=2++	L,S=1,2	preFactorLS=0
JPC=2++	L,S=3,2	preFactorLS=0
with further decay:
JPCLS amplitudes for decay	a2(1320)0ATopion0A_eta:
suffix for fit parameter name:	a2(1320)0ATopion0A_eta
JPC=2++	L,S=2,0	preFactorLS=0




f2(1270)	mass=1.275+0-0	width=0.185+0-0	3*q=0	2*J=4	P=1	p=-2	C=1	c=-2	G=-2	theGParity=1	2*I=0	2*I3=0	charm=0	strange=0
eta	mass=0.547+0.01-0.01	width=0.0001+0-0	3*q=0	2*J=0	P=-1	p=-2	C=1	c=-2	G=-2	theGParity=1	2*I=0	2*I3=0	charm=0	strange=0
2022/02/17 20:49:13.953401 [WARN] PwaUtils/DataUtils.cc line 114: G-Parity not valid for:-1 --> 1 * 1 
2022/02/17 20:49:13.953406 [WARN] PwaUtils/DataUtils.cc line 114: G-Parity not valid for:-1 --> 1 * 1 
2022/02/17 20:49:13.953410 [WARN] PwaUtils/DataUtils.cc line 114: G-Parity not valid for:-1 --> 1 * 1 
2022/02/17 20:49:13.953414 [INFO] _JPCLSDecAmps.size()==0 for I1G-1J2P1C1Tof2(1270)_eta

JPCLS amplitudes for decay	I1G-1J2P1C1Tof2(1270)_eta:
suffix for fit parameter name:	J2P1C1Tof2(1270)_eta
with further decay:
JPCLS amplitudes for decay	f2(1270)Topion0A_pion0B:
suffix for fit parameter name:	f2(1270)Topion0A_pion0B
JPC=2++	L,S=2,0	preFactorLS=0




2022/02/17 20:49:13.953421 [INFO] Skip amplitude I1G-1J2P1C1Tof2(1270)_eta	JPCLSAmps().size(): 0	isospinCG(): 0
a2(1320)0B	mass=1.318+0-0	width=0.107+0-0	3*q=0	2*J=4	P=1	p=-2	C=1	c=-2	G=-2	theGParity=-1	2*I=2	2*I3=0	charm=0	strange=0
pion0A	mass=0.13498+0-0	width=0.0001+0-0	3*q=0	2*J=0	P=-1	p=-2	C=1	c=-2	G=-2	theGParity=-1	2*I=2	2*I3=0	charm=0	strange=0
2022/02/17 20:49:13.953449 [WARN] PwaUtils/DataUtils.cc line 114: G-Parity not valid for:-1 --> -1 * -1 
2022/02/17 20:49:13.953454 [WARN] PwaUtils/DataUtils.cc line 114: G-Parity not valid for:-1 --> -1 * -1 
2022/02/17 20:49:13.953458 [WARN] PwaUtils/DataUtils.cc line 114: G-Parity not valid for:-1 --> -1 * -1 
2022/02/17 20:49:13.953462 [INFO] _JPCLSDecAmps.size()==0 for I1G-1J2P1C1Toa2(1320)0B_pion0A

JPCLS amplitudes for decay	I1G-1J2P1C1Toa2(1320)0B_pion0A:
suffix for fit parameter name:	J2P1C1Toa2(1320)0B_pion0A
with further decay:
JPCLS amplitudes for decay	a2(1320)0BTopion0B_eta:
suffix for fit parameter name:	a2(1320)0BTopion0B_eta
JPC=2++	L,S=2,0	preFactorLS=0




2022/02/17 20:49:13.953468 [INFO] Skip amplitude I1G-1J2P1C1Toa2(1320)0B_pion0A	JPCLSAmps().size(): 0	isospinCG(): 0
a2(1320)0A	mass=1.318+0-0	width=0.107+0-0	3*q=0	2*J=4	P=1	p=-2	C=1	c=-2	G=-2	theGParity=-1	2*I=2	2*I3=0	charm=0	strange=0
pion0B	mass=0.13498+0-0	width=0.0001+0-0	3*q=0	2*J=0	P=-1	p=-2	C=1	c=-2	G=-2	theGParity=-1	2*I=2	2*I3=0	charm=0	strange=0
2022/02/17 20:49:13.953496 [WARN] PwaUtils/DataUtils.cc line 114: G-Parity not valid for:-1 --> -1 * -1 
2022/02/17 20:49:13.953500 [WARN] PwaUtils/DataUtils.cc line 114: G-Parity not valid for:-1 --> -1 * -1 
2022/02/17 20:49:13.953505 [WARN] PwaUtils/DataUtils.cc line 114: G-Parity not valid for:-1 --> -1 * -1 
2022/02/17 20:49:13.953508 [INFO] _JPCLSDecAmps.size()==0 for I1G-1J2P1C1Toa2(1320)0A_pion0B

JPCLS amplitudes for decay	I1G-1J2P1C1Toa2(1320)0A_pion0B:
suffix for fit parameter name:	J2P1C1Toa2(1320)0A_pion0B
with further decay:
JPCLS amplitudes for decay	a2(1320)0ATopion0A_eta:
suffix for fit parameter name:	a2(1320)0ATopion0A_eta
JPC=2++	L,S=2,0	preFactorLS=0




2022/02/17 20:49:13.953515 [INFO] Skip amplitude I1G-1J2P1C1Toa2(1320)0A_pion0B	JPCLSAmps().size(): 0	isospinCG(): 0
2022/02/17 20:49:13.953549 [INFO] add dynamics for J0P-1C1 dynType: WoDynamics
2022/02/17 20:49:13.953563 [INFO] Dynamics	J0P-1C1	found!!!
2022/02/17 20:49:13.953572 [INFO] Dynamics	J0P-1C1	found!!!
2022/02/17 20:49:13.953583 [INFO] add dynamics for J1P1C1 dynType: WoDynamics
2022/02/17 20:49:13.953593 [INFO] Dynamics	J1P1C1	found!!!
2022/02/17 20:49:13.953601 [INFO] Dynamics	J1P1C1	found!!!
2022/02/17 20:49:13.953611 [INFO] add dynamics for J2P1C1 dynType: WoDynamics
2022/02/17 20:49:13.953621 [INFO] Dynamics	J2P1C1	found!!!
2022/02/17 20:49:13.953629 [INFO] Dynamics	J2P1C1	found!!!
2022/02/17 20:49:13.953671 [INFO] add dynamics for f2(1270)Topion0A_pion0B dynType: BreitWigner
2022/02/17 20:49:13.953691 [INFO] add dynamics for a2(1320)0ATopion0A_eta dynType: BreitWigner
2022/02/17 20:49:13.953703 [INFO] add dynamics for a2(1320)0BTopion0B_eta dynType: BreitWigner
2022/02/17 20:49:13.953711 [INFO] I0G1J0P-1C1Tof2(1270)_eta set decay level to 0
2022/02/17 20:49:13.953717 [INFO] f2(1270)Topion0A_pion0B set decay level to 1
2022/02/17 20:49:13.953722 [INFO] I0G1J0P-1C1Toa2(1320)0B_pion0A set decay level to 0
2022/02/17 20:49:13.953726 [INFO] a2(1320)0BTopion0B_eta set decay level to 1
2022/02/17 20:49:13.953730 [INFO] I0G1J0P-1C1Toa2(1320)0A_pion0B set decay level to 0
2022/02/17 20:49:13.953735 [INFO] a2(1320)0ATopion0A_eta set decay level to 1
2022/02/17 20:49:13.953739 [INFO] I0G1J1P1C1Tof2(1270)_eta set decay level to 0
2022/02/17 20:49:13.953744 [INFO] I0G1J1P1C1Toa2(1320)0B_pion0A set decay level to 0
2022/02/17 20:49:13.953748 [INFO] I0G1J1P1C1Toa2(1320)0A_pion0B set decay level to 0
2022/02/17 20:49:13.953753 [INFO] I0G1J2P1C1Tof2(1270)_eta set decay level to 0
2022/02/17 20:49:13.953759 [INFO] I0G1J2P1C1Toa2(1320)0B_pion0A set decay level to 0
2022/02/17 20:49:13.953764 [INFO] I0G1J2P1C1Toa2(1320)0A_pion0B set decay level to 0
2022/02/17 20:49:13.953771 [ERROR] PwaUtils/GlobalEnv.cc line 194: setting up channel 0
2022/02/17 20:49:13.953775 [INFO] check complete reaction chains
2022/02/17 20:49:13.953780 [INFO] paricle name: pion0A
2022/02/17 20:49:13.953784 [INFO] paricle name: pion0B
2022/02/17 20:49:13.953787 [INFO] paricle name: eta
2022/02/17 20:49:13.953793 [INFO] reaction chains have been successfully checked!!!
2022/02/17 20:49:13.953802 [INFO] wigDWigDRefId = 1
2022/02/17 20:49:13.953808 [INFO] name of amplitude: f2(1270)Topion0A_pion0B	nameId: 1
_wigDWigDRefId = 1	_wignerDId = 2
with wignerDKey: pion0B_pion0Apion0B	wignerDRefKey: etapion0Apion0B
2022/02/17 20:49:13.953814 [INFO] wigDWigDRefId = 2
2022/02/17 20:49:13.953819 [INFO] name of amplitude: I0G1J0P-1C1Tof2(1270)_eta	nameId: 3
_wigDWigDRefId = 2	_wignerDId = 4
with wignerDKey: eta_etapion0Apion0B	wignerDRefKey: prod
2022/02/17 20:49:13.953825 [INFO] wigDWigDRefId = 3
2022/02/17 20:49:13.953829 [INFO] name of amplitude: a2(1320)0BTopion0B_eta	nameId: 5
_wigDWigDRefId = 3	_wignerDId = 6
with wignerDKey: eta_etapion0B	wignerDRefKey: etapion0Apion0B
2022/02/17 20:49:13.953836 [INFO] wigDWigDRefId = 4
2022/02/17 20:49:13.953840 [INFO] name of amplitude: I0G1J0P-1C1Toa2(1320)0B_pion0A	nameId: 7
_wigDWigDRefId = 4	_wignerDId = 8
with wignerDKey: pion0A_etapion0Apion0B	wignerDRefKey: prod
2022/02/17 20:49:13.953847 [INFO] wigDWigDRefId = 5
2022/02/17 20:49:13.953851 [INFO] name of amplitude: a2(1320)0ATopion0A_eta	nameId: 9
_wigDWigDRefId = 5	_wignerDId = 10
with wignerDKey: eta_etapion0A	wignerDRefKey: etapion0Apion0B
2022/02/17 20:49:13.953859 [INFO] wigDWigDRefId = 6
2022/02/17 20:49:13.953863 [INFO] name of amplitude: I0G1J0P-1C1Toa2(1320)0A_pion0B	nameId: 11
_wigDWigDRefId = 6	_wignerDId = 12
with wignerDKey: pion0B_etapion0Apion0B	wignerDRefKey: prod
2022/02/17 20:49:13.953869 [INFO] wigDWigDRefId = 2
2022/02/17 20:49:13.953876 [INFO] name of amplitude: I0G1J1P1C1Tof2(1270)_eta	nameId: 13
_wigDWigDRefId = 2	_wignerDId = 4
with wignerDKey: eta_etapion0Apion0B	wignerDRefKey: prod
2022/02/17 20:49:13.953882 [INFO] wigDWigDRefId = 4
2022/02/17 20:49:13.953886 [INFO] name of amplitude: I0G1J1P1C1Toa2(1320)0B_pion0A	nameId: 14
_wigDWigDRefId = 4	_wignerDId = 8
with wignerDKey: pion0A_etapion0Apion0B	wignerDRefKey: prod
2022/02/17 20:49:13.953896 [INFO] wigDWigDRefId = 6
2022/02/17 20:49:13.953900 [INFO] name of amplitude: I0G1J1P1C1Toa2(1320)0A_pion0B	nameId: 15
_wigDWigDRefId = 6	_wignerDId = 12
with wignerDKey: pion0B_etapion0Apion0B	wignerDRefKey: prod
2022/02/17 20:49:13.953906 [INFO] wigDWigDRefId = 2
2022/02/17 20:49:13.953910 [INFO] name of amplitude: I0G1J2P1C1Tof2(1270)_eta	nameId: 16
_wigDWigDRefId = 2	_wignerDId = 4
with wignerDKey: eta_etapion0Apion0B	wignerDRefKey: prod
2022/02/17 20:49:13.953916 [INFO] wigDWigDRefId = 4
2022/02/17 20:49:13.953921 [INFO] name of amplitude: I0G1J2P1C1Toa2(1320)0B_pion0A	nameId: 17
_wigDWigDRefId = 4	_wignerDId = 8
with wignerDKey: pion0A_etapion0Apion0B	wignerDRefKey: prod
2022/02/17 20:49:13.953927 [INFO] wigDWigDRefId = 6
2022/02/17 20:49:13.953932 [INFO] name of amplitude: I0G1J2P1C1Toa2(1320)0A_pion0B	nameId: 18
_wigDWigDRefId = 6	_wignerDId = 12
with wignerDKey: pion0B_etapion0Apion0B	wignerDRefKey: prod
2022/02/17 20:49:13.953939 [INFO] create likelihood object for channelType 1	 and channelID: 0
2022/02/17 20:49:13.953968 [INFO] Dynamics	J0P-1C1	found!!!
2022/02/17 20:49:13.953999 [INFO] Dynamics	f2(1270)Topion0A_pion0B	found!!!
2022/02/17 20:49:13.954006 [INFO] _fsParticleNames.at(0): pion0A
2022/02/17 20:49:13.954019 [INFO] _fsParticleNames.at(0): pion0A
2022/02/17 20:49:13.954023 [INFO] _fsParticleNames.at(1): pion0B
2022/02/17 20:49:13.954035 [INFO] _parityFactor=	1
2022/02/17 20:49:13.954053 [INFO] _fsParticleNames.at(0): pion0A
2022/02/17 20:49:13.954058 [INFO] _fsParticleNames.at(1): pion0B
2022/02/17 20:49:13.954062 [INFO] _fsParticleNames.at(2): eta
2022/02/17 20:49:13.954070 [INFO] _parityFactor=	-1
2022/02/17 20:49:13.954089 [INFO] Dynamics	J0P-1C1	found!!!
2022/02/17 20:49:13.954103 [INFO] Dynamics	a2(1320)0BTopion0B_eta	found!!!
2022/02/17 20:49:13.954109 [INFO] _fsParticleNames.at(0): pion0A
2022/02/17 20:49:13.954113 [INFO] _fsParticleNames.at(1): pion0B
2022/02/17 20:49:13.954117 [INFO] _fsParticleNames.at(0): pion0A
2022/02/17 20:49:13.954120 [INFO] _fsParticleNames.at(1): pion0B
2022/02/17 20:49:13.954124 [INFO] _fsParticleNames.at(2): eta
2022/02/17 20:49:13.954132 [INFO] _parityFactor=	1
2022/02/17 20:49:13.954142 [INFO] _fsParticleNames.at(0): pion0A
2022/02/17 20:49:13.954151 [INFO] _parityFactor=	-1
2022/02/17 20:49:13.954170 [INFO] Dynamics	J0P-1C1	found!!!
2022/02/17 20:49:13.954182 [INFO] Dynamics	a2(1320)0ATopion0A_eta	found!!!
2022/02/17 20:49:13.954187 [INFO] _fsParticleNames.at(0): pion0A
2022/02/17 20:49:13.954191 [INFO] _fsParticleNames.at(0): pion0A
2022/02/17 20:49:13.954195 [INFO] _fsParticleNames.at(1): pion0B
2022/02/17 20:49:13.954199 [INFO] _fsParticleNames.at(2): eta
2022/02/17 20:49:13.954207 [INFO] _parityFactor=	1
2022/02/17 20:49:13.954217 [INFO] _fsParticleNames.at(0): pion0A
2022/02/17 20:49:13.954221 [INFO] _fsParticleNames.at(1): pion0B
2022/02/17 20:49:13.954229 [INFO] _parityFactor=	-1
2022/02/17 20:49:13.954249 [INFO] Dynamics	J1P1C1	found!!!
2022/02/17 20:49:13.954255 [INFO] _fsParticleNames.at(0): pion0A
2022/02/17 20:49:13.954259 [INFO] _fsParticleNames.at(1): pion0B
2022/02/17 20:49:13.954263 [INFO] _fsParticleNames.at(2): eta
2022/02/17 20:49:13.954274 [INFO] _parityFactor=	1
2022/02/17 20:49:13.954301 [INFO] Dynamics	J1P1C1	found!!!
2022/02/17 20:49:13.954308 [INFO] _fsParticleNames.at(0): pion0A
2022/02/17 20:49:13.954319 [INFO] _parityFactor=	1
2022/02/17 20:49:13.954345 [INFO] Dynamics	J1P1C1	found!!!
2022/02/17 20:49:13.954352 [INFO] _fsParticleNames.at(0): pion0A
2022/02/17 20:49:13.954356 [INFO] _fsParticleNames.at(1): pion0B
2022/02/17 20:49:13.954366 [INFO] _parityFactor=	1
2022/02/17 20:49:13.954391 [INFO] Dynamics	J2P1C1	found!!!
2022/02/17 20:49:13.954399 [INFO] _fsParticleNames.at(0): pion0A
2022/02/17 20:49:13.954403 [INFO] _fsParticleNames.at(1): pion0B
2022/02/17 20:49:13.954407 [INFO] _fsParticleNames.at(2): eta
2022/02/17 20:49:13.954417 [INFO] _parityFactor=	-1
2022/02/17 20:49:13.954449 [INFO] Dynamics	J2P1C1	found!!!
2022/02/17 20:49:13.954455 [INFO] _fsParticleNames.at(0): pion0A
2022/02/17 20:49:13.954471 [INFO] _parityFactor=	-1
2022/02/17 20:49:13.954501 [INFO] Dynamics	J2P1C1	found!!!
2022/02/17 20:49:13.954508 [INFO] _fsParticleNames.at(0): pion0A
2022/02/17 20:49:13.954512 [INFO] _fsParticleNames.at(1): pion0B
2022/02/17 20:49:13.954522 [INFO] _parityFactor=	-1
2022/02/17 20:49:13.954556 [INFO] 
*** The fit parameter replacements are ***
2022/02/17 20:49:13.954561 [INFO] J0P-1C1Toa2(1320)0A_pion0B	replaced by	J0P-1C1Toa2(1320)0AB_pion0AB
2022/02/17 20:49:13.954565 [INFO] J0P-1C1Toa2(1320)0B_pion0A	replaced by	J0P-1C1Toa2(1320)0AB_pion0AB
2022/02/17 20:49:13.954569 [INFO] J1P1C1Toa2(1320)0A_pion0B	replaced by	J1P1C1Toa2(1320)0AB_pion0AB
2022/02/17 20:49:13.954572 [INFO] J1P1C1Toa2(1320)0B_pion0A	replaced by	J1P1C1Toa2(1320)0AB_pion0AB
2022/02/17 20:49:13.954576 [INFO] J2P1C1Toa2(1320)0A_pion0B	replaced by	J2P1C1Toa2(1320)0AB_pion0AB
2022/02/17 20:49:13.954579 [INFO] J2P1C1Toa2(1320)0B_pion0A	replaced by	J2P1C1Toa2(1320)0AB_pion0AB
2022/02/17 20:49:13.954582 [INFO] a2(1320)0ATopion0A_eta	replaced by	a2(1320)0ABTopion0AB_eta
2022/02/17 20:49:13.954586 [INFO] a2(1320)0BTopion0B_eta	replaced by	a2(1320)0ABTopion0AB_eta
2022/02/17 20:49:13.955015 [INFO] L2S2_J0P-1C1Tof2(1270)_etaMag	1	0.5
2022/02/17 20:49:13.955054 [INFO] L2S2_J0P-1C1Tof2(1270)_etaPhi	0	0.2
2022/02/17 20:49:13.955070 [INFO] L2S0_f2(1270)Topion0A_pion0BMag	1	0.5
2022/02/17 20:49:13.955076 [INFO] L2S0_f2(1270)Topion0A_pion0BPhi	0	0.2
2022/02/17 20:49:13.955082 [INFO] f2(1270)Mass	1.275	0.03	1.125	1.425
2022/02/17 20:49:13.955093 [INFO] f2(1270)Width	0.185	0.037	0	0.37
2022/02/17 20:49:13.955100 [INFO] L2S2_J0P-1C1Toa2(1320)0AB_pion0ABMag	1	0.5
2022/02/17 20:49:13.955106 [INFO] L2S2_J0P-1C1Toa2(1320)0AB_pion0ABPhi	0	0.2
2022/02/17 20:49:13.955112 [INFO] L2S0_a2(1320)0ABTopion0AB_etaMag	1	0.5
2022/02/17 20:49:13.955119 [INFO] L2S0_a2(1320)0ABTopion0AB_etaPhi	0	0.2
2022/02/17 20:49:13.955124 [INFO] a2(1320)0ABMass	1.318	0.03	1.168	1.468
2022/02/17 20:49:13.955131 [INFO] a2(1320)0ABWidth	0.107	0.0214	0	0.214
2022/02/17 20:49:13.955138 [INFO] L1S2_J1P1C1Tof2(1270)_etaMag	0.7071067811865475	0.3535533905932737
2022/02/17 20:49:13.955144 [INFO] L1S2_J1P1C1Tof2(1270)_etaPhi	0	0.2
2022/02/17 20:49:13.955150 [INFO] L3S2_J1P1C1Tof2(1270)_etaMag	0.7071067811865475	0.3535533905932737
2022/02/17 20:49:13.955156 [INFO] L3S2_J1P1C1Tof2(1270)_etaPhi	0	0.2
2022/02/17 20:49:13.955162 [INFO] L1S2_J1P1C1Toa2(1320)0AB_pion0ABMag	0.7071067811865475	0.3535533905932737
2022/02/17 20:49:13.955172 [INFO] L1S2_J1P1C1Toa2(1320)0AB_pion0ABPhi	0	0.2
2022/02/17 20:49:13.955179 [INFO] L3S2_J1P1C1Toa2(1320)0AB_pion0ABMag	0.7071067811865475	0.3535533905932737
2022/02/17 20:49:13.955185 [INFO] L3S2_J1P1C1Toa2(1320)0AB_pion0ABPhi	0	0.2
2022/02/17 20:49:13.955191 [INFO] L1S2_J2P1C1Tof2(1270)_etaMag	0.7071067811865475	0.3535533905932737
2022/02/17 20:49:13.955197 [INFO] L1S2_J2P1C1Tof2(1270)_etaPhi	0	0.2
2022/02/17 20:49:13.955203 [INFO] L3S2_J2P1C1Tof2(1270)_etaMag	0.7071067811865475	0.3535533905932737
2022/02/17 20:49:13.955209 [INFO] L3S2_J2P1C1Tof2(1270)_etaPhi	0	0.2
2022/02/17 20:49:13.955215 [INFO] L1S2_J2P1C1Toa2(1320)0AB_pion0ABMag	0.7071067811865475	0.3535533905932737
2022/02/17 20:49:13.955221 [INFO] L1S2_J2P1C1Toa2(1320)0AB_pion0ABPhi	0	0.2
2022/02/17 20:49:13.955227 [INFO] L3S2_J2P1C1Toa2(1320)0AB_pion0ABMag	0.7071067811865475	0.3535533905932737
2022/02/17 20:49:13.955233 [INFO] L3S2_J2P1C1Toa2(1320)0AB_pion0ABPhi	0	0.2
2022/02/17 20:49:13.955239 [INFO] channelType1pion0Apion0BetaScaling	1	0.01	0	20
2022/02/17 20:49:13.955247 [INFO] Iso1J0P-1C1	0	0.5	0	1
2022/02/17 20:49:13.955253 [INFO] Iso1J1P1C1	0	0.5	0	1
2022/02/17 20:49:13.955260 [INFO] Iso1J2P1C1	0	0.5	0	1
2022/02/17 20:49:13.955267 [INFO] J0P-1C1L0S0pbarpMag	0.5773502691896258	0.2886751345948129
2022/02/17 20:49:13.955278 [INFO] J0P-1C1L0S0pbarpPhi	0	0.2
2022/02/17 20:49:13.955285 [INFO] J1P1C1L1S1pbarpMag	0.5773502691896258	0.2886751345948129
2022/02/17 20:49:13.955291 [INFO] J1P1C1L1S1pbarpPhi	0	0.2
2022/02/17 20:49:13.955297 [INFO] J2P1C1L1S1pbarpMag	0.5773502691896258	0.2886751345948129
2022/02/17 20:49:13.955307 [INFO] J2P1C1L1S1pbarpPhi	0	0.2


 parameters in pawianParams are: 

L2S2_J0P-1C1Tof2(1270)_etaMag	1	0.5
L2S2_J0P-1C1Tof2(1270)_etaPhi	0	0.2
L2S0_f2(1270)Topion0A_pion0BMag	1	0.5
L2S0_f2(1270)Topion0A_pion0BPhi	0	0.2
f2(1270)Mass	1.275	0.03	1.125	1.425
f2(1270)Width	0.185	0.037	0	0.37
L2S2_J0P-1C1Toa2(1320)0AB_pion0ABMag	1	0.5
L2S2_J0P-1C1Toa2(1320)0AB_pion0ABPhi	0	0.2
L2S0_a2(1320)0ABTopion0AB_etaMag	1	0.5
L2S0_a2(1320)0ABTopion0AB_etaPhi	0	0.2
a2(1320)0ABMass	1.318	0.03	1.168	1.468
a2(1320)0ABWidth	0.107	0.0214	0	0.214
L1S2_J1P1C1Tof2(1270)_etaMag	0.7071067811865475	0.3535533905932737
L1S2_J1P1C1Tof2(1270)_etaPhi	0	0.2
L3S2_J1P1C1Tof2(1270)_etaMag	0.7071067811865475	0.3535533905932737
L3S2_J1P1C1Tof2(1270)_etaPhi	0	0.2
L1S2_J1P1C1Toa2(1320)0AB_pion0ABMag	0.7071067811865475	0.3535533905932737
L1S2_J1P1C1Toa2(1320)0AB_pion0ABPhi	0	0.2
L3S2_J1P1C1Toa2(1320)0AB_pion0ABMag	0.7071067811865475	0.3535533905932737
L3S2_J1P1C1Toa2(1320)0AB_pion0ABPhi	0	0.2
L1S2_J2P1C1Tof2(1270)_etaMag	0.7071067811865475	0.3535533905932737
L1S2_J2P1C1Tof2(1270)_etaPhi	0	0.2
L3S2_J2P1C1Tof2(1270)_etaMag	0.7071067811865475	0.3535533905932737
L3S2_J2P1C1Tof2(1270)_etaPhi	0	0.2
L1S2_J2P1C1Toa2(1320)0AB_pion0ABMag	0.7071067811865475	0.3535533905932737
L1S2_J2P1C1Toa2(1320)0AB_pion0ABPhi	0	0.2
L3S2_J2P1C1Toa2(1320)0AB_pion0ABMag	0.7071067811865475	0.3535533905932737
L3S2_J2P1C1Toa2(1320)0AB_pion0ABPhi	0	0.2
channelType1pion0Apion0BetaScaling	1	0.01	0	20
Iso1J0P-1C1	0	0.5	0	1
Iso1J1P1C1	0	0.5	0	1
Iso1J2P1C1	0	0.5	0	1
J0P-1C1L0S0pbarpMag	0.5773502691896258	0.2886751345948129
J0P-1C1L0S0pbarpPhi	0	0.2
J1P1C1L1S1pbarpMag	0.5773502691896258	0.2886751345948129
J1P1C1L1S1pbarpPhi	0	0.2
J2P1C1L1S1pbarpMag	0.5773502691896258	0.2886751345948129
J2P1C1L1S1pbarpPhi	0	0.2


**************** Fit parameter **************************
L2S2_J0P-1C1Tof2(1270)_etaMag	1	0.5
L2S2_J0P-1C1Tof2(1270)_etaPhi	0	0.2
L2S0_f2(1270)Topion0A_pion0BMag	1	0.5
L2S0_f2(1270)Topion0A_pion0BPhi	0	0.2
f2(1270)Mass	1.275	0.03	1.125	1.425
f2(1270)Width	0.185	0.037	0	0.37
L2S2_J0P-1C1Toa2(1320)0AB_pion0ABMag	1	0.5
L2S2_J0P-1C1Toa2(1320)0AB_pion0ABPhi	0	0.2
L2S0_a2(1320)0ABTopion0AB_etaMag	1	0.5
L2S0_a2(1320)0ABTopion0AB_etaPhi	0	0.2
a2(1320)0ABMass	1.318	0.03	1.168	1.468
a2(1320)0ABWidth	0.107	0.0214	0	0.214
L1S2_J1P1C1Tof2(1270)_etaMag	0.7071067811865475	0.3535533905932737
L1S2_J1P1C1Tof2(1270)_etaPhi	0	0.2
L3S2_J1P1C1Tof2(1270)_etaMag	0.7071067811865475	0.3535533905932737
L3S2_J1P1C1Tof2(1270)_etaPhi	0	0.2
L1S2_J1P1C1Toa2(1320)0AB_pion0ABMag	0.7071067811865475	0.3535533905932737
L1S2_J1P1C1Toa2(1320)0AB_pion0ABPhi	0	0.2
L3S2_J1P1C1Toa2(1320)0AB_pion0ABMag	0.7071067811865475	0.3535533905932737
L3S2_J1P1C1Toa2(1320)0AB_pion0ABPhi	0	0.2
L1S2_J2P1C1Tof2(1270)_etaMag	0.7071067811865475	0.3535533905932737
L1S2_J2P1C1Tof2(1270)_etaPhi	0	0.2
L3S2_J2P1C1Tof2(1270)_etaMag	0.7071067811865475	0.3535533905932737
L3S2_J2P1C1Tof2(1270)_etaPhi	0	0.2
L1S2_J2P1C1Toa2(1320)0AB_pion0ABMag	0.7071067811865475	0.3535533905932737
L1S2_J2P1C1Toa2(1320)0AB_pion0ABPhi	0	0.2
L3S2_J2P1C1Toa2(1320)0AB_pion0ABMag	0.7071067811865475	0.3535533905932737
L3S2_J2P1C1Toa2(1320)0AB_pion0ABPhi	0	0.2
channelType1pion0Apion0BetaScaling	1	0.01	0	20
Iso1J0P-1C1	0	0.5	0	1
Iso1J1P1C1	0	0.5	0	1
Iso1J2P1C1	0	0.5	0	1
J0P-1C1L0S0pbarpMag	0.5773502691896258	0.2886751345948129
J0P-1C1L0S0pbarpPhi	0	0.2
J1P1C1L1S1pbarpMag	0.5773502691896258	0.2886751345948129
J1P1C1L1S1pbarpPhi	0	0.2
J2P1C1L1S1pbarpMag	0.5773502691896258	0.2886751345948129
J2P1C1L1S1pbarpPhi	0	0.2
2022/02/17 20:49:13.955631 [INFO] Fixing scaling parameter channelType1pion0Apion0BetaScaling
2022/02/17 20:49:13.955698 [INFO] ************* Client mode ****************
2022/02/17 20:49:13.955706 [INFO] Connecting to server localhost:50001
2022/02/17 20:49:13.956891 [INFO] Received client id: 0
2022/02/17 20:49:13.956900 [INFO] Received channel id: 0
2022/02/17 20:49:13.956907 [INFO] Received data event range 0 - 7499
2022/02/17 20:49:13.956913 [INFO] Received mc event range 0 - 22499
2022/02/17 20:49:13.956994 [INFO] caching amplitudes enabled / disabled:	1
2022/02/17 20:49:13.957007 [INFO] data file: ./toyDataModel.dat
2022/02/17 20:49:13.957012 [INFO] mc file: ./toyDataMC.dat
2022/02/17 20:49:14.016441 [INFO] File has 7500 events.
2022/02/17 20:49:14.016470 [INFO] 0xaa02b0
2022/02/17 20:49:14.016476 [INFO]  Each event has 3 final state particles.

2022/02/17 20:49:14.016481 [INFO] 
2022/02/17 20:49:14.016501 [INFO] {Rank = 1 ( 0.895052,0.535594,-0.184738,0.67964) } 	m = 0.13498
2022/02/17 20:49:14.016508 [INFO] {Rank = 1 ( 0.763445,-0.586035,0.333914,0.3312) } 	m = 0.13498
2022/02/17 20:49:14.016515 [INFO] {Rank = 1 ( 0.579907,0.0504408,-0.149176,-0.11084) } 	m = 0.547
2022/02/17 20:49:14.016518 [INFO] 
2022/02/17 20:49:14.016525 [INFO] {Rank = 1 ( 0.429608,0.174923,-0.366639,-0.036355) } 	m = 0.13498
2022/02/17 20:49:14.016531 [INFO] {Rank = 1 ( 0.557083,0.198306,-0.439341,0.244492) } 	m = 0.13498
2022/02/17 20:49:14.016537 [INFO] {Rank = 1 ( 1.25171,-0.373229,0.80598,0.691863) } 	m = 0.547
2022/02/17 20:49:14.016540 [INFO] 
2022/02/17 20:49:14.016546 [INFO] {Rank = 1 ( 0.799248,-0.436834,-0.484659,0.441429) } 	m = 0.13498
2022/02/17 20:49:14.016552 [INFO] {Rank = 1 ( 0.762231,0.546747,0.10392,0.503035) } 	m = 0.13498
2022/02/17 20:49:14.016558 [INFO] {Rank = 1 ( 0.676926,-0.109913,0.380738,-0.0444645) } 	m = 0.547
2022/02/17 20:49:14.016561 [INFO] 
2022/02/17 20:49:14.016567 [INFO] {Rank = 1 ( 1.01013,-0.465964,0.143869,0.874255) } 	m = 0.13498
2022/02/17 20:49:14.016573 [INFO] {Rank = 1 ( 0.452226,0.241816,0.340827,-0.10794) } 	m = 0.13498
2022/02/17 20:49:14.016579 [INFO] {Rank = 1 ( 0.776049,0.224147,-0.484696,0.133685) } 	m = 0.547
2022/02/17 20:49:14.016583 [INFO] 
2022/02/17 20:49:14.016589 [INFO] {Rank = 1 ( 0.583329,0.277496,0.449596,-0.207153) } 	m = 0.13498
2022/02/17 20:49:14.016595 [INFO] {Rank = 1 ( 0.580046,-0.482308,-0.102408,0.274091) } 	m = 0.13498
2022/02/17 20:49:14.016600 [INFO] {Rank = 1 ( 1.07503,0.204812,-0.347188,0.833062) } 	m = 0.547
2022/02/17 20:49:14.016604 [INFO] 
2022/02/17 20:49:14.016610 [INFO] {Rank = 1 ( 0.825184,0.628111,0.128596,0.501646) } 	m = 0.13498
2022/02/17 20:49:14.016616 [INFO] {Rank = 1 ( 0.77505,-0.507307,-0.433073,0.370903) } 	m = 0.13498
2022/02/17 20:49:14.016622 [INFO] {Rank = 1 ( 0.638171,-0.120803,0.304478,0.0274509) } 	m = 0.547
2022/02/17 20:49:14.016625 [INFO] 
2022/02/17 20:49:14.016631 [INFO] {Rank = 1 ( 0.437656,-0.0519944,0.33355,-0.243648) } 	m = 0.13498
2022/02/17 20:49:14.016637 [INFO] {Rank = 1 ( 0.724147,-0.523439,-0.0351057,0.480571) } 	m = 0.13498
2022/02/17 20:49:14.016643 [INFO] {Rank = 1 ( 1.0766,0.575433,-0.298444,0.663077) } 	m = 0.547
2022/02/17 20:49:14.016646 [INFO] 
2022/02/17 20:49:14.016652 [INFO] {Rank = 1 ( 0.941827,0.312008,0.389387,0.787304) } 	m = 0.13498
2022/02/17 20:49:14.016658 [INFO] {Rank = 1 ( 0.493924,0.150186,-0.184066,0.411467) } 	m = 0.13498
2022/02/17 20:49:14.016664 [INFO] {Rank = 1 ( 0.802654,-0.462194,-0.205321,-0.298771) } 	m = 0.547
2022/02/17 20:49:14.016668 [INFO] 
2022/02/17 20:49:14.016674 [INFO] {Rank = 1 ( 1.1533,-0.567113,-0.0199579,0.994923) } 	m = 0.134981
2022/02/17 20:49:14.016680 [INFO] {Rank = 1 ( 0.460378,0.339285,-0.0687907,-0.271812) } 	m = 0.13498
2022/02/17 20:49:14.016686 [INFO] {Rank = 1 ( 0.624724,0.227827,0.0887486,0.176888) } 	m = 0.547
2022/02/17 20:49:14.016689 [INFO] 
2022/02/17 20:49:14.016695 [INFO] {Rank = 1 ( 0.920959,0.407522,0.0172083,0.814601) } 	m = 0.13498
2022/02/17 20:49:14.016701 [INFO] {Rank = 1 ( 0.539121,-0.205569,-0.411295,-0.247003) } 	m = 0.13498
2022/02/17 20:49:14.016707 [INFO] {Rank = 1 ( 0.778325,-0.201954,0.394086,0.332402) } 	m = 0.547
2022/02/17 20:49:14.016710 [INFO] 
2022/02/17 20:49:14.191994 [INFO] File has 22500 events.
2022/02/17 20:49:14.192039 [INFO] 0xe3f1d0
2022/02/17 20:49:14.192052 [INFO]  Each event has 3 final state particles.

2022/02/17 20:49:14.192056 [INFO] 
2022/02/17 20:49:14.192067 [INFO] {Rank = 1 ( 1.11855,0.359022,0.630611,0.840454) } 	m = 0.134979
2022/02/17 20:49:14.192075 [INFO] {Rank = 1 ( 0.255622,-0.187835,-0.00603172,-0.108649) } 	m = 0.13498
2022/02/17 20:49:14.192081 [INFO] {Rank = 1 ( 0.864235,-0.171188,-0.624579,0.168195) } 	m = 0.547
2022/02/17 20:49:14.192092 [INFO] 
2022/02/17 20:49:14.192098 [INFO] {Rank = 1 ( 0.801062,0.214112,0.290655,0.702251) } 	m = 0.13498
2022/02/17 20:49:14.192105 [INFO] {Rank = 1 ( 0.74195,-0.226143,-0.692113,0.0459297) } 	m = 0.13498
2022/02/17 20:49:14.192111 [INFO] {Rank = 1 ( 0.695393,0.0120315,0.401458,0.151819) } 	m = 0.547
2022/02/17 20:49:14.192114 [INFO] 
2022/02/17 20:49:14.192120 [INFO] {Rank = 1 ( 0.496833,0.225355,-0.198797,-0.371912) } 	m = 0.13498
2022/02/17 20:49:14.192126 [INFO] {Rank = 1 ( 0.255013,-0.0377543,-0.210133,-0.0350812) } 	m = 0.13498
2022/02/17 20:49:14.192132 [INFO] {Rank = 1 ( 1.48656,-0.187601,0.40893,1.30699) } 	m = 0.547
2022/02/17 20:49:14.192136 [INFO] 
2022/02/17 20:49:14.192142 [INFO] {Rank = 1 ( 1.00101,0.477393,0.580764,0.646999) } 	m = 0.13498
2022/02/17 20:49:14.192148 [INFO] {Rank = 1 ( 0.464263,-0.410962,-0.150165,-0.0766908) } 	m = 0.13498
2022/02/17 20:49:14.192154 [INFO] {Rank = 1 ( 0.773133,-0.0664313,-0.4306,0.329692) } 	m = 0.547
2022/02/17 20:49:14.192157 [INFO] 
2022/02/17 20:49:14.192163 [INFO] {Rank = 1 ( 0.524977,0.11189,0.460829,-0.180271) } 	m = 0.13498
2022/02/17 20:49:14.192169 [INFO] {Rank = 1 ( 0.372914,-0.260326,-0.20399,-0.107066) } 	m = 0.13498
2022/02/17 20:49:14.192175 [INFO] {Rank = 1 ( 1.34051,0.148437,-0.256839,1.18734) } 	m = 0.547
2022/02/17 20:49:14.192179 [INFO] 
2022/02/17 20:49:14.192185 [INFO] {Rank = 1 ( 0.445075,-0.334981,-0.0974529,0.24117) } 	m = 0.13498
2022/02/17 20:49:14.192191 [INFO] {Rank = 1 ( 0.659975,0.57336,-0.0527404,-0.292958) } 	m = 0.13498
2022/02/17 20:49:14.192197 [INFO] {Rank = 1 ( 1.13335,-0.238379,0.150193,0.951788) } 	m = 0.547
2022/02/17 20:49:14.192200 [INFO] 
2022/02/17 20:49:14.192206 [INFO] {Rank = 1 ( 0.908149,0.830147,0.022449,0.341857) } 	m = 0.13498
2022/02/17 20:49:14.192212 [INFO] {Rank = 1 ( 0.408432,-0.383789,-0.0107301,-0.0344602) } 	m = 0.13498
2022/02/17 20:49:14.192218 [INFO] {Rank = 1 ( 0.921824,-0.446358,-0.0117189,0.592603) } 	m = 0.547
2022/02/17 20:49:14.192222 [INFO] 
2022/02/17 20:49:14.192227 [INFO] {Rank = 1 ( 0.454618,0.223414,-0.116074,0.353654) } 	m = 0.13498
2022/02/17 20:49:14.192233 [INFO] {Rank = 1 ( 0.707416,-0.448299,0.443076,-0.291426) } 	m = 0.13498
2022/02/17 20:49:14.192239 [INFO] {Rank = 1 ( 1.07637,0.224885,-0.327001,0.837772) } 	m = 0.547
2022/02/17 20:49:14.192243 [INFO] 
2022/02/17 20:49:14.192248 [INFO] {Rank = 1 ( 0.756354,0.488329,0.142725,0.543153) } 	m = 0.13498
2022/02/17 20:49:14.192254 [INFO] {Rank = 1 ( 0.429698,0.232218,0.323399,0.0889319) } 	m = 0.13498
2022/02/17 20:49:14.192260 [INFO] {Rank = 1 ( 1.05235,-0.720547,-0.466125,0.267915) } 	m = 0.547
2022/02/17 20:49:14.192264 [INFO] 
2022/02/17 20:49:14.192270 [INFO] {Rank = 1 ( 0.351295,-0.155668,-0.20349,-0.198866) } 	m = 0.13498
2022/02/17 20:49:14.192275 [INFO] {Rank = 1 ( 1.14357,0.471915,0.532122,0.885257) } 	m = 0.134981
2022/02/17 20:49:14.192281 [INFO] {Rank = 1 ( 0.743538,-0.316248,-0.328631,0.213609) } 	m = 0.547
2022/02/17 20:49:14.192285 [INFO] 
2022/02/17 20:49:14.192304 [INFO] 4vec calculation for event 0
2022/02/17 20:49:14.192587 [INFO] 4vec all in lab system
 px: -1.49012e-08	 py: -1.49012e-08	 pz: 0.9	 e : 2.2384	 m : 2.0495
2022/02/17 20:49:14.264804 [INFO] 4vec calculation for event 500
2022/02/17 20:49:14.340282 [INFO] 4vec calculation for event 1000
2022/02/17 20:49:14.412012 [INFO] 4vec calculation for event 1500
2022/02/17 20:49:14.483568 [INFO] 4vec calculation for event 2000
2022/02/17 20:49:14.555263 [INFO] 4vec calculation for event 2500
2022/02/17 20:49:14.628445 [INFO] 4vec calculation for event 3000
2022/02/17 20:49:14.701717 [INFO] 4vec calculation for event 3500
2022/02/17 20:49:14.773321 [INFO] 4vec calculation for event 4000
2022/02/17 20:49:14.845127 [INFO] 4vec calculation for event 4500
2022/02/17 20:49:14.916822 [INFO] 4vec calculation for event 5000
2022/02/17 20:49:14.988573 [INFO] 4vec calculation for event 5500
2022/02/17 20:49:15.060258 [INFO] 4vec calculation for event 6000
2022/02/17 20:49:15.131931 [INFO] 4vec calculation for event 6500
2022/02/17 20:49:15.203565 [INFO] 4vec calculation for event 7000
2022/02/17 20:49:15.275220 [INFO] 4vec calculation for event 0
2022/02/17 20:49:15.275395 [INFO] 4vec all in lab system
 px: -1.49012e-08	 py: 3.63216e-08	 pz: 0.9	 e : 2.2384	 m : 2.0495
2022/02/17 20:49:15.347049 [INFO] 4vec calculation for event 500
2022/02/17 20:49:15.418838 [INFO] 4vec calculation for event 1000
2022/02/17 20:49:15.490593 [INFO] 4vec calculation for event 1500
2022/02/17 20:49:15.562355 [INFO] 4vec calculation for event 2000
2022/02/17 20:49:15.634214 [INFO] 4vec calculation for event 2500
2022/02/17 20:49:15.705972 [INFO] 4vec calculation for event 3000
2022/02/17 20:49:15.777818 [INFO] 4vec calculation for event 3500
2022/02/17 20:49:15.849528 [INFO] 4vec calculation for event 4000
2022/02/17 20:49:15.921499 [INFO] 4vec calculation for event 4500
2022/02/17 20:49:15.993240 [INFO] 4vec calculation for event 5000
2022/02/17 20:49:16.064914 [INFO] 4vec calculation for event 5500
2022/02/17 20:49:16.136684 [INFO] 4vec calculation for event 6000
2022/02/17 20:49:16.208458 [INFO] 4vec calculation for event 6500
2022/02/17 20:49:16.280255 [INFO] 4vec calculation for event 7000
2022/02/17 20:49:16.352083 [INFO] 4vec calculation for event 7500
2022/02/17 20:49:16.423918 [INFO] 4vec calculation for event 8000
2022/02/17 20:49:16.495510 [INFO] 4vec calculation for event 8500
2022/02/17 20:49:16.567187 [INFO] 4vec calculation for event 9000
2022/02/17 20:49:16.639127 [INFO] 4vec calculation for event 9500
2022/02/17 20:49:16.710874 [INFO] 4vec calculation for event 10000
2022/02/17 20:49:16.711049 [INFO] 4vec all in lab system
 px: 1.49012e-08	 py: 1.49012e-08	 pz: 0.9	 e : 2.2384	 m : 2.0495
2022/02/17 20:49:16.783746 [INFO] 4vec calculation for event 10500
2022/02/17 20:49:16.855492 [INFO] 4vec calculation for event 11000
2022/02/17 20:49:16.927351 [INFO] 4vec calculation for event 11500
2022/02/17 20:49:16.999086 [INFO] 4vec calculation for event 12000
2022/02/17 20:49:17.070794 [INFO] 4vec calculation for event 12500
2022/02/17 20:49:17.142508 [INFO] 4vec calculation for event 13000
2022/02/17 20:49:17.214465 [INFO] 4vec calculation for event 13500
2022/02/17 20:49:17.286593 [INFO] 4vec calculation for event 14000
2022/02/17 20:49:17.358584 [INFO] 4vec calculation for event 14500
2022/02/17 20:49:17.430459 [INFO] 4vec calculation for event 15000
2022/02/17 20:49:17.502502 [INFO] 4vec calculation for event 15500
2022/02/17 20:49:17.574406 [INFO] 4vec calculation for event 16000
2022/02/17 20:49:17.646583 [INFO] 4vec calculation for event 16500
2022/02/17 20:49:17.718436 [INFO] 4vec calculation for event 17000
2022/02/17 20:49:17.790404 [INFO] 4vec calculation for event 17500
2022/02/17 20:49:17.862303 [INFO] 4vec calculation for event 18000
2022/02/17 20:49:17.934173 [INFO] 4vec calculation for event 18500
2022/02/17 20:49:18.006132 [INFO] 4vec calculation for event 19000
2022/02/17 20:49:18.078042 [INFO] 4vec calculation for event 19500
2022/02/17 20:49:18.149874 [INFO] 4vec calculation for event 20000
2022/02/17 20:49:18.150045 [INFO] 4vec all in lab system
 px: 0	 py: 0	 pz: 0.9	 e : 2.2384	 m : 2.0495
2022/02/17 20:49:18.221740 [INFO] 4vec calculation for event 20500
2022/02/17 20:49:18.293692 [INFO] 4vec calculation for event 21000
2022/02/17 20:49:18.365615 [INFO] 4vec calculation for event 21500
2022/02/17 20:49:18.437525 [INFO] 4vec calculation for event 22000
2022/02/17 21:07:21.058103 [INFO] Received goodbye. Exiting.
